<html>
<body>
<pre>
<h1>µVision Build Log</h1>
<h2>Project:</h2>
F:\GitHub\STM32_study\STM32_study\mpu6050\Project\c8.uvprojx
Project File Date:  08/01/2017

<h2>Output:</h2>
Build target 'Target 1'
linking...
..\Output\c8.axf: Warning: L6304W: Duplicate input file ..\output\stm32f10x_tim.o ignored.
Program Size: Code=15192 RO-data=3584 RW-data=900 ZI-data=1124  
Finished: 0 information, 1 warning and 0 error messages.
FromELF: creating hex file...
"..\Output\c8.axf" - 0 Error(s), 1 Warning(s).

<h2>Software Packages used:</h2>

Package Vendor: Keil
                http://www.keil.com/pack/Keil.STM32F1xx_DFP.2.1.0.pack
                Keil::Device:StdPeriph Drivers:TIM:3.5.0
                STMicroelectronics STM32F1 Series Device Support, Drivers and Examples
   * Component: TIM Version: 3.5.0

<h2>Collection of Component include folders:</h2>
  F:\GitHub\STM32_study\STM32_study\mpu6050\Project\RTE
  E:\Keil_v5\ARM\PACK\Keil\STM32F1xx_DFP\2.1.0
  E:\Keil_v5\ARM\PACK\Keil\STM32F1xx_DFP\2.1.0\Device\StdPeriph_Driver\inc

<h2>Collection of Component Files used:</h2>

   * Component: Keil::Device:StdPeriph Drivers:TIM:3.5.0
      Source file:   Device\StdPeriph_Driver\src\stm32f10x_tim.c
      Include file:  Device\StdPeriph_Driver\inc\stm32f10x_tim.h
</pre>
</body>
</html>
