<html>
<body>
<pre>
<h1>µVision Build Log</h1>
<h2>Project:</h2>
F:\GitHub\STM32_study\STM32_study\mpu6050\Project\c8.uvprojx
Project File Date:  07/30/2017

<h2>Output:</h2>
Rebuild target 'Target 1'
assembling startup_stm32f10x_hd.s...
compiling core_cm3.c...
compiling system_stm32f10x.c...
compiling stm32f10x_adc.c...
compiling misc.c...
compiling stm32f10x_bkp.c...
compiling stm32f10x_can.c...
compiling stm32f10x_cec.c...
compiling stm32f10x_crc.c...
compiling stm32f10x_dac.c...
compiling stm32f10x_dbgmcu.c...
compiling stm32f10x_dma.c...
compiling stm32f10x_exti.c...
compiling stm32f10x_flash.c...
compiling stm32f10x_fsmc.c...
compiling stm32f10x_gpio.c...
compiling stm32f10x_i2c.c...
compiling stm32f10x_iwdg.c...
compiling stm32f10x_pwr.c...
compiling stm32f10x_rcc.c...
compiling stm32f10x_rtc.c...
compiling stm32f10x_sdio.c...
compiling stm32f10x_spi.c...
compiling stm32f10x_tim.c...
compiling stm32f10x_usart.c...
compiling stm32f10x_wwdg.c...
compiling main.c...
compiling stm32f10x_it.c...
compiling delay.c...
compiling moto.c...
..\BSP\src\moto.c(153): warning:  #1-D: last line of file ends without a newline
  }
..\BSP\src\moto.c: 1 warning, 0 errors
compiling oled.c...
compiling Tim_PWM_IN.c...
compiling time.c...
compiling Encoder.c...
compiling I2C.c...
compiling IMU.c...
..\BSP\src\IMU.c(186): warning:  #177-D: variable "Xr" was declared but never referenced
        int16_t Xr,Yr;
..\BSP\src\IMU.c(186): warning:  #177-D: variable "Yr" was declared but never referenced
        int16_t Xr,Yr;
..\BSP\src\IMU.c(189): warning:  #177-D: variable "angz" was declared but never referenced
        float angx,angy,angz;
..\BSP\src\IMU.c: 3 warnings, 0 errors
compiling mpu6050.c...
compiling stm32f10x_tim.c...
linking...
..\Output\c8.axf: Warning: L6304W: Duplicate input file ..\output\stm32f10x_tim.o ignored.
Program Size: Code=15192 RO-data=3584 RW-data=900 ZI-data=1124  
Finished: 0 information, 1 warning and 0 error messages.
FromELF: creating hex file...
"..\Output\c8.axf" - 0 Error(s), 5 Warning(s).

<h2>Software Packages used:</h2>

Package Vendor: Keil
                http://www.keil.com/pack/Keil.STM32F1xx_DFP.2.1.0.pack
                Keil::Device:StdPeriph Drivers:TIM:3.5.0
                STMicroelectronics STM32F1 Series Device Support, Drivers and Examples
   * Component: TIM Version: 3.5.0

<h2>Collection of Component include folders:</h2>
  F:\GitHub\STM32_study\STM32_study\mpu6050\Project\RTE
  E:\Keil_v5\ARM\PACK\Keil\STM32F1xx_DFP\2.1.0
  E:\Keil_v5\ARM\PACK\Keil\STM32F1xx_DFP\2.1.0\Device\StdPeriph_Driver\inc

<h2>Collection of Component Files used:</h2>

   * Component: Keil::Device:StdPeriph Drivers:TIM:3.5.0
      Source file:   Device\StdPeriph_Driver\src\stm32f10x_tim.c
      Include file:  Device\StdPeriph_Driver\inc\stm32f10x_tim.h
Load "..\\Output\\c8.axf" 
Set JLink Project File to "F:\GitHub\STM32_study\STM32_study\mpu6050\Project\JLinkSettings.ini"
* JLink Info: Device "STM32F103VE" selected (512 KB flash, 64 KB RAM).
 
JLink info:
------------
DLL: V4.80g, compiled Feb 13 2014 20:50:02
Firmware: J-Link ARM V8 compiled Nov 28 2014 13:44:46
Hardware: V8.00
S/N : 286370559 
Feature(s) : RDI,FlashDL,FlashBP,JFlash 
 
* JLink Info: TotalIRLen = 9, IRPrint = 0x0011
* JLink Info: TotalIRLen = 9, IRPrint = 0x0011
* JLink Info: Found Cortex-M3 r1p1, Little endian.
* JLink Info: FPUnit: 6 code (BP) slots and 2 literal slots
* JLink Info: TPIU fitted.
* JLink Info: ETM fitted.
ROMTableAddr = 0xE00FF003
 
Target info:
------------
Device: STM32F103VE
VTarget = 3.287V
State of Pins: 
TCK: 1, TDI: 0, TDO: 1, TMS: 0, TRES: 1, TRST: 1
Hardware-Breakpoints: 6
Software-Breakpoints: 8192
Watchpoints:          4
JTAG speed: 9600 kHz
 
Erase Done.
Programming Done.
Verify OK.
Application running ...
</pre>
</body>
</html>
\I2C.c: 2 warnings, 22 errors
compiling IMU.c...
..\BSP\src\IMU.c(186): warning:  #177-D: variable "Xr" was declared but never referenced
        int16_t Xr,Yr;
..\BSP\src\IMU.c(186): warning:  #177-D: variable "Yr" was declared but never referenced
        int16_t Xr,Yr;
..\BSP\src\IMU.c(189): warning:  #177-D: variable "angz" was declared but never referenced
        float angx,angy,angz;
..\BSP\src\IMU.c: 3 warnings, 0 errors
compiling mpu6050.c...
compiling stm32f10x_tim.c...
"..\Output\c8.axf" - 22 Error(s), 6 Warning(s).

<h2>Software Packages used:</h2>

Package Vendor: Keil
                http://www.keil.com/pack/Keil.STM32F1xx_DFP.2.1.0.pack
                Keil::Device:StdPeriph Drivers:TIM:3.5.0
                STMicroelectronics STM32F1 Series Device Support, Drivers and Examples
   * Component: TIM Version: 3.5.0

<h2>Collection of Component include folders:</h2>
  F:\GitHub\STM32_study\STM32_study\mpu6050\Project\RTE
  E:\Keil_v5\ARM\PACK\Keil\STM32F1xx_DFP\2.1.0
  E:\Keil_v5\ARM\PACK\Keil\STM32F1xx_DFP\2.1.0\Device\StdPeriph_Driver\inc

<h2>Collection of Component Files used:</h2>

   * Component: Keil::Device:StdPeriph Drivers:TIM:3.5.0
      Source file:   Device\StdPeriph_Driver\src\stm32f10x_tim.c
      Include file:  Device\StdPeriph_Driver\inc\stm32f10x_tim.h
Target not created
