Product: MDK-ARM Standard 5.10
Component: ARM Compiler 5.04 update 1 (build 49)
Tool: armlink [5040049]

==============================================================================

Section Cross References

    startup_stm32f10x_hd.o(RESET) refers to startup_stm32f10x_hd.o(STACK) for __initial_sp
    startup_stm32f10x_hd.o(RESET) refers to startup_stm32f10x_hd.o(.text) for Reset_Handler
    startup_stm32f10x_hd.o(RESET) refers to stm32f10x_it.o(.text) for WWDG_IRQHandler
    startup_stm32f10x_hd.o(.text) refers to system_stm32f10x.o(.text) for SystemInit
    startup_stm32f10x_hd.o(.text) refers to entry.o(.ARM.Collect$$$$00000000) for __main
    system_stm32f10x.o(.text) refers to system_stm32f10x.o(.data) for SystemCoreClock
    stm32f10x_adc.o(.text) refers to stm32f10x_rcc.o(.text) for RCC_APB2PeriphResetCmd
    stm32f10x_bkp.o(.text) refers to stm32f10x_rcc.o(.text) for RCC_BackupResetCmd
    stm32f10x_can.o(.text) refers to stm32f10x_rcc.o(.text) for RCC_APB1PeriphResetCmd
    stm32f10x_cec.o(.text) refers to stm32f10x_rcc.o(.text) for RCC_APB1PeriphResetCmd
    stm32f10x_dac.o(.text) refers to stm32f10x_rcc.o(.text) for RCC_APB1PeriphResetCmd
    stm32f10x_gpio.o(.text) refers to stm32f10x_rcc.o(.text) for RCC_APB2PeriphResetCmd
    stm32f10x_i2c.o(.text) refers to stm32f10x_rcc.o(.text) for RCC_APB1PeriphResetCmd
    stm32f10x_pwr.o(.text) refers to stm32f10x_rcc.o(.text) for RCC_APB1PeriphResetCmd
    stm32f10x_rcc.o(.text) refers to stm32f10x_rcc.o(.data) for APBAHBPrescTable
    stm32f10x_spi.o(.text) refers to stm32f10x_rcc.o(.text) for RCC_APB2PeriphResetCmd
    stm32f10x_tim.o(.text) refers to stm32f10x_rcc.o(.text) for RCC_APB2PeriphResetCmd
    stm32f10x_usart.o(.text) refers to stm32f10x_rcc.o(.text) for RCC_APB2PeriphResetCmd
    stm32f10x_wwdg.o(.text) refers to stm32f10x_rcc.o(.text) for RCC_APB1PeriphResetCmd
    main.o(.text) refers to stm32f10x_rcc.o(.text) for RCC_APB2PeriphClockCmd
    main.o(.text) refers to stm32f10x_gpio.o(.text) for GPIO_Init
    main.o(.text) refers to stm32f10x_usart.o(.text) for USART_Init
    main.o(.text) refers to misc.o(.text) for NVIC_Init
    main.o(.text) refers to oled.o(.text) for OLED_Init
    main.o(.text) refers to delay.o(.text) for delay_init
    main.o(.text) refers to main.o(.data) for data1
    stm32f10x_it.o(.text) refers to stm32f10x_usart.o(.text) for USART_GetITStatus
    stm32f10x_it.o(.text) refers to main.o(.data) for flag
    delay.o(.text) refers to delay.o(.data) for fac_us
    moto.o(.text) refers to stm32f10x_rcc.o(.text) for RCC_APB1PeriphClockCmd
    moto.o(.text) refers to stm32f10x_tim.o(.text) for TIM_TimeBaseInit
    moto.o(.text) refers to stm32f10x_gpio.o(.text) for GPIO_PinRemapConfig
    oled.o(.text) refers to stm32f10x_gpio.o(.text) for GPIO_SetBits
    oled.o(.text) refers to stm32f10x_rcc.o(.text) for RCC_APB2PeriphClockCmd
    oled.o(.text) refers to cdcmple.o(.text) for __aeabi_cdcmple
    oled.o(.text) refers to dfixi.o(.text) for __aeabi_d2iz
    oled.o(.text) refers to dflti.o(.text) for __aeabi_i2d
    oled.o(.text) refers to dadd.o(.text) for __aeabi_drsub
    oled.o(.text) refers to dmul.o(.text) for __aeabi_dmul
    oled.o(.text) refers to dfixui.o(.text) for __aeabi_d2uiz
    oled.o(.text) refers to oled.o(.constdata) for F6x8
    oled.o(.text) refers to dfltui.o(.text) for __aeabi_ui2d
    oled.o(.text) refers to oled.o(.data) for longqiu96x64
    tim_pwm_in.o(.text) refers to stm32f10x_rcc.o(.text) for RCC_APB1PeriphClockCmd
    tim_pwm_in.o(.text) refers to stm32f10x_gpio.o(.text) for GPIO_PinRemapConfig
    tim_pwm_in.o(.text) refers to stm32f10x_tim.o(.text) for TIM_TimeBaseInit
    time.o(.text) refers to stm32f10x_rcc.o(.text) for RCC_APB1PeriphClockCmd
    time.o(.text) refers to stm32f10x_tim.o(.text) for TIM_DeInit
    time.o(.text) refers to misc.o(.text) for NVIC_PriorityGroupConfig
    encoder.o(.text) refers to stm32f10x_rcc.o(.text) for RCC_APB1PeriphClockCmd
    encoder.o(.text) refers to stm32f10x_gpio.o(.text) for GPIO_StructInit
    encoder.o(.text) refers to misc.o(.text) for NVIC_Init
    encoder.o(.text) refers to stm32f10x_tim.o(.text) for TIM_DeInit
    encoder.o(.text) refers to dflti.o(.text) for __aeabi_i2d
    encoder.o(.text) refers to dmul.o(.text) for __aeabi_dmul
    encoder.o(.text) refers to ddiv.o(.text) for __aeabi_ddiv
    encoder.o(.text) refers to dfixi.o(.text) for __aeabi_d2iz
    encoder.o(.text) refers to ldiv.o(.text) for __aeabi_ldivmod
    encoder.o(.text) refers to encoder.o(.bss) for hSpeed_Buffer
    encoder.o(.text) refers to encoder.o(.data) for bIs_First_Measurement
    i2c.o(.text) refers to stm32f10x_rcc.o(.text) for RCC_APB2PeriphClockCmd
    i2c.o(.text) refers to stm32f10x_gpio.o(.text) for GPIO_Init
    imu.o(.text) refers to dadd.o(.text) for __aeabi_dadd
    imu.o(.text) refers to ddiv.o(.text) for __aeabi_ddiv
    imu.o(.text) refers to dmul.o(.text) for __aeabi_dmul
    imu.o(.text) refers to fmul.o(.text) for __aeabi_fmul
    imu.o(.text) refers to fadd.o(.text) for __aeabi_frsub
    imu.o(.text) refers to cfcmple.o(.text) for __aeabi_cfcmple
    imu.o(.text) refers to fdiv.o(.text) for __aeabi_fdiv
    imu.o(.text) refers to cfrcmple.o(.text) for __aeabi_cfrcmple
    imu.o(.text) refers to f2d.o(.text) for __aeabi_f2d
    imu.o(.text) refers to d2f.o(.text) for __aeabi_d2f
    imu.o(.text) refers to mpu6050.o(.text) for MPU6050_Dataanl
    imu.o(.text) refers to dflti.o(.text) for __aeabi_i2d
    imu.o(.text) refers to dfixi.o(.text) for __aeabi_d2iz
    imu.o(.text) refers to imu.o(.data) for x_last
    imu.o(.text) refers to mpu6050.o(.bss) for sensor
    imu.o(.text) refers to atan2.o(i.atan2) for atan2
    imu.o(.text) refers to asin.o(i.asin) for asin
    imu.o(.text) refers to cdrcmple.o(.text) for __aeabi_cdrcmple
    imu.o(.text) refers to cdcmple.o(.text) for __aeabi_cdcmple
    imu.o(.text) refers to imu.o(.bss) for angle
    imu.o(.text) refers to fflti.o(.text) for __aeabi_i2f
    mpu6050.o(.text) refers to i2c.o(.text) for Single_Write
    mpu6050.o(.text) refers to dflti.o(.text) for __aeabi_i2d
    mpu6050.o(.text) refers to dmul.o(.text) for __aeabi_dmul
    mpu6050.o(.text) refers to dadd.o(.text) for __aeabi_dsub
    mpu6050.o(.text) refers to d2f.o(.text) for __aeabi_d2f
    mpu6050.o(.text) refers to delay.o(.text) for delay_ms
    mpu6050.o(.text) refers to mpu6050.o(.bss) for mpu6050_buffer
    asin.o(i.__softfp_asin) refers (Special) to iusefp.o(.text) for __I$use$fp
    asin.o(i.__softfp_asin) refers to asin.o(i.asin) for asin
    asin.o(i.asin) refers (Special) to iusefp.o(.text) for __I$use$fp
    asin.o(i.asin) refers to dscalb.o(.text) for __ARM_scalbn
    asin.o(i.asin) refers to dmul.o(.text) for __aeabi_dmul
    asin.o(i.asin) refers to dadd.o(.text) for __aeabi_dadd
    asin.o(i.asin) refers to errno.o(i.__set_errno) for __set_errno
    asin.o(i.asin) refers to ddiv.o(.text) for __aeabi_ddiv
    asin.o(i.asin) refers to fpclassify.o(i.__ARM_fpclassify) for __ARM_fpclassify
    asin.o(i.asin) refers to dunder.o(i.__mathlib_dbl_underflow) for __mathlib_dbl_underflow
    asin.o(i.asin) refers to poly.o(i.__kernel_poly) for __kernel_poly
    asin.o(i.asin) refers to sqrt.o(i.sqrt) for sqrt
    asin.o(i.asin) refers to asin.o(.constdata) for .constdata
    asin.o(.constdata) refers (Special) to iusefp.o(.text) for __I$use$fp
    asin_x.o(i.____softfp_asin$lsc) refers (Special) to iusefp.o(.text) for __I$use$fp
    asin_x.o(i.____softfp_asin$lsc) refers to asin_x.o(i.__asin$lsc) for __asin$lsc
    asin_x.o(i.__asin$lsc) refers (Special) to iusefp.o(.text) for __I$use$fp
    asin_x.o(i.__asin$lsc) refers to dscalb.o(.text) for __ARM_scalbn
    asin_x.o(i.__asin$lsc) refers to dmul.o(.text) for __aeabi_dmul
    asin_x.o(i.__asin$lsc) refers to dadd.o(.text) for __aeabi_dadd
    asin_x.o(i.__asin$lsc) refers to errno.o(i.__set_errno) for __set_errno
    asin_x.o(i.__asin$lsc) refers to poly.o(i.__kernel_poly) for __kernel_poly
    asin_x.o(i.__asin$lsc) refers to ddiv.o(.text) for __aeabi_ddiv
    asin_x.o(i.__asin$lsc) refers to sqrt.o(i.sqrt) for sqrt
    asin_x.o(i.__asin$lsc) refers to asin_x.o(.constdata) for .constdata
    asin_x.o(.constdata) refers (Special) to iusefp.o(.text) for __I$use$fp
    atan2.o(i.__softfp_atan2) refers (Special) to iusefp.o(.text) for __I$use$fp
    atan2.o(i.__softfp_atan2) refers to atan2.o(i.atan2) for atan2
    atan2.o(i.atan2) refers (Special) to iusefp.o(.text) for __I$use$fp
    atan2.o(i.atan2) refers to dadd.o(.text) for __aeabi_dadd
    atan2.o(i.atan2) refers to atan.o(i.atan) for atan
    atan2.o(i.atan2) refers to ddiv.o(.text) for __aeabi_ddiv
    atan2.o(i.atan2) refers to qnan.o(.constdata) for __mathlib_zero
    atan2_x.o(i.____softfp_atan2$lsc) refers (Special) to iusefp.o(.text) for __I$use$fp
    atan2_x.o(i.____softfp_atan2$lsc) refers to atan2_x.o(i.__atan2$lsc) for __atan2$lsc
    atan2_x.o(i.__atan2$lsc) refers (Special) to iusefp.o(.text) for __I$use$fp
    atan2_x.o(i.__atan2$lsc) refers to dadd.o(.text) for __aeabi_dadd
    atan2_x.o(i.__atan2$lsc) refers to atan.o(i.atan) for atan
    atan2_x.o(i.__atan2$lsc) refers to errno.o(i.__set_errno) for __set_errno
    atan2_x.o(i.__atan2$lsc) refers to ddiv.o(.text) for __aeabi_ddiv
    atan2_x.o(i.__atan2$lsc) refers to qnan.o(.constdata) for __mathlib_zero
    entry.o(.ARM.Collect$$$$00000000) refers (Special) to entry10a.o(.ARM.Collect$$$$0000000D) for __rt_final_cpp
    entry.o(.ARM.Collect$$$$00000000) refers (Special) to entry11a.o(.ARM.Collect$$$$0000000F) for __rt_final_exit
    entry.o(.ARM.Collect$$$$00000000) refers (Special) to entry7b.o(.ARM.Collect$$$$00000008) for _main_clock
    entry.o(.ARM.Collect$$$$00000000) refers (Special) to entry8b.o(.ARM.Collect$$$$0000000A) for _main_cpp_init
    entry.o(.ARM.Collect$$$$00000000) refers (Special) to entry9a.o(.ARM.Collect$$$$0000000B) for _main_init
    entry.o(.ARM.Collect$$$$00000000) refers (Special) to entry5.o(.ARM.Collect$$$$00000004) for _main_scatterload
    entry.o(.ARM.Collect$$$$00000000) refers (Special) to entry2.o(.ARM.Collect$$$$00000001) for _main_stk
    ldiv.o(.text) refers to uldiv.o(.text) for __aeabi_uldivmod
    fadd.o(.text) refers (Special) to iusefp.o(.text) for __I$use$fp
    fadd.o(.text) refers to fepilogue.o(.text) for _float_epilogue
    fmul.o(.text) refers (Special) to iusefp.o(.text) for __I$use$fp
    fdiv.o(.text) refers (Special) to iusefp.o(.text) for __I$use$fp
    fdiv.o(.text) refers to fepilogue.o(.text) for _float_round
    dadd.o(.text) refers (Special) to iusefp.o(.text) for __I$use$fp
    dadd.o(.text) refers to llshl.o(.text) for __aeabi_llsl
    dadd.o(.text) refers to llsshr.o(.text) for __aeabi_lasr
    dadd.o(.text) refers to depilogue.o(.text) for _double_epilogue
    dmul.o(.text) refers (Special) to iusefp.o(.text) for __I$use$fp
    dmul.o(.text) refers to depilogue.o(.text) for _double_epilogue
    ddiv.o(.text) refers (Special) to iusefp.o(.text) for __I$use$fp
    ddiv.o(.text) refers to depilogue.o(.text) for _double_round
    fflti.o(.text) refers (Special) to iusefp.o(.text) for __I$use$fp
    fflti.o(.text) refers to fepilogue.o(.text) for _float_epilogue
    dflti.o(.text) refers (Special) to iusefp.o(.text) for __I$use$fp
    dflti.o(.text) refers to depilogue.o(.text) for _double_epilogue
    dfltui.o(.text) refers (Special) to iusefp.o(.text) for __I$use$fp
    dfltui.o(.text) refers to depilogue.o(.text) for _double_epilogue
    dfixi.o(.text) refers (Special) to iusefp.o(.text) for __I$use$fp
    dfixi.o(.text) refers to llushr.o(.text) for __aeabi_llsr
    dfixui.o(.text) refers (Special) to iusefp.o(.text) for __I$use$fp
    dfixui.o(.text) refers to llushr.o(.text) for __aeabi_llsr
    f2d.o(.text) refers (Special) to iusefp.o(.text) for __I$use$fp
    cdcmple.o(.text) refers (Special) to iusefp.o(.text) for __I$use$fp
    cdrcmple.o(.text) refers (Special) to iusefp.o(.text) for __I$use$fp
    d2f.o(.text) refers (Special) to iusefp.o(.text) for __I$use$fp
    d2f.o(.text) refers to fepilogue.o(.text) for _float_round
    cfcmple.o(.text) refers (Special) to iusefp.o(.text) for __I$use$fp
    cfrcmple.o(.text) refers (Special) to iusefp.o(.text) for __I$use$fp
    atan.o(i.__softfp_atan) refers (Special) to iusefp.o(.text) for __I$use$fp
    atan.o(i.__softfp_atan) refers to atan.o(i.atan) for atan
    atan.o(i.atan) refers (Special) to iusefp.o(.text) for __I$use$fp
    atan.o(i.atan) refers to dscalb.o(.text) for __ARM_scalbn
    atan.o(i.atan) refers to fpclassify.o(i.__ARM_fpclassify) for __ARM_fpclassify
    atan.o(i.atan) refers to dunder.o(i.__mathlib_dbl_underflow) for __mathlib_dbl_underflow
    atan.o(i.atan) refers to dadd.o(.text) for __aeabi_dadd
    atan.o(i.atan) refers to ddiv.o(.text) for __aeabi_ddiv
    atan.o(i.atan) refers to dmul.o(.text) for __aeabi_dmul
    atan.o(i.atan) refers to poly.o(i.__kernel_poly) for __kernel_poly
    atan.o(i.atan) refers to atan.o(.constdata) for .constdata
    atan.o(.constdata) refers (Special) to iusefp.o(.text) for __I$use$fp
    atan_x.o(i.____softfp_atan$lsc) refers (Special) to iusefp.o(.text) for __I$use$fp
    atan_x.o(i.____softfp_atan$lsc) refers to atan_x.o(i.__atan$lsc) for __atan$lsc
    atan_x.o(i.__atan$lsc) refers (Special) to iusefp.o(.text) for __I$use$fp
    atan_x.o(i.__atan$lsc) refers to dscalb.o(.text) for __ARM_scalbn
    atan_x.o(i.__atan$lsc) refers to dadd.o(.text) for __aeabi_dadd
    atan_x.o(i.__atan$lsc) refers to ddiv.o(.text) for __aeabi_ddiv
    atan_x.o(i.__atan$lsc) refers to dmul.o(.text) for __aeabi_dmul
    atan_x.o(i.__atan$lsc) refers to poly.o(i.__kernel_poly) for __kernel_poly
    atan_x.o(i.__atan$lsc) refers to atan_x.o(.constdata) for .constdata
    atan_x.o(.constdata) refers (Special) to iusefp.o(.text) for __I$use$fp
    dunder.o(i.__mathlib_dbl_underflow) refers to dscalb.o(.text) for __ARM_scalbn
    fpclassify.o(i.__ARM_fpclassify) refers (Special) to iusefp.o(.text) for __I$use$fp
    poly.o(i.__kernel_poly) refers (Special) to iusefp.o(.text) for __I$use$fp
    poly.o(i.__kernel_poly) refers to dmul.o(.text) for __aeabi_dmul
    poly.o(i.__kernel_poly) refers to dadd.o(.text) for __aeabi_dadd
    qnan.o(.constdata) refers (Special) to iusefp.o(.text) for __I$use$fp
    sqrt.o(i.__softfp_sqrt) refers (Special) to iusefp.o(.text) for __I$use$fp
    sqrt.o(i.__softfp_sqrt) refers to dsqrt.o(.text) for _dsqrt
    sqrt.o(i.__softfp_sqrt) refers to errno.o(i.__set_errno) for __set_errno
    sqrt.o(i.sqrt) refers (Special) to iusefp.o(.text) for __I$use$fp
    sqrt.o(i.sqrt) refers to dsqrt.o(.text) for _dsqrt
    sqrt.o(i.sqrt) refers to errno.o(i.__set_errno) for __set_errno
    sqrt_x.o(i.____softfp_sqrt$lsc) refers (Special) to iusefp.o(.text) for __I$use$fp
    sqrt_x.o(i.____softfp_sqrt$lsc) refers to cdcmple.o(.text) for __aeabi_cdcmple
    sqrt_x.o(i.____softfp_sqrt$lsc) refers to errno.o(i.__set_errno) for __set_errno
    sqrt_x.o(i.____softfp_sqrt$lsc) refers to dsqrt.o(.text) for _dsqrt
    sqrt_x.o(i.__sqrt$lsc) refers (Special) to iusefp.o(.text) for __I$use$fp
    sqrt_x.o(i.__sqrt$lsc) refers to cdcmple.o(.text) for __aeabi_cdcmple
    sqrt_x.o(i.__sqrt$lsc) refers to errno.o(i.__set_errno) for __set_errno
    sqrt_x.o(i.__sqrt$lsc) refers to dsqrt.o(.text) for _dsqrt
    entry2.o(.ARM.Collect$$$$00000001) refers to entry2.o(.ARM.Collect$$$$00002712) for __lit__00000000
    entry2.o(.ARM.Collect$$$$00002712) refers to startup_stm32f10x_hd.o(STACK) for __initial_sp
    entry2.o(__vectab_stack_and_reset_area) refers to startup_stm32f10x_hd.o(STACK) for __initial_sp
    entry2.o(__vectab_stack_and_reset_area) refers to entry.o(.ARM.Collect$$$$00000000) for __main
    entry5.o(.ARM.Collect$$$$00000004) refers to init.o(.text) for __scatterload
    entry9a.o(.ARM.Collect$$$$0000000B) refers to main.o(.text) for main
    entry9b.o(.ARM.Collect$$$$0000000C) refers to main.o(.text) for main
    uldiv.o(.text) refers to llushr.o(.text) for __aeabi_llsr
    uldiv.o(.text) refers to llshl.o(.text) for __aeabi_llsl
    errno.o(i.__aeabi_errno_addr) refers to errno.o(.data) for .data
    errno.o(i.__read_errno) refers to errno.o(.data) for .data
    errno.o(i.__set_errno) refers to errno.o(.data) for .data
    depilogue.o(.text) refers to llshl.o(.text) for __aeabi_llsl
    depilogue.o(.text) refers to llushr.o(.text) for __aeabi_llsr
    init.o(.text) refers to entry5.o(.ARM.Collect$$$$00000004) for __main_after_scatterload
    dsqrt.o(.text) refers to llushr.o(.text) for __aeabi_llsr
    dsqrt.o(.text) refers to depilogue.o(.text) for _double_round


==============================================================================

Removing Unused input sections from the image.

    Removing startup_stm32f10x_hd.o(HEAP), (512 bytes).
    Removing core_cm3.o(.emb_text), (32 bytes).
    Removing stm32f10x_adc.o(.text), (1102 bytes).
    Removing stm32f10x_bkp.o(.text), (196 bytes).
    Removing stm32f10x_can.o(.text), (2544 bytes).
    Removing stm32f10x_cec.o(.text), (288 bytes).
    Removing stm32f10x_crc.o(.text), (72 bytes).
    Removing stm32f10x_dac.o(.text), (396 bytes).
    Removing stm32f10x_dbgmcu.o(.text), (48 bytes).
    Removing stm32f10x_dma.o(.text), (596 bytes).
    Removing stm32f10x_exti.o(.text), (284 bytes).
    Removing stm32f10x_flash.o(.text), (1468 bytes).
    Removing stm32f10x_fsmc.o(.text), (1548 bytes).
    Removing stm32f10x_i2c.o(.text), (1028 bytes).
    Removing stm32f10x_iwdg.o(.text), (64 bytes).
    Removing stm32f10x_pwr.o(.text), (204 bytes).
    Removing stm32f10x_rtc.o(.text), (328 bytes).
    Removing stm32f10x_sdio.o(.text), (468 bytes).
    Removing stm32f10x_spi.o(.text), (780 bytes).
    Removing stm32f10x_tim.o(.text), (3610 bytes).
    Removing stm32f10x_wwdg.o(.text), (136 bytes).
    Removing moto.o(.text), (644 bytes).
    Removing tim_pwm_in.o(.text), (212 bytes).
    Removing tim_pwm_in.o(.data), (4 bytes).
    Removing time.o(.text), (292 bytes).
    Removing encoder.o(.text), (644 bytes).
    Removing encoder.o(.bss), (16 bytes).
    Removing encoder.o(.data), (12 bytes).
    Removing i2c.o(.text), (796 bytes).
    Removing imu.o(.text), (2556 bytes).
    Removing imu.o(.bss), (12 bytes).
    Removing imu.o(.data), (80 bytes).
    Removing mpu6050.o(.text), (720 bytes).
    Removing mpu6050.o(.bss), (86 bytes).
    Removing mpu6050.o(.data), (1 bytes).
    Removing fadd.o(.text), (176 bytes).
    Removing fmul.o(.text), (100 bytes).
    Removing fdiv.o(.text), (124 bytes).
    Removing ddiv.o(.text), (222 bytes).
    Removing fflti.o(.text), (18 bytes).
    Removing f2d.o(.text), (38 bytes).
    Removing cdrcmple.o(.text), (40 bytes).
    Removing d2f.o(.text), (56 bytes).
    Removing cfcmple.o(.text), (20 bytes).
    Removing cfrcmple.o(.text), (20 bytes).
    Removing fepilogue.o(.text), (110 bytes).
    Removing dscalb.o(.text), (46 bytes).
    Removing dsqrt.o(.text), (162 bytes).

48 unused section(s) (total 22911 bytes) removed from the image.

==============================================================================

Image Symbol Table

    Local Symbols

    Symbol Name                              Value     Ov Type        Size  Object(Section)

    ../clib/../cmprslib/zerorunl2.c          0x00000000   Number         0  __dczerorl2.o ABSOLUTE
    ../clib/microlib/division.c              0x00000000   Number         0  uldiv.o ABSOLUTE
    ../clib/microlib/division.c              0x00000000   Number         0  ldiv.o ABSOLUTE
    ../clib/microlib/errno.c                 0x00000000   Number         0  errno.o ABSOLUTE
    ../clib/microlib/init/entry.s            0x00000000   Number         0  entry10a.o ABSOLUTE
    ../clib/microlib/init/entry.s            0x00000000   Number         0  entry8a.o ABSOLUTE
    ../clib/microlib/init/entry.s            0x00000000   Number         0  entry7b.o ABSOLUTE
    ../clib/microlib/init/entry.s            0x00000000   Number         0  entry11b.o ABSOLUTE
    ../clib/microlib/init/entry.s            0x00000000   Number         0  entry11a.o ABSOLUTE
    ../clib/microlib/init/entry.s            0x00000000   Number         0  entry10b.o ABSOLUTE
    ../clib/microlib/init/entry.s            0x00000000   Number         0  entry7a.o ABSOLUTE
    ../clib/microlib/init/entry.s            0x00000000   Number         0  entry9b.o ABSOLUTE
    ../clib/microlib/init/entry.s            0x00000000   Number         0  entry5.o ABSOLUTE
    ../clib/microlib/init/entry.s            0x00000000   Number         0  entry2.o ABSOLUTE
    ../clib/microlib/init/entry.s            0x00000000   Number         0  entry9a.o ABSOLUTE
    ../clib/microlib/init/entry.s            0x00000000   Number         0  entry.o ABSOLUTE
    ../clib/microlib/init/entry.s            0x00000000   Number         0  entry8b.o ABSOLUTE
    ../clib/microlib/longlong.c              0x00000000   Number         0  llsshr.o ABSOLUTE
    ../clib/microlib/longlong.c              0x00000000   Number         0  llushr.o ABSOLUTE
    ../clib/microlib/longlong.c              0x00000000   Number         0  llshl.o ABSOLUTE
    ../clib/microlib/stubs.s                 0x00000000   Number         0  iusefp.o ABSOLUTE
    ../fplib/microlib/d2f.c                  0x00000000   Number         0  d2f.o ABSOLUTE
    ../fplib/microlib/f2d.c                  0x00000000   Number         0  f2d.o ABSOLUTE
    ../fplib/microlib/fpadd.c                0x00000000   Number         0  dadd.o ABSOLUTE
    ../fplib/microlib/fpadd.c                0x00000000   Number         0  fadd.o ABSOLUTE
    ../fplib/microlib/fpdiv.c                0x00000000   Number         0  fdiv.o ABSOLUTE
    ../fplib/microlib/fpdiv.c                0x00000000   Number         0  ddiv.o ABSOLUTE
    ../fplib/microlib/fpepilogue.c           0x00000000   Number         0  depilogue.o ABSOLUTE
    ../fplib/microlib/fpepilogue.c           0x00000000   Number         0  fepilogue.o ABSOLUTE
    ../fplib/microlib/fpfix.c                0x00000000   Number         0  dfixi.o ABSOLUTE
    ../fplib/microlib/fpfix.c                0x00000000   Number         0  dfixui.o ABSOLUTE
    ../fplib/microlib/fpflt.c                0x00000000   Number         0  dfltui.o ABSOLUTE
    ../fplib/microlib/fpflt.c                0x00000000   Number         0  dflti.o ABSOLUTE
    ../fplib/microlib/fpflt.c                0x00000000   Number         0  fflti.o ABSOLUTE
    ../fplib/microlib/fpmul.c                0x00000000   Number         0  fmul.o ABSOLUTE
    ../fplib/microlib/fpmul.c                0x00000000   Number         0  dmul.o ABSOLUTE
    ../fplib/microlib/fpscalb.c              0x00000000   Number         0  dscalb.o ABSOLUTE
    ../fplib/microlib/fpsqrt.c               0x00000000   Number         0  dsqrt.o ABSOLUTE
    ../mathlib/asin.c                        0x00000000   Number         0  asin_x.o ABSOLUTE
    ../mathlib/asin.c                        0x00000000   Number         0  asin.o ABSOLUTE
    ../mathlib/atan.c                        0x00000000   Number         0  atan_x.o ABSOLUTE
    ../mathlib/atan.c                        0x00000000   Number         0  atan.o ABSOLUTE
    ../mathlib/atan2.c                       0x00000000   Number         0  atan2_x.o ABSOLUTE
    ../mathlib/atan2.c                       0x00000000   Number         0  atan2.o ABSOLUTE
    ../mathlib/dunder.c                      0x00000000   Number         0  dunder.o ABSOLUTE
    ../mathlib/fpclassify.c                  0x00000000   Number         0  fpclassify.o ABSOLUTE
    ../mathlib/poly.c                        0x00000000   Number         0  poly.o ABSOLUTE
    ../mathlib/qnan.c                        0x00000000   Number         0  qnan.o ABSOLUTE
    ../mathlib/sqrt.c                        0x00000000   Number         0  sqrt.o ABSOLUTE
    ../mathlib/sqrt.c                        0x00000000   Number         0  sqrt_x.o ABSOLUTE
    ..\BSP\src\Encoder.c                     0x00000000   Number         0  encoder.o ABSOLUTE
    ..\BSP\src\I2C.c                         0x00000000   Number         0  i2c.o ABSOLUTE
    ..\BSP\src\IMU.c                         0x00000000   Number         0  imu.o ABSOLUTE
    ..\BSP\src\Tim_PWM_IN.c                  0x00000000   Number         0  tim_pwm_in.o ABSOLUTE
    ..\BSP\src\delay.c                       0x00000000   Number         0  delay.o ABSOLUTE
    ..\BSP\src\moto.c                        0x00000000   Number         0  moto.o ABSOLUTE
    ..\BSP\src\mpu6050.c                     0x00000000   Number         0  mpu6050.o ABSOLUTE
    ..\BSP\src\oled.c                        0x00000000   Number         0  oled.o ABSOLUTE
    ..\BSP\src\time.c                        0x00000000   Number         0  time.o ABSOLUTE
    ..\Lib\cmsis\core_cm3.c                  0x00000000   Number         0  core_cm3.o ABSOLUTE
    ..\Lib\cmsis\system_stm32f10x.c          0x00000000   Number         0  system_stm32f10x.o ABSOLUTE
    ..\Lib\fwlib\src\misc.c                  0x00000000   Number         0  misc.o ABSOLUTE
    ..\Lib\fwlib\src\stm32f10x_adc.c         0x00000000   Number         0  stm32f10x_adc.o ABSOLUTE
    ..\Lib\fwlib\src\stm32f10x_bkp.c         0x00000000   Number         0  stm32f10x_bkp.o ABSOLUTE
    ..\Lib\fwlib\src\stm32f10x_can.c         0x00000000   Number         0  stm32f10x_can.o ABSOLUTE
    ..\Lib\fwlib\src\stm32f10x_cec.c         0x00000000   Number         0  stm32f10x_cec.o ABSOLUTE
    ..\Lib\fwlib\src\stm32f10x_crc.c         0x00000000   Number         0  stm32f10x_crc.o ABSOLUTE
    ..\Lib\fwlib\src\stm32f10x_dac.c         0x00000000   Number         0  stm32f10x_dac.o ABSOLUTE
    ..\Lib\fwlib\src\stm32f10x_dbgmcu.c      0x00000000   Number         0  stm32f10x_dbgmcu.o ABSOLUTE
    ..\Lib\fwlib\src\stm32f10x_dma.c         0x00000000   Number         0  stm32f10x_dma.o ABSOLUTE
    ..\Lib\fwlib\src\stm32f10x_exti.c        0x00000000   Number         0  stm32f10x_exti.o ABSOLUTE
    ..\Lib\fwlib\src\stm32f10x_flash.c       0x00000000   Number         0  stm32f10x_flash.o ABSOLUTE
    ..\Lib\fwlib\src\stm32f10x_fsmc.c        0x00000000   Number         0  stm32f10x_fsmc.o ABSOLUTE
    ..\Lib\fwlib\src\stm32f10x_gpio.c        0x00000000   Number         0  stm32f10x_gpio.o ABSOLUTE
    ..\Lib\fwlib\src\stm32f10x_i2c.c         0x00000000   Number         0  stm32f10x_i2c.o ABSOLUTE
    ..\Lib\fwlib\src\stm32f10x_iwdg.c        0x00000000   Number         0  stm32f10x_iwdg.o ABSOLUTE
    ..\Lib\fwlib\src\stm32f10x_pwr.c         0x00000000   Number         0  stm32f10x_pwr.o ABSOLUTE
    ..\Lib\fwlib\src\stm32f10x_rcc.c         0x00000000   Number         0  stm32f10x_rcc.o ABSOLUTE
    ..\Lib\fwlib\src\stm32f10x_rtc.c         0x00000000   Number         0  stm32f10x_rtc.o ABSOLUTE
    ..\Lib\fwlib\src\stm32f10x_sdio.c        0x00000000   Number         0  stm32f10x_sdio.o ABSOLUTE
    ..\Lib\fwlib\src\stm32f10x_spi.c         0x00000000   Number         0  stm32f10x_spi.o ABSOLUTE
    ..\Lib\fwlib\src\stm32f10x_usart.c       0x00000000   Number         0  stm32f10x_usart.o ABSOLUTE
    ..\Lib\fwlib\src\stm32f10x_wwdg.c        0x00000000   Number         0  stm32f10x_wwdg.o ABSOLUTE
    ..\Startup\startup_stm32f10x_hd.s        0x00000000   Number         0  startup_stm32f10x_hd.o ABSOLUTE
    ..\User\main.c                           0x00000000   Number         0  main.o ABSOLUTE
    ..\User\stm32f10x_it.c                   0x00000000   Number         0  stm32f10x_it.o ABSOLUTE
    ..\\Lib\\cmsis\\core_cm3.c               0x00000000   Number         0  core_cm3.o ABSOLUTE
    E:\Keil_v5\ARM\PACK\Keil\STM32F1xx_DFP\2.1.0\Device\StdPeriph_Driver\src\stm32f10x_tim.c 0x00000000   Number         0  stm32f10x_tim.o ABSOLUTE
    cdcmple.s                                0x00000000   Number         0  cdcmple.o ABSOLUTE
    cdrcmple.s                               0x00000000   Number         0  cdrcmple.o ABSOLUTE
    cfcmple.s                                0x00000000   Number         0  cfcmple.o ABSOLUTE
    cfrcmple.s                               0x00000000   Number         0  cfrcmple.o ABSOLUTE
    dc.s                                     0x00000000   Number         0  dc.o ABSOLUTE
    handlers.s                               0x00000000   Number         0  handlers.o ABSOLUTE
    init.s                                   0x00000000   Number         0  init.o ABSOLUTE
    RESET                                    0x08000000   Section      304  startup_stm32f10x_hd.o(RESET)
    .ARM.Collect$$$$00000000                 0x08000130   Section        0  entry.o(.ARM.Collect$$$$00000000)
    .ARM.Collect$$$$00000001                 0x08000130   Section        4  entry2.o(.ARM.Collect$$$$00000001)
    .ARM.Collect$$$$00000004                 0x08000134   Section        4  entry5.o(.ARM.Collect$$$$00000004)
    .ARM.Collect$$$$00000008                 0x08000138   Section        0  entry7b.o(.ARM.Collect$$$$00000008)
    .ARM.Collect$$$$0000000A                 0x08000138   Section        0  entry8b.o(.ARM.Collect$$$$0000000A)
    .ARM.Collect$$$$0000000B                 0x08000138   Section        8  entry9a.o(.ARM.Collect$$$$0000000B)
    .ARM.Collect$$$$0000000D                 0x08000140   Section        0  entry10a.o(.ARM.Collect$$$$0000000D)
    .ARM.Collect$$$$0000000F                 0x08000140   Section        0  entry11a.o(.ARM.Collect$$$$0000000F)
    .ARM.Collect$$$$00002712                 0x08000140   Section        4  entry2.o(.ARM.Collect$$$$00002712)
    __lit__00000000                          0x08000140   Data           4  entry2.o(.ARM.Collect$$$$00002712)
    .text                                    0x08000144   Section       36  startup_stm32f10x_hd.o(.text)
    .text                                    0x08000168   Section        0  system_stm32f10x.o(.text)
    SetSysClockTo72                          0x08000169   Thumb Code   214  system_stm32f10x.o(.text)
    SetSysClock                              0x0800023f   Thumb Code     8  system_stm32f10x.o(.text)
    .text                                    0x08000348   Section        0  misc.o(.text)
    .text                                    0x08000424   Section        0  stm32f10x_gpio.o(.text)
    .text                                    0x08000780   Section        0  stm32f10x_rcc.o(.text)
    .text                                    0x08000b24   Section        0  stm32f10x_usart.o(.text)
    .text                                    0x08000f2c   Section        0  main.o(.text)
    .text                                    0x0800102c   Section        0  stm32f10x_it.o(.text)
    .text                                    0x08001124   Section        0  delay.o(.text)
    .text                                    0x080011ec   Section        0  oled.o(.text)
    .text                                    0x080021b4   Section        0  dadd.o(.text)
    .text                                    0x08002302   Section        0  dmul.o(.text)
    .text                                    0x080023e6   Section        0  dflti.o(.text)
    .text                                    0x08002408   Section        0  dfltui.o(.text)
    .text                                    0x08002422   Section        0  dfixi.o(.text)
    .text                                    0x08002460   Section        0  dfixui.o(.text)
    .text                                    0x08002494   Section       40  cdcmple.o(.text)
    .text                                    0x080024bc   Section        0  llshl.o(.text)
    .text                                    0x080024da   Section        0  llushr.o(.text)
    .text                                    0x080024fa   Section        0  llsshr.o(.text)
    .text                                    0x0800251e   Section        0  iusefp.o(.text)
    .text                                    0x0800251e   Section        0  depilogue.o(.text)
    .text                                    0x080025d4   Section       36  init.o(.text)
    .text                                    0x080025f8   Section        0  __dczerorl2.o(.text)
    i.__scatterload_copy                     0x0800264e   Section       14  handlers.o(i.__scatterload_copy)
    i.__scatterload_null                     0x0800265c   Section        2  handlers.o(i.__scatterload_null)
    i.__scatterload_zeroinit                 0x0800265e   Section       14  handlers.o(i.__scatterload_zeroinit)
    .constdata                               0x0800266c   Section     3003  oled.o(.constdata)
    .data                                    0x20000000   Section       20  system_stm32f10x.o(.data)
    .data                                    0x20000014   Section       20  stm32f10x_rcc.o(.data)
    APBAHBPrescTable                         0x20000014   Data          16  stm32f10x_rcc.o(.data)
    ADCPrescTable                            0x20000024   Data           4  stm32f10x_rcc.o(.data)
    .data                                    0x20000028   Section       12  main.o(.data)
    .data                                    0x20000034   Section        4  delay.o(.data)
    fac_us                                   0x20000034   Data           1  delay.o(.data)
    fac_ms                                   0x20000036   Data           2  delay.o(.data)
    .data                                    0x20000038   Section      768  oled.o(.data)
    STACK                                    0x20000338   Section     1024  startup_stm32f10x_hd.o(STACK)

    Global Symbols

    Symbol Name                              Value     Ov Type        Size  Object(Section)

    BuildAttributes$$THM_ISAv4$P$D$K$B$S$PE$A:L22UL41UL21$X:L11$S22US41US21$IEEE1$IW$USESV6$~STKCKD$USESV7$~SHL$OTIME$ROPI$IEEEX$EBA8$MICROLIB$REQ8$PRES8$EABIv2 0x00000000   Number         0  anon$$obj.o ABSOLUTE
    __ARM_use_no_argv                        0x00000000   Number         0  main.o ABSOLUTE
    __cpp_initialize__aeabi_                  - Undefined Weak Reference
    __cxa_finalize                            - Undefined Weak Reference
    _clock_init                               - Undefined Weak Reference
    _microlib_exit                            - Undefined Weak Reference
    __Vectors_Size                           0x00000130   Number         0  startup_stm32f10x_hd.o ABSOLUTE
    __Vectors                                0x08000000   Data           4  startup_stm32f10x_hd.o(RESET)
    __Vectors_End                            0x08000130   Data           0  startup_stm32f10x_hd.o(RESET)
    __main                                   0x08000131   Thumb Code     0  entry.o(.ARM.Collect$$$$00000000)
    _main_stk                                0x08000131   Thumb Code     0  entry2.o(.ARM.Collect$$$$00000001)
    _main_scatterload                        0x08000135   Thumb Code     0  entry5.o(.ARM.Collect$$$$00000004)
    __main_after_scatterload                 0x08000139   Thumb Code     0  entry5.o(.ARM.Collect$$$$00000004)
    _main_clock                              0x08000139   Thumb Code     0  entry7b.o(.ARM.Collect$$$$00000008)
    _main_cpp_init                           0x08000139   Thumb Code     0  entry8b.o(.ARM.Collect$$$$0000000A)
    _main_init                               0x08000139   Thumb Code     0  entry9a.o(.ARM.Collect$$$$0000000B)
    __rt_final_cpp                           0x08000141   Thumb Code     0  entry10a.o(.ARM.Collect$$$$0000000D)
    __rt_final_exit                          0x08000141   Thumb Code     0  entry11a.o(.ARM.Collect$$$$0000000F)
    Reset_Handler                            0x08000145   Thumb Code     8  startup_stm32f10x_hd.o(.text)
    NMI_Handler                              0x0800014d   Thumb Code     2  startup_stm32f10x_hd.o(.text)
    HardFault_Handler                        0x0800014f   Thumb Code     2  startup_stm32f10x_hd.o(.text)
    MemManage_Handler                        0x08000151   Thumb Code     2  startup_stm32f10x_hd.o(.text)
    BusFault_Handler                         0x08000153   Thumb Code     2  startup_stm32f10x_hd.o(.text)
    UsageFault_Handler                       0x08000155   Thumb Code     2  startup_stm32f10x_hd.o(.text)
    SVC_Handler                              0x08000157   Thumb Code     2  startup_stm32f10x_hd.o(.text)
    DebugMon_Handler                         0x08000159   Thumb Code     2  startup_stm32f10x_hd.o(.text)
    PendSV_Handler                           0x0800015b   Thumb Code     2  startup_stm32f10x_hd.o(.text)
    SysTick_Handler                          0x0800015d   Thumb Code     2  startup_stm32f10x_hd.o(.text)
    CAN1_RX1_IRQHandler                      0x0800015f   Thumb Code     0  startup_stm32f10x_hd.o(.text)
    CAN1_SCE_IRQHandler                      0x0800015f   Thumb Code     0  startup_stm32f10x_hd.o(.text)
    USB_HP_CAN1_TX_IRQHandler                0x0800015f   Thumb Code     0  startup_stm32f10x_hd.o(.text)
    USB_LP_CAN1_RX0_IRQHandler               0x0800015f   Thumb Code     0  startup_stm32f10x_hd.o(.text)
    SystemInit                               0x08000247   Thumb Code    78  system_stm32f10x.o(.text)
    SystemCoreClockUpdate                    0x08000295   Thumb Code   142  system_stm32f10x.o(.text)
    NVIC_PriorityGroupConfig                 0x08000349   Thumb Code    10  misc.o(.text)
    NVIC_Init                                0x08000353   Thumb Code   100  misc.o(.text)
    NVIC_SetVectorTable                      0x080003b7   Thumb Code    14  misc.o(.text)
    NVIC_SystemLPConfig                      0x080003c5   Thumb Code    34  misc.o(.text)
    SysTick_CLKSourceConfig                  0x080003e7   Thumb Code    40  misc.o(.text)
    GPIO_DeInit                              0x08000425   Thumb Code   172  stm32f10x_gpio.o(.text)
    GPIO_AFIODeInit                          0x080004d1   Thumb Code    20  stm32f10x_gpio.o(.text)
    GPIO_Init                                0x080004e5   Thumb Code   278  stm32f10x_gpio.o(.text)
    GPIO_StructInit                          0x080005fb   Thumb Code    16  stm32f10x_gpio.o(.text)
    GPIO_ReadInputDataBit                    0x0800060b   Thumb Code    18  stm32f10x_gpio.o(.text)
    GPIO_ReadInputData                       0x0800061d   Thumb Code     8  stm32f10x_gpio.o(.text)
    GPIO_ReadOutputDataBit                   0x08000625   Thumb Code    18  stm32f10x_gpio.o(.text)
    GPIO_ReadOutputData                      0x08000637   Thumb Code     8  stm32f10x_gpio.o(.text)
    GPIO_SetBits                             0x0800063f   Thumb Code     4  stm32f10x_gpio.o(.text)
    GPIO_ResetBits                           0x08000643   Thumb Code     4  stm32f10x_gpio.o(.text)
    GPIO_WriteBit                            0x08000647   Thumb Code    10  stm32f10x_gpio.o(.text)
    GPIO_Write                               0x08000651   Thumb Code     4  stm32f10x_gpio.o(.text)
    GPIO_PinLockConfig                       0x08000655   Thumb Code    18  stm32f10x_gpio.o(.text)
    GPIO_EventOutputConfig                   0x08000667   Thumb Code    26  stm32f10x_gpio.o(.text)
    GPIO_EventOutputCmd                      0x08000681   Thumb Code     6  stm32f10x_gpio.o(.text)
    GPIO_PinRemapConfig                      0x08000687   Thumb Code   138  stm32f10x_gpio.o(.text)
    GPIO_EXTILineConfig                      0x08000711   Thumb Code    66  stm32f10x_gpio.o(.text)
    GPIO_ETH_MediaInterfaceConfig            0x08000753   Thumb Code     8  stm32f10x_gpio.o(.text)
    RCC_DeInit                               0x08000781   Thumb Code    64  stm32f10x_rcc.o(.text)
    RCC_HSEConfig                            0x080007c1   Thumb Code    70  stm32f10x_rcc.o(.text)
    RCC_GetFlagStatus                        0x08000807   Thumb Code    56  stm32f10x_rcc.o(.text)
    RCC_WaitForHSEStartUp                    0x0800083f   Thumb Code    56  stm32f10x_rcc.o(.text)
    RCC_AdjustHSICalibrationValue            0x08000877   Thumb Code    20  stm32f10x_rcc.o(.text)
    RCC_HSICmd                               0x0800088b   Thumb Code     6  stm32f10x_rcc.o(.text)
    RCC_PLLConfig                            0x08000891   Thumb Code    24  stm32f10x_rcc.o(.text)
    RCC_PLLCmd                               0x080008a9   Thumb Code     6  stm32f10x_rcc.o(.text)
    RCC_SYSCLKConfig                         0x080008af   Thumb Code    18  stm32f10x_rcc.o(.text)
    RCC_GetSYSCLKSource                      0x080008c1   Thumb Code    10  stm32f10x_rcc.o(.text)
    RCC_HCLKConfig                           0x080008cb   Thumb Code    18  stm32f10x_rcc.o(.text)
    RCC_PCLK1Config                          0x080008dd   Thumb Code    18  stm32f10x_rcc.o(.text)
    RCC_PCLK2Config                          0x080008ef   Thumb Code    20  stm32f10x_rcc.o(.text)
    RCC_ITConfig                             0x08000903   Thumb Code    26  stm32f10x_rcc.o(.text)
    RCC_USBCLKConfig                         0x0800091d   Thumb Code     8  stm32f10x_rcc.o(.text)
    RCC_ADCCLKConfig                         0x08000925   Thumb Code    18  stm32f10x_rcc.o(.text)
    RCC_LSEConfig                            0x08000937   Thumb Code    50  stm32f10x_rcc.o(.text)
    RCC_LSICmd                               0x08000969   Thumb Code     6  stm32f10x_rcc.o(.text)
    RCC_RTCCLKConfig                         0x0800096f   Thumb Code    12  stm32f10x_rcc.o(.text)
    RCC_RTCCLKCmd                            0x0800097b   Thumb Code     8  stm32f10x_rcc.o(.text)
    RCC_GetClocksFreq                        0x08000983   Thumb Code   192  stm32f10x_rcc.o(.text)
    RCC_AHBPeriphClockCmd                    0x08000a43   Thumb Code    26  stm32f10x_rcc.o(.text)
    RCC_APB2PeriphClockCmd                   0x08000a5d   Thumb Code    26  stm32f10x_rcc.o(.text)
    RCC_APB1PeriphClockCmd                   0x08000a77   Thumb Code    26  stm32f10x_rcc.o(.text)
    RCC_APB2PeriphResetCmd                   0x08000a91   Thumb Code    26  stm32f10x_rcc.o(.text)
    RCC_APB1PeriphResetCmd                   0x08000aab   Thumb Code    26  stm32f10x_rcc.o(.text)
    RCC_BackupResetCmd                       0x08000ac5   Thumb Code     8  stm32f10x_rcc.o(.text)
    RCC_ClockSecuritySystemCmd               0x08000acd   Thumb Code     6  stm32f10x_rcc.o(.text)
    RCC_MCOConfig                            0x08000ad3   Thumb Code     6  stm32f10x_rcc.o(.text)
    RCC_ClearFlag                            0x08000ad9   Thumb Code    14  stm32f10x_rcc.o(.text)
    RCC_GetITStatus                          0x08000ae7   Thumb Code    20  stm32f10x_rcc.o(.text)
    RCC_ClearITPendingBit                    0x08000afb   Thumb Code     6  stm32f10x_rcc.o(.text)
    USART_DeInit                             0x08000b25   Thumb Code   134  stm32f10x_usart.o(.text)
    USART_Init                               0x08000bab   Thumb Code   210  stm32f10x_usart.o(.text)
    USART_StructInit                         0x08000c7d   Thumb Code    24  stm32f10x_usart.o(.text)
    USART_ClockInit                          0x08000c95   Thumb Code    34  stm32f10x_usart.o(.text)
    USART_ClockStructInit                    0x08000cb7   Thumb Code    12  stm32f10x_usart.o(.text)
    USART_Cmd                                0x08000cc3   Thumb Code    24  stm32f10x_usart.o(.text)
    USART_ITConfig                           0x08000cdb   Thumb Code    74  stm32f10x_usart.o(.text)
    USART_DMACmd                             0x08000d25   Thumb Code    18  stm32f10x_usart.o(.text)
    USART_SetAddress                         0x08000d37   Thumb Code    18  stm32f10x_usart.o(.text)
    USART_WakeUpConfig                       0x08000d49   Thumb Code    18  stm32f10x_usart.o(.text)
    USART_ReceiverWakeUpCmd                  0x08000d5b   Thumb Code    24  stm32f10x_usart.o(.text)
    USART_LINBreakDetectLengthConfig         0x08000d73   Thumb Code    18  stm32f10x_usart.o(.text)
    USART_LINCmd                             0x08000d85   Thumb Code    24  stm32f10x_usart.o(.text)
    USART_SendData                           0x08000d9d   Thumb Code     8  stm32f10x_usart.o(.text)
    USART_ReceiveData                        0x08000da5   Thumb Code    10  stm32f10x_usart.o(.text)
    USART_SendBreak                          0x08000daf   Thumb Code    10  stm32f10x_usart.o(.text)
    USART_SetGuardTime                       0x08000db9   Thumb Code    16  stm32f10x_usart.o(.text)
    USART_SetPrescaler                       0x08000dc9   Thumb Code    16  stm32f10x_usart.o(.text)
    USART_SmartCardCmd                       0x08000dd9   Thumb Code    24  stm32f10x_usart.o(.text)
    USART_SmartCardNACKCmd                   0x08000df1   Thumb Code    24  stm32f10x_usart.o(.text)
    USART_HalfDuplexCmd                      0x08000e09   Thumb Code    24  stm32f10x_usart.o(.text)
    USART_OverSampling8Cmd                   0x08000e21   Thumb Code    22  stm32f10x_usart.o(.text)
    USART_OneBitMethodCmd                    0x08000e37   Thumb Code    24  stm32f10x_usart.o(.text)
    USART_IrDAConfig                         0x08000e4f   Thumb Code    18  stm32f10x_usart.o(.text)
    USART_IrDACmd                            0x08000e61   Thumb Code    24  stm32f10x_usart.o(.text)
    USART_GetFlagStatus                      0x08000e79   Thumb Code    26  stm32f10x_usart.o(.text)
    USART_ClearFlag                          0x08000e93   Thumb Code    18  stm32f10x_usart.o(.text)
    USART_GetITStatus                        0x08000ea5   Thumb Code    84  stm32f10x_usart.o(.text)
    USART_ClearITPendingBit                  0x08000ef9   Thumb Code    52  stm32f10x_usart.o(.text)
    Usart_Init                               0x08000f2d   Thumb Code   196  main.o(.text)
    main                                     0x08000ff1   Thumb Code    42  main.o(.text)
    NMIException                             0x0800102d   Thumb Code     2  stm32f10x_it.o(.text)
    HardFaultException                       0x0800102f   Thumb Code     4  stm32f10x_it.o(.text)
    MemManageException                       0x08001033   Thumb Code     4  stm32f10x_it.o(.text)
    BusFaultException                        0x08001037   Thumb Code     4  stm32f10x_it.o(.text)
    UsageFaultException                      0x0800103b   Thumb Code     4  stm32f10x_it.o(.text)
    DebugMonitor                             0x0800103f   Thumb Code     2  stm32f10x_it.o(.text)
    SVCHandler                               0x08001041   Thumb Code     2  stm32f10x_it.o(.text)
    PendSVC                                  0x08001043   Thumb Code     2  stm32f10x_it.o(.text)
    SysTickHandler                           0x08001045   Thumb Code     2  stm32f10x_it.o(.text)
    WWDG_IRQHandler                          0x08001047   Thumb Code     2  stm32f10x_it.o(.text)
    PVD_IRQHandler                           0x08001049   Thumb Code     2  stm32f10x_it.o(.text)
    TAMPER_IRQHandler                        0x0800104b   Thumb Code     2  stm32f10x_it.o(.text)
    RTC_IRQHandler                           0x0800104d   Thumb Code     2  stm32f10x_it.o(.text)
    FLASH_IRQHandler                         0x0800104f   Thumb Code     2  stm32f10x_it.o(.text)
    RCC_IRQHandler                           0x08001051   Thumb Code     2  stm32f10x_it.o(.text)
    EXTI0_IRQHandler                         0x08001053   Thumb Code     2  stm32f10x_it.o(.text)
    EXTI1_IRQHandler                         0x08001055   Thumb Code     2  stm32f10x_it.o(.text)
    EXTI2_IRQHandler                         0x08001057   Thumb Code     2  stm32f10x_it.o(.text)
    EXTI3_IRQHandler                         0x08001059   Thumb Code     2  stm32f10x_it.o(.text)
    EXTI4_IRQHandler                         0x0800105b   Thumb Code     2  stm32f10x_it.o(.text)
    DMA1_Channel1_IRQHandler                 0x0800105d   Thumb Code     2  stm32f10x_it.o(.text)
    DMA1_Channel2_IRQHandler                 0x0800105f   Thumb Code     2  stm32f10x_it.o(.text)
    DMA1_Channel3_IRQHandler                 0x08001061   Thumb Code     2  stm32f10x_it.o(.text)
    DMA1_Channel4_IRQHandler                 0x08001063   Thumb Code     2  stm32f10x_it.o(.text)
    DMA1_Channel5_IRQHandler                 0x08001065   Thumb Code     2  stm32f10x_it.o(.text)
    DMA1_Channel6_IRQHandler                 0x08001067   Thumb Code     2  stm32f10x_it.o(.text)
    DMA1_Channel7_IRQHandler                 0x08001069   Thumb Code     2  stm32f10x_it.o(.text)
    ADC1_2_IRQHandler                        0x0800106b   Thumb Code     2  stm32f10x_it.o(.text)
    USB_HP_CAN_TX_IRQHandler                 0x0800106d   Thumb Code     2  stm32f10x_it.o(.text)
    USB_LP_CAN_RX0_IRQHandler                0x0800106f   Thumb Code     2  stm32f10x_it.o(.text)
    CAN_RX1_IRQHandler                       0x08001071   Thumb Code     2  stm32f10x_it.o(.text)
    CAN_SCE_IRQHandler                       0x08001073   Thumb Code     2  stm32f10x_it.o(.text)
    EXTI9_5_IRQHandler                       0x08001075   Thumb Code     2  stm32f10x_it.o(.text)
    TIM1_BRK_IRQHandler                      0x08001077   Thumb Code     2  stm32f10x_it.o(.text)
    TIM1_UP_IRQHandler                       0x08001079   Thumb Code     2  stm32f10x_it.o(.text)
    TIM1_TRG_COM_IRQHandler                  0x0800107b   Thumb Code     2  stm32f10x_it.o(.text)
    TIM1_CC_IRQHandler                       0x0800107d   Thumb Code     2  stm32f10x_it.o(.text)
    TIM2_IRQHandler                          0x0800107f   Thumb Code     2  stm32f10x_it.o(.text)
    TIM3_IRQHandler                          0x08001081   Thumb Code     2  stm32f10x_it.o(.text)
    TIM4_IRQHandler                          0x08001083   Thumb Code     2  stm32f10x_it.o(.text)
    I2C1_EV_IRQHandler                       0x08001085   Thumb Code     2  stm32f10x_it.o(.text)
    I2C1_ER_IRQHandler                       0x08001087   Thumb Code     2  stm32f10x_it.o(.text)
    I2C2_EV_IRQHandler                       0x08001089   Thumb Code     2  stm32f10x_it.o(.text)
    I2C2_ER_IRQHandler                       0x0800108b   Thumb Code     2  stm32f10x_it.o(.text)
    SPI1_IRQHandler                          0x0800108d   Thumb Code     2  stm32f10x_it.o(.text)
    SPI2_IRQHandler                          0x0800108f   Thumb Code     2  stm32f10x_it.o(.text)
    USART1_IRQHandler                        0x08001091   Thumb Code     2  stm32f10x_it.o(.text)
    USART2_IRQHandler                        0x08001093   Thumb Code    86  stm32f10x_it.o(.text)
    USART3_IRQHandler                        0x080010e9   Thumb Code     2  stm32f10x_it.o(.text)
    EXTI15_10_IRQHandler                     0x080010eb   Thumb Code     2  stm32f10x_it.o(.text)
    RTCAlarm_IRQHandler                      0x080010ed   Thumb Code     2  stm32f10x_it.o(.text)
    USBWakeUp_IRQHandler                     0x080010ef   Thumb Code     2  stm32f10x_it.o(.text)
    TIM8_BRK_IRQHandler                      0x080010f1   Thumb Code     2  stm32f10x_it.o(.text)
    TIM8_UP_IRQHandler                       0x080010f3   Thumb Code     2  stm32f10x_it.o(.text)
    TIM8_TRG_COM_IRQHandler                  0x080010f5   Thumb Code     2  stm32f10x_it.o(.text)
    TIM8_CC_IRQHandler                       0x080010f7   Thumb Code     2  stm32f10x_it.o(.text)
    ADC3_IRQHandler                          0x080010f9   Thumb Code     2  stm32f10x_it.o(.text)
    FSMC_IRQHandler                          0x080010fb   Thumb Code     2  stm32f10x_it.o(.text)
    SDIO_IRQHandler                          0x080010fd   Thumb Code     2  stm32f10x_it.o(.text)
    TIM5_IRQHandler                          0x080010ff   Thumb Code     2  stm32f10x_it.o(.text)
    SPI3_IRQHandler                          0x08001101   Thumb Code     2  stm32f10x_it.o(.text)
    UART4_IRQHandler                         0x08001103   Thumb Code     2  stm32f10x_it.o(.text)
    UART5_IRQHandler                         0x08001105   Thumb Code     2  stm32f10x_it.o(.text)
    TIM6_IRQHandler                          0x08001107   Thumb Code     2  stm32f10x_it.o(.text)
    TIM7_IRQHandler                          0x08001109   Thumb Code     2  stm32f10x_it.o(.text)
    DMA2_Channel1_IRQHandler                 0x0800110b   Thumb Code     2  stm32f10x_it.o(.text)
    DMA2_Channel2_IRQHandler                 0x0800110d   Thumb Code     2  stm32f10x_it.o(.text)
    DMA2_Channel3_IRQHandler                 0x0800110f   Thumb Code     2  stm32f10x_it.o(.text)
    DMA2_Channel4_5_IRQHandler               0x08001111   Thumb Code     2  stm32f10x_it.o(.text)
    delay_init                               0x08001125   Thumb Code    56  delay.o(.text)
    delay_ms                                 0x0800115d   Thumb Code    56  delay.o(.text)
    delay_us                                 0x08001195   Thumb Code    56  delay.o(.text)
    delay                                    0x080011cd   Thumb Code    24  delay.o(.text)
    OLED_WrDat                               0x080011ed   Thumb Code    86  oled.o(.text)
    OLED_WrCmd                               0x08001243   Thumb Code    84  oled.o(.text)
    OLED_Set_Pos                             0x08001297   Thumb Code    36  oled.o(.text)
    OLED_Fill                                0x080012bb   Thumb Code    58  oled.o(.text)
    OLED_CLS                                 0x080012f5   Thumb Code    56  oled.o(.text)
    OLED_DLY_ms                              0x0800132d   Thumb Code    24  oled.o(.text)
    adjust                                   0x08001345   Thumb Code    12  oled.o(.text)
    SetStartColumn                           0x08001351   Thumb Code    44  oled.o(.text)
    SetAddressingMode                        0x0800137d   Thumb Code    18  oled.o(.text)
    SetColumnAddress                         0x0800138f   Thumb Code    26  oled.o(.text)
    SetPageAddress                           0x080013a9   Thumb Code    26  oled.o(.text)
    SetStartLine                             0x080013c3   Thumb Code    14  oled.o(.text)
    SetContrastControl                       0x080013d1   Thumb Code    18  oled.o(.text)
    Set_Charge_Pump                          0x080013e3   Thumb Code    20  oled.o(.text)
    Set_Segment_Remap                        0x080013f7   Thumb Code    14  oled.o(.text)
    Set_Entire_Display                       0x08001405   Thumb Code    14  oled.o(.text)
    Set_Inverse_Display                      0x08001413   Thumb Code    14  oled.o(.text)
    Set_Multiplex_Ratio                      0x08001421   Thumb Code    18  oled.o(.text)
    Set_Display_On_Off                       0x08001433   Thumb Code    14  oled.o(.text)
    SetStartPage                             0x08001441   Thumb Code    14  oled.o(.text)
    Set_Common_Remap                         0x0800144f   Thumb Code    14  oled.o(.text)
    Set_Display_Offset                       0x0800145d   Thumb Code    18  oled.o(.text)
    Set_Display_Clock                        0x0800146f   Thumb Code    18  oled.o(.text)
    Set_Precharge_Period                     0x08001481   Thumb Code    18  oled.o(.text)
    Set_Common_Config                        0x08001493   Thumb Code    20  oled.o(.text)
    Set_VCOMH                                0x080014a7   Thumb Code    18  oled.o(.text)
    Set_NOP                                  0x080014b9   Thumb Code    10  oled.o(.text)
    OLED_Init                                0x080014c3   Thumb Code   278  oled.o(.text)
    OLED_PutPixel                            0x080015d9   Thumb Code    72  oled.o(.text)
    OLED_Rectangle                           0x08001621   Thumb Code   484  oled.o(.text)
    OLED_P6x8Str                             0x08001805   Thumb Code    96  oled.o(.text)
    OLED_P8x16Str                            0x08001865   Thumb Code   130  oled.o(.text)
    OLED_P14x16Str                           0x080018e7   Thumb Code   246  oled.o(.text)
    OLED_Print                               0x080019dd   Thumb Code   100  oled.o(.text)
    OLED_P6x8Char                            0x08001a41   Thumb Code    34  oled.o(.text)
    Dis_String                               0x08001a63   Thumb Code   104  oled.o(.text)
    OLED_P8x16Num                            0x08001acb   Thumb Code   160  oled.o(.text)
    OLED_P6x8Float                           0x08001b6b   Thumb Code   462  oled.o(.text)
    Dis_Float2                               0x08001d39   Thumb Code   350  oled.o(.text)
    Draw_BMP                                 0x08001e97   Thumb Code   116  oled.o(.text)
    Draw_LQLogo                              0x08001f0b   Thumb Code    50  oled.o(.text)
    Draw_LibLogo                             0x08001f3d   Thumb Code    50  oled.o(.text)
    OLED_P8x16Num_8bit                       0x08001f6f   Thumb Code    60  oled.o(.text)
    OLED_P6x8Num_8bit                        0x08001fab   Thumb Code    60  oled.o(.text)
    OLED_Num                                 0x08001fe7   Thumb Code    54  oled.o(.text)
    OLED_3num                                0x0800201d   Thumb Code    90  oled.o(.text)
    OLED_4num                                0x08002077   Thumb Code   142  oled.o(.text)
    OLED_Num5                                0x08002105   Thumb Code   176  oled.o(.text)
    __aeabi_dadd                             0x080021b5   Thumb Code   322  dadd.o(.text)
    __aeabi_dsub                             0x080022f7   Thumb Code     6  dadd.o(.text)
    __aeabi_drsub                            0x080022fd   Thumb Code     6  dadd.o(.text)
    __aeabi_dmul                             0x08002303   Thumb Code   228  dmul.o(.text)
    __aeabi_i2d                              0x080023e7   Thumb Code    34  dflti.o(.text)
    __aeabi_ui2d                             0x08002409   Thumb Code    26  dfltui.o(.text)
    __aeabi_d2iz                             0x08002423   Thumb Code    62  dfixi.o(.text)
    __aeabi_d2uiz                            0x08002461   Thumb Code    50  dfixui.o(.text)
    __aeabi_cdcmpeq                          0x08002495   Thumb Code     0  cdcmple.o(.text)
    __aeabi_cdcmple                          0x08002495   Thumb Code    38  cdcmple.o(.text)
    __aeabi_llsl                             0x080024bd   Thumb Code    30  llshl.o(.text)
    _ll_shift_l                              0x080024bd   Thumb Code     0  llshl.o(.text)
    __aeabi_llsr                             0x080024db   Thumb Code    32  llushr.o(.text)
    _ll_ushift_r                             0x080024db   Thumb Code     0  llushr.o(.text)
    __aeabi_lasr                             0x080024fb   Thumb Code    36  llsshr.o(.text)
    _ll_sshift_r                             0x080024fb   Thumb Code     0  llsshr.o(.text)
    __I$use$fp                               0x0800251f   Thumb Code     0  iusefp.o(.text)
    _double_round                            0x0800251f   Thumb Code    26  depilogue.o(.text)
    _double_epilogue                         0x08002539   Thumb Code   156  depilogue.o(.text)
    __scatterload                            0x080025d5   Thumb Code    28  init.o(.text)
    __scatterload_rt2                        0x080025d5   Thumb Code     0  init.o(.text)
    __decompress                             0x080025f9   Thumb Code     0  __dczerorl2.o(.text)
    __decompress1                            0x080025f9   Thumb Code    86  __dczerorl2.o(.text)
    __scatterload_copy                       0x0800264f   Thumb Code    14  handlers.o(i.__scatterload_copy)
    __scatterload_null                       0x0800265d   Thumb Code     2  handlers.o(i.__scatterload_null)
    __scatterload_zeroinit                   0x0800265f   Thumb Code    14  handlers.o(i.__scatterload_zeroinit)
    F6x8                                     0x0800266c   Data         552  oled.o(.constdata)
    F14x16_Idx                               0x08002894   Data          31  oled.o(.constdata)
    F14x16                                   0x080028b3   Data         420  oled.o(.constdata)
    F8X16                                    0x08002a57   Data        1520  oled.o(.constdata)
    LIBLOGO60x58                             0x08003047   Data         480  oled.o(.constdata)
    Region$$Table$$Base                      0x08003228   Number         0  anon$$obj.o(Region$$Table)
    Region$$Table$$Limit                     0x08003248   Number         0  anon$$obj.o(Region$$Table)
    SystemCoreClock                          0x20000000   Data           4  system_stm32f10x.o(.data)
    AHBPrescTable                            0x20000004   Data          16  system_stm32f10x.o(.data)
    data1                                    0x20000028   Data           4  main.o(.data)
    data2                                    0x2000002c   Data           4  main.o(.data)
    flag                                     0x20000030   Data           4  main.o(.data)
    longqiu96x64                             0x20000038   Data         768  oled.o(.data)
    __initial_sp                             0x20000738   Data           0  startup_stm32f10x_hd.o(STACK)



==============================================================================

Memory Map of the image

  Image Entry point : 0x08000131

  Load Region LR_IROM1 (Base: 0x08000000, Size: 0x00003580, Max: 0x00080000, ABSOLUTE, COMPRESSED[0x00003428])

    Execution Region ER_IROM1 (Base: 0x08000000, Size: 0x00003248, Max: 0x00080000, ABSOLUTE)

    Base Addr    Size         Type   Attr      Idx    E Section Name        Object

    0x08000000   0x00000130   Data   RO            3    RESET               startup_stm32f10x_hd.o
    0x08000130   0x00000000   Code   RO          635  * .ARM.Collect$$$$00000000  mc_w.l(entry.o)
    0x08000130   0x00000004   Code   RO          699    .ARM.Collect$$$$00000001  mc_w.l(entry2.o)
    0x08000134   0x00000004   Code   RO          702    .ARM.Collect$$$$00000004  mc_w.l(entry5.o)
    0x08000138   0x00000000   Code   RO          704    .ARM.Collect$$$$00000008  mc_w.l(entry7b.o)
    0x08000138   0x00000000   Code   RO          706    .ARM.Collect$$$$0000000A  mc_w.l(entry8b.o)
    0x08000138   0x00000008   Code   RO          707    .ARM.Collect$$$$0000000B  mc_w.l(entry9a.o)
    0x08000140   0x00000000   Code   RO          709    .ARM.Collect$$$$0000000D  mc_w.l(entry10a.o)
    0x08000140   0x00000000   Code   RO          711    .ARM.Collect$$$$0000000F  mc_w.l(entry11a.o)
    0x08000140   0x00000004   Code   RO          700    .ARM.Collect$$$$00002712  mc_w.l(entry2.o)
    0x08000144   0x00000024   Code   RO            4    .text               startup_stm32f10x_hd.o
    0x08000168   0x000001e0   Code   RO           24    .text               system_stm32f10x.o
    0x08000348   0x000000dc   Code   RO           77    .text               misc.o
    0x08000424   0x0000035c   Code   RO          242    .text               stm32f10x_gpio.o
    0x08000780   0x000003a4   Code   RO          302    .text               stm32f10x_rcc.o
    0x08000b24   0x00000408   Code   RO          376    .text               stm32f10x_usart.o
    0x08000f2c   0x00000100   Code   RO          406    .text               main.o
    0x0800102c   0x000000f8   Code   RO          446    .text               stm32f10x_it.o
    0x08001124   0x000000c8   Code   RO          462    .text               delay.o
    0x080011ec   0x00000fc8   Code   RO          491    .text               oled.o
    0x080021b4   0x0000014e   Code   RO          646    .text               mf_w.l(dadd.o)
    0x08002302   0x000000e4   Code   RO          648    .text               mf_w.l(dmul.o)
    0x080023e6   0x00000022   Code   RO          654    .text               mf_w.l(dflti.o)
    0x08002408   0x0000001a   Code   RO          656    .text               mf_w.l(dfltui.o)
    0x08002422   0x0000003e   Code   RO          658    .text               mf_w.l(dfixi.o)
    0x08002460   0x00000032   Code   RO          660    .text               mf_w.l(dfixui.o)
    0x08002492   0x00000002   PAD
    0x08002494   0x00000028   Code   RO          664    .text               mf_w.l(cdcmple.o)
    0x080024bc   0x0000001e   Code   RO          715    .text               mc_w.l(llshl.o)
    0x080024da   0x00000020   Code   RO          717    .text               mc_w.l(llushr.o)
    0x080024fa   0x00000024   Code   RO          719    .text               mc_w.l(llsshr.o)
    0x0800251e   0x00000000   Code   RO          728    .text               mc_w.l(iusefp.o)
    0x0800251e   0x000000b6   Code   RO          731    .text               mf_w.l(depilogue.o)
    0x080025d4   0x00000024   Code   RO          735    .text               mc_w.l(init.o)
    0x080025f8   0x00000056   Code   RO          747    .text               mc_w.l(__dczerorl2.o)
    0x0800264e   0x0000000e   Code   RO          741    i.__scatterload_copy  mc_w.l(handlers.o)
    0x0800265c   0x00000002   Code   RO          742    i.__scatterload_null  mc_w.l(handlers.o)
    0x0800265e   0x0000000e   Code   RO          743    i.__scatterload_zeroinit  mc_w.l(handlers.o)
    0x0800266c   0x00000bbb   Data   RO          492    .constdata          oled.o
    0x08003227   0x00000001   PAD
    0x08003228   0x00000020   Data   RO          739    Region$$Table       anon$$obj.o


    Execution Region RW_IRAM1 (Base: 0x20000000, Size: 0x00000738, Max: 0x00010000, ABSOLUTE, COMPRESSED[0x000001e0])

    Base Addr    Size         Type   Attr      Idx    E Section Name        Object

    0x20000000   0x00000014   Data   RW           25    .data               system_stm32f10x.o
    0x20000014   0x00000014   Data   RW          303    .data               stm32f10x_rcc.o
    0x20000028   0x0000000c   Data   RW          407    .data               main.o
    0x20000034   0x00000004   Data   RW          463    .data               delay.o
    0x20000038   0x00000300   Data   RW          493    .data               oled.o
    0x20000338   0x00000400   Zero   RW            1    STACK               startup_stm32f10x_hd.o


==============================================================================

Image component sizes


      Code (inc. data)   RO Data    RW Data    ZI Data      Debug   Object Name

         0          0          0          0          0       4272   core_cm3.o
       200          8          0          4          0       1153   delay.o
       256         18          0         12          0       1089   main.o
       220         22          0          0          0       3433   misc.o
      4040         44       3003        768          0      13460   oled.o
        36          8        304          0       1024        828   startup_stm32f10x_hd.o
         0          0          0          0          0       8736   stm32f10x_adc.o
       860         38          0          0          0      13957   stm32f10x_gpio.o
       248         18          0          0          0       7536   stm32f10x_it.o
       932         36          0         20          0       8764   stm32f10x_rcc.o
      1032         22          0          0          0      14360   stm32f10x_usart.o
       480         38          0         20          0     204891   system_stm32f10x.o

    ----------------------------------------------------------------------
      8304        252       3340        824       1024     282479   Object Totals
         0          0         32          0          0          0   (incl. Generated)
         0          0          1          0          0          0   (incl. Padding)

    ----------------------------------------------------------------------

      Code (inc. data)   RO Data    RW Data    ZI Data      Debug   Library Member Name

        86          0          0          0          0          0   __dczerorl2.o
         0          0          0          0          0          0   entry.o
         0          0          0          0          0          0   entry10a.o
         0          0          0          0          0          0   entry11a.o
         8          4          0          0          0          0   entry2.o
         4          0          0          0          0          0   entry5.o
         0          0          0          0          0          0   entry7b.o
         0          0          0          0          0          0   entry8b.o
         8          4          0          0          0          0   entry9a.o
        30          0          0          0          0          0   handlers.o
        36          8          0          0          0         68   init.o
         0          0          0          0          0          0   iusefp.o
        30          0          0          0          0         68   llshl.o
        36          0          0          0          0         68   llsshr.o
        32          0          0          0          0         68   llushr.o
        40          2          0          0          0         68   cdcmple.o
       334          0          0          0          0        148   dadd.o
       182          0          0          0          0        176   depilogue.o
        62          0          0          0          0         80   dfixi.o
        50          0          0          0          0         76   dfixui.o
        34          0          0          0          0         76   dflti.o
        26          0          0          0          0         76   dfltui.o
       228          0          0          0          0         96   dmul.o

    ----------------------------------------------------------------------
      1228         18          0          0          0       1068   Library Totals
         2          0          0          0          0          0   (incl. Padding)

    ----------------------------------------------------------------------

      Code (inc. data)   RO Data    RW Data    ZI Data      Debug   Library Name

       270         16          0          0          0        272   mc_w.l
       956          2          0          0          0        796   mf_w.l

    ----------------------------------------------------------------------
      1228         18          0          0          0       1068   Library Totals

    ----------------------------------------------------------------------

==============================================================================


      Code (inc. data)   RO Data    RW Data    ZI Data      Debug   

      9532        270       3340        824       1024     282531   Grand Totals
      9532        270       3340        480       1024     282531   ELF Image Totals (compressed)
      9532        270       3340        480          0          0   ROM Totals

==============================================================================

    Total RO  Size (Code + RO Data)                12872 (  12.57kB)
    Total RW  Size (RW Data + ZI Data)              1848 (   1.80kB)
    Total ROM Size (Code + RO Data + RW Data)      13352 (  13.04kB)

==============================================================================

