Product: MDK-ARM Standard 5.10
Component: ARM Compiler 5.04 update 1 (build 49)
Tool: armlink [5040049]

==============================================================================

Section Cross References

    startup_stm32f10x_hd.o(RESET) refers to startup_stm32f10x_hd.o(STACK) for __initial_sp
    startup_stm32f10x_hd.o(RESET) refers to startup_stm32f10x_hd.o(.text) for Reset_Handler
    startup_stm32f10x_hd.o(RESET) refers to stm32f10x_it.o(.text) for WWDG_IRQHandler
    startup_stm32f10x_hd.o(.text) refers to system_stm32f10x.o(.text) for SystemInit
    startup_stm32f10x_hd.o(.text) refers to entry.o(.ARM.Collect$$$$00000000) for __main
    system_stm32f10x.o(.text) refers to system_stm32f10x.o(.data) for SystemCoreClock
    stm32f10x_adc.o(.text) refers to stm32f10x_rcc.o(.text) for RCC_APB2PeriphResetCmd
    stm32f10x_bkp.o(.text) refers to stm32f10x_rcc.o(.text) for RCC_BackupResetCmd
    stm32f10x_can.o(.text) refers to stm32f10x_rcc.o(.text) for RCC_APB1PeriphResetCmd
    stm32f10x_cec.o(.text) refers to stm32f10x_rcc.o(.text) for RCC_APB1PeriphResetCmd
    stm32f10x_dac.o(.text) refers to stm32f10x_rcc.o(.text) for RCC_APB1PeriphResetCmd
    stm32f10x_gpio.o(.text) refers to stm32f10x_rcc.o(.text) for RCC_APB2PeriphResetCmd
    stm32f10x_i2c.o(.text) refers to stm32f10x_rcc.o(.text) for RCC_APB1PeriphResetCmd
    stm32f10x_pwr.o(.text) refers to stm32f10x_rcc.o(.text) for RCC_APB1PeriphResetCmd
    stm32f10x_rcc.o(.text) refers to stm32f10x_rcc.o(.data) for APBAHBPrescTable
    stm32f10x_spi.o(.text) refers to stm32f10x_rcc.o(.text) for RCC_APB2PeriphResetCmd
    stm32f10x_tim.o(.text) refers to stm32f10x_rcc.o(.text) for RCC_APB2PeriphResetCmd
    stm32f10x_usart.o(.text) refers to stm32f10x_rcc.o(.text) for RCC_APB2PeriphResetCmd
    stm32f10x_wwdg.o(.text) refers to stm32f10x_rcc.o(.text) for RCC_APB1PeriphResetCmd
    main.o(.text) refers to encoder.o(.text) for ENC_Init
    main.o(.text) refers to oled.o(.text) for OLED_Init
    main.o(.text) refers to delay.o(.text) for delay_init
    main.o(.text) refers to stm32f10x_tim.o(.text) for TIM_GetCounter
    main.o(.text) refers to dfltui.o(.text) for __aeabi_ui2d
    main.o(.text) refers to dflti.o(.text) for __aeabi_i2d
    stm32f10x_it.o(.text) refers to stm32f10x_tim.o(.text) for TIM_ClearFlag
    stm32f10x_it.o(.text) refers to encoder.o(.data) for hEncoder_Timer_Overflow
    delay.o(.text) refers to delay.o(.data) for fac_us
    moto.o(.text) refers to stm32f10x_rcc.o(.text) for RCC_APB1PeriphClockCmd
    moto.o(.text) refers to stm32f10x_tim.o(.text) for TIM_TimeBaseInit
    moto.o(.text) refers to stm32f10x_gpio.o(.text) for GPIO_PinRemapConfig
    oled.o(.text) refers to stm32f10x_gpio.o(.text) for GPIO_SetBits
    oled.o(.text) refers to stm32f10x_rcc.o(.text) for RCC_APB2PeriphClockCmd
    oled.o(.text) refers to cdcmple.o(.text) for __aeabi_cdcmple
    oled.o(.text) refers to dfixi.o(.text) for __aeabi_d2iz
    oled.o(.text) refers to dflti.o(.text) for __aeabi_i2d
    oled.o(.text) refers to dadd.o(.text) for __aeabi_drsub
    oled.o(.text) refers to dmul.o(.text) for __aeabi_dmul
    oled.o(.text) refers to dfixui.o(.text) for __aeabi_d2uiz
    oled.o(.text) refers to oled.o(.constdata) for F6x8
    oled.o(.text) refers to dfltui.o(.text) for __aeabi_ui2d
    oled.o(.text) refers to oled.o(.data) for longqiu96x64
    tim_pwm_in.o(.text) refers to stm32f10x_rcc.o(.text) for RCC_APB1PeriphClockCmd
    tim_pwm_in.o(.text) refers to stm32f10x_gpio.o(.text) for GPIO_PinRemapConfig
    tim_pwm_in.o(.text) refers to stm32f10x_tim.o(.text) for TIM_TimeBaseInit
    time.o(.text) refers to stm32f10x_rcc.o(.text) for RCC_APB1PeriphClockCmd
    time.o(.text) refers to stm32f10x_tim.o(.text) for TIM_DeInit
    time.o(.text) refers to misc.o(.text) for NVIC_PriorityGroupConfig
    encoder.o(.text) refers to stm32f10x_rcc.o(.text) for RCC_APB1PeriphClockCmd
    encoder.o(.text) refers to stm32f10x_gpio.o(.text) for GPIO_StructInit
    encoder.o(.text) refers to misc.o(.text) for NVIC_Init
    encoder.o(.text) refers to stm32f10x_tim.o(.text) for TIM_DeInit
    encoder.o(.text) refers to dflti.o(.text) for __aeabi_i2d
    encoder.o(.text) refers to dmul.o(.text) for __aeabi_dmul
    encoder.o(.text) refers to ddiv.o(.text) for __aeabi_ddiv
    encoder.o(.text) refers to dfixi.o(.text) for __aeabi_d2iz
    encoder.o(.text) refers to ldiv.o(.text) for __aeabi_ldivmod
    encoder.o(.text) refers to encoder.o(.bss) for hSpeed_Buffer
    encoder.o(.text) refers to encoder.o(.data) for bIs_First_Measurement
    entry.o(.ARM.Collect$$$$00000000) refers (Special) to entry10a.o(.ARM.Collect$$$$0000000D) for __rt_final_cpp
    entry.o(.ARM.Collect$$$$00000000) refers (Special) to entry11a.o(.ARM.Collect$$$$0000000F) for __rt_final_exit
    entry.o(.ARM.Collect$$$$00000000) refers (Special) to entry7b.o(.ARM.Collect$$$$00000008) for _main_clock
    entry.o(.ARM.Collect$$$$00000000) refers (Special) to entry8b.o(.ARM.Collect$$$$0000000A) for _main_cpp_init
    entry.o(.ARM.Collect$$$$00000000) refers (Special) to entry9a.o(.ARM.Collect$$$$0000000B) for _main_init
    entry.o(.ARM.Collect$$$$00000000) refers (Special) to entry5.o(.ARM.Collect$$$$00000004) for _main_scatterload
    entry.o(.ARM.Collect$$$$00000000) refers (Special) to entry2.o(.ARM.Collect$$$$00000001) for _main_stk
    ldiv.o(.text) refers to uldiv.o(.text) for __aeabi_uldivmod
    dadd.o(.text) refers (Special) to iusefp.o(.text) for __I$use$fp
    dadd.o(.text) refers to llshl.o(.text) for __aeabi_llsl
    dadd.o(.text) refers to llsshr.o(.text) for __aeabi_lasr
    dadd.o(.text) refers to depilogue.o(.text) for _double_epilogue
    dmul.o(.text) refers (Special) to iusefp.o(.text) for __I$use$fp
    dmul.o(.text) refers to depilogue.o(.text) for _double_epilogue
    ddiv.o(.text) refers (Special) to iusefp.o(.text) for __I$use$fp
    ddiv.o(.text) refers to depilogue.o(.text) for _double_round
    dflti.o(.text) refers (Special) to iusefp.o(.text) for __I$use$fp
    dflti.o(.text) refers to depilogue.o(.text) for _double_epilogue
    dfltui.o(.text) refers (Special) to iusefp.o(.text) for __I$use$fp
    dfltui.o(.text) refers to depilogue.o(.text) for _double_epilogue
    dfixi.o(.text) refers (Special) to iusefp.o(.text) for __I$use$fp
    dfixi.o(.text) refers to llushr.o(.text) for __aeabi_llsr
    dfixui.o(.text) refers (Special) to iusefp.o(.text) for __I$use$fp
    dfixui.o(.text) refers to llushr.o(.text) for __aeabi_llsr
    cdcmple.o(.text) refers (Special) to iusefp.o(.text) for __I$use$fp
    entry2.o(.ARM.Collect$$$$00000001) refers to entry2.o(.ARM.Collect$$$$00002712) for __lit__00000000
    entry2.o(.ARM.Collect$$$$00002712) refers to startup_stm32f10x_hd.o(STACK) for __initial_sp
    entry2.o(__vectab_stack_and_reset_area) refers to startup_stm32f10x_hd.o(STACK) for __initial_sp
    entry2.o(__vectab_stack_and_reset_area) refers to entry.o(.ARM.Collect$$$$00000000) for __main
    entry5.o(.ARM.Collect$$$$00000004) refers to init.o(.text) for __scatterload
    entry9a.o(.ARM.Collect$$$$0000000B) refers to main.o(.text) for main
    entry9b.o(.ARM.Collect$$$$0000000C) refers to main.o(.text) for main
    uldiv.o(.text) refers to llushr.o(.text) for __aeabi_llsr
    uldiv.o(.text) refers to llshl.o(.text) for __aeabi_llsl
    depilogue.o(.text) refers to llshl.o(.text) for __aeabi_llsl
    depilogue.o(.text) refers to llushr.o(.text) for __aeabi_llsr
    init.o(.text) refers to entry5.o(.ARM.Collect$$$$00000004) for __main_after_scatterload


==============================================================================

Removing Unused input sections from the image.

    Removing startup_stm32f10x_hd.o(HEAP), (512 bytes).
    Removing core_cm3.o(.emb_text), (32 bytes).
    Removing stm32f10x_adc.o(.text), (1102 bytes).
    Removing stm32f10x_bkp.o(.text), (196 bytes).
    Removing stm32f10x_can.o(.text), (2544 bytes).
    Removing stm32f10x_cec.o(.text), (288 bytes).
    Removing stm32f10x_crc.o(.text), (72 bytes).
    Removing stm32f10x_dac.o(.text), (396 bytes).
    Removing stm32f10x_dbgmcu.o(.text), (48 bytes).
    Removing stm32f10x_dma.o(.text), (596 bytes).
    Removing stm32f10x_exti.o(.text), (284 bytes).
    Removing stm32f10x_flash.o(.text), (1468 bytes).
    Removing stm32f10x_fsmc.o(.text), (1548 bytes).
    Removing stm32f10x_i2c.o(.text), (1028 bytes).
    Removing stm32f10x_iwdg.o(.text), (64 bytes).
    Removing stm32f10x_pwr.o(.text), (204 bytes).
    Removing stm32f10x_rtc.o(.text), (328 bytes).
    Removing stm32f10x_sdio.o(.text), (468 bytes).
    Removing stm32f10x_spi.o(.text), (780 bytes).
    Removing stm32f10x_usart.o(.text), (1032 bytes).
    Removing stm32f10x_wwdg.o(.text), (136 bytes).
    Removing moto.o(.text), (644 bytes).
    Removing tim_pwm_in.o(.text), (212 bytes).
    Removing tim_pwm_in.o(.data), (4 bytes).
    Removing time.o(.text), (292 bytes).

25 unused section(s) (total 14278 bytes) removed from the image.

==============================================================================

Image Symbol Table

    Local Symbols

    Symbol Name                              Value     Ov Type        Size  Object(Section)

    ../clib/../cmprslib/zerorunl2.c          0x00000000   Number         0  __dczerorl2.o ABSOLUTE
    ../clib/microlib/division.c              0x00000000   Number         0  ldiv.o ABSOLUTE
    ../clib/microlib/division.c              0x00000000   Number         0  uldiv.o ABSOLUTE
    ../clib/microlib/init/entry.s            0x00000000   Number         0  entry10a.o ABSOLUTE
    ../clib/microlib/init/entry.s            0x00000000   Number         0  entry9b.o ABSOLUTE
    ../clib/microlib/init/entry.s            0x00000000   Number         0  entry9a.o ABSOLUTE
    ../clib/microlib/init/entry.s            0x00000000   Number         0  entry8b.o ABSOLUTE
    ../clib/microlib/init/entry.s            0x00000000   Number         0  entry8a.o ABSOLUTE
    ../clib/microlib/init/entry.s            0x00000000   Number         0  entry7b.o ABSOLUTE
    ../clib/microlib/init/entry.s            0x00000000   Number         0  entry7a.o ABSOLUTE
    ../clib/microlib/init/entry.s            0x00000000   Number         0  entry10b.o ABSOLUTE
    ../clib/microlib/init/entry.s            0x00000000   Number         0  entry5.o ABSOLUTE
    ../clib/microlib/init/entry.s            0x00000000   Number         0  entry2.o ABSOLUTE
    ../clib/microlib/init/entry.s            0x00000000   Number         0  entry.o ABSOLUTE
    ../clib/microlib/init/entry.s            0x00000000   Number         0  entry11b.o ABSOLUTE
    ../clib/microlib/init/entry.s            0x00000000   Number         0  entry11a.o ABSOLUTE
    ../clib/microlib/longlong.c              0x00000000   Number         0  llsshr.o ABSOLUTE
    ../clib/microlib/longlong.c              0x00000000   Number         0  llushr.o ABSOLUTE
    ../clib/microlib/longlong.c              0x00000000   Number         0  llshl.o ABSOLUTE
    ../clib/microlib/stubs.s                 0x00000000   Number         0  iusefp.o ABSOLUTE
    ../fplib/microlib/fpadd.c                0x00000000   Number         0  dadd.o ABSOLUTE
    ../fplib/microlib/fpdiv.c                0x00000000   Number         0  ddiv.o ABSOLUTE
    ../fplib/microlib/fpepilogue.c           0x00000000   Number         0  depilogue.o ABSOLUTE
    ../fplib/microlib/fpfix.c                0x00000000   Number         0  dfixui.o ABSOLUTE
    ../fplib/microlib/fpfix.c                0x00000000   Number         0  dfixi.o ABSOLUTE
    ../fplib/microlib/fpflt.c                0x00000000   Number         0  dfltui.o ABSOLUTE
    ../fplib/microlib/fpflt.c                0x00000000   Number         0  dflti.o ABSOLUTE
    ../fplib/microlib/fpmul.c                0x00000000   Number         0  dmul.o ABSOLUTE
    ..\BSP\src\Encoder.c                     0x00000000   Number         0  encoder.o ABSOLUTE
    ..\BSP\src\Tim_PWM_IN.c                  0x00000000   Number         0  tim_pwm_in.o ABSOLUTE
    ..\BSP\src\delay.c                       0x00000000   Number         0  delay.o ABSOLUTE
    ..\BSP\src\moto.c                        0x00000000   Number         0  moto.o ABSOLUTE
    ..\BSP\src\oled.c                        0x00000000   Number         0  oled.o ABSOLUTE
    ..\BSP\src\time.c                        0x00000000   Number         0  time.o ABSOLUTE
    ..\Lib\cmsis\core_cm3.c                  0x00000000   Number         0  core_cm3.o ABSOLUTE
    ..\Lib\cmsis\system_stm32f10x.c          0x00000000   Number         0  system_stm32f10x.o ABSOLUTE
    ..\Lib\fwlib\src\misc.c                  0x00000000   Number         0  misc.o ABSOLUTE
    ..\Lib\fwlib\src\stm32f10x_adc.c         0x00000000   Number         0  stm32f10x_adc.o ABSOLUTE
    ..\Lib\fwlib\src\stm32f10x_bkp.c         0x00000000   Number         0  stm32f10x_bkp.o ABSOLUTE
    ..\Lib\fwlib\src\stm32f10x_can.c         0x00000000   Number         0  stm32f10x_can.o ABSOLUTE
    ..\Lib\fwlib\src\stm32f10x_cec.c         0x00000000   Number         0  stm32f10x_cec.o ABSOLUTE
    ..\Lib\fwlib\src\stm32f10x_crc.c         0x00000000   Number         0  stm32f10x_crc.o ABSOLUTE
    ..\Lib\fwlib\src\stm32f10x_dac.c         0x00000000   Number         0  stm32f10x_dac.o ABSOLUTE
    ..\Lib\fwlib\src\stm32f10x_dbgmcu.c      0x00000000   Number         0  stm32f10x_dbgmcu.o ABSOLUTE
    ..\Lib\fwlib\src\stm32f10x_dma.c         0x00000000   Number         0  stm32f10x_dma.o ABSOLUTE
    ..\Lib\fwlib\src\stm32f10x_exti.c        0x00000000   Number         0  stm32f10x_exti.o ABSOLUTE
    ..\Lib\fwlib\src\stm32f10x_flash.c       0x00000000   Number         0  stm32f10x_flash.o ABSOLUTE
    ..\Lib\fwlib\src\stm32f10x_fsmc.c        0x00000000   Number         0  stm32f10x_fsmc.o ABSOLUTE
    ..\Lib\fwlib\src\stm32f10x_gpio.c        0x00000000   Number         0  stm32f10x_gpio.o ABSOLUTE
    ..\Lib\fwlib\src\stm32f10x_i2c.c         0x00000000   Number         0  stm32f10x_i2c.o ABSOLUTE
    ..\Lib\fwlib\src\stm32f10x_iwdg.c        0x00000000   Number         0  stm32f10x_iwdg.o ABSOLUTE
    ..\Lib\fwlib\src\stm32f10x_pwr.c         0x00000000   Number         0  stm32f10x_pwr.o ABSOLUTE
    ..\Lib\fwlib\src\stm32f10x_rcc.c         0x00000000   Number         0  stm32f10x_rcc.o ABSOLUTE
    ..\Lib\fwlib\src\stm32f10x_rtc.c         0x00000000   Number         0  stm32f10x_rtc.o ABSOLUTE
    ..\Lib\fwlib\src\stm32f10x_sdio.c        0x00000000   Number         0  stm32f10x_sdio.o ABSOLUTE
    ..\Lib\fwlib\src\stm32f10x_spi.c         0x00000000   Number         0  stm32f10x_spi.o ABSOLUTE
    ..\Lib\fwlib\src\stm32f10x_usart.c       0x00000000   Number         0  stm32f10x_usart.o ABSOLUTE
    ..\Lib\fwlib\src\stm32f10x_wwdg.c        0x00000000   Number         0  stm32f10x_wwdg.o ABSOLUTE
    ..\Startup\startup_stm32f10x_hd.s        0x00000000   Number         0  startup_stm32f10x_hd.o ABSOLUTE
    ..\User\main.c                           0x00000000   Number         0  main.o ABSOLUTE
    ..\User\stm32f10x_it.c                   0x00000000   Number         0  stm32f10x_it.o ABSOLUTE
    ..\\Lib\\cmsis\\core_cm3.c               0x00000000   Number         0  core_cm3.o ABSOLUTE
    E:\Keil_v5\ARM\PACK\Keil\STM32F1xx_DFP\2.1.0\Device\StdPeriph_Driver\src\stm32f10x_tim.c 0x00000000   Number         0  stm32f10x_tim.o ABSOLUTE
    cdcmple.s                                0x00000000   Number         0  cdcmple.o ABSOLUTE
    dc.s                                     0x00000000   Number         0  dc.o ABSOLUTE
    handlers.s                               0x00000000   Number         0  handlers.o ABSOLUTE
    init.s                                   0x00000000   Number         0  init.o ABSOLUTE
    RESET                                    0x08000000   Section      304  startup_stm32f10x_hd.o(RESET)
    .ARM.Collect$$$$00000000                 0x08000130   Section        0  entry.o(.ARM.Collect$$$$00000000)
    .ARM.Collect$$$$00000001                 0x08000130   Section        4  entry2.o(.ARM.Collect$$$$00000001)
    .ARM.Collect$$$$00000004                 0x08000134   Section        4  entry5.o(.ARM.Collect$$$$00000004)
    .ARM.Collect$$$$00000008                 0x08000138   Section        0  entry7b.o(.ARM.Collect$$$$00000008)
    .ARM.Collect$$$$0000000A                 0x08000138   Section        0  entry8b.o(.ARM.Collect$$$$0000000A)
    .ARM.Collect$$$$0000000B                 0x08000138   Section        8  entry9a.o(.ARM.Collect$$$$0000000B)
    .ARM.Collect$$$$0000000D                 0x08000140   Section        0  entry10a.o(.ARM.Collect$$$$0000000D)
    .ARM.Collect$$$$0000000F                 0x08000140   Section        0  entry11a.o(.ARM.Collect$$$$0000000F)
    .ARM.Collect$$$$00002712                 0x08000140   Section        4  entry2.o(.ARM.Collect$$$$00002712)
    __lit__00000000                          0x08000140   Data           4  entry2.o(.ARM.Collect$$$$00002712)
    .text                                    0x08000144   Section       36  startup_stm32f10x_hd.o(.text)
    .text                                    0x08000168   Section        0  system_stm32f10x.o(.text)
    SetSysClockTo72                          0x08000169   Thumb Code   214  system_stm32f10x.o(.text)
    SetSysClock                              0x0800023f   Thumb Code     8  system_stm32f10x.o(.text)
    .text                                    0x08000348   Section        0  misc.o(.text)
    .text                                    0x08000424   Section        0  stm32f10x_gpio.o(.text)
    .text                                    0x08000780   Section        0  stm32f10x_rcc.o(.text)
    .text                                    0x08000b24   Section        0  stm32f10x_tim.o(.text)
    TI4_Config                               0x08000fcb   Thumb Code   130  stm32f10x_tim.o(.text)
    TI3_Config                               0x0800105f   Thumb Code   122  stm32f10x_tim.o(.text)
    TI2_Config                               0x080010f3   Thumb Code   130  stm32f10x_tim.o(.text)
    TI1_Config                               0x08001187   Thumb Code   108  stm32f10x_tim.o(.text)
    .text                                    0x08001940   Section        0  main.o(.text)
    .text                                    0x080019b0   Section        0  stm32f10x_it.o(.text)
    .text                                    0x08001a6c   Section        0  delay.o(.text)
    .text                                    0x08001b34   Section        0  oled.o(.text)
    .text                                    0x08002afc   Section        0  encoder.o(.text)
    .text                                    0x08002d80   Section        0  ldiv.o(.text)
    .text                                    0x08002dda   Section        0  dadd.o(.text)
    .text                                    0x08002f28   Section        0  dmul.o(.text)
    .text                                    0x0800300c   Section        0  ddiv.o(.text)
    .text                                    0x080030ea   Section        0  dflti.o(.text)
    .text                                    0x0800310c   Section        0  dfltui.o(.text)
    .text                                    0x08003126   Section        0  dfixi.o(.text)
    .text                                    0x08003164   Section        0  dfixui.o(.text)
    .text                                    0x08003198   Section       40  cdcmple.o(.text)
    .text                                    0x080031c0   Section        0  uldiv.o(.text)
    .text                                    0x08003222   Section        0  llshl.o(.text)
    .text                                    0x08003240   Section        0  llushr.o(.text)
    .text                                    0x08003260   Section        0  llsshr.o(.text)
    .text                                    0x08003284   Section        0  iusefp.o(.text)
    .text                                    0x08003284   Section        0  depilogue.o(.text)
    .text                                    0x0800333c   Section       36  init.o(.text)
    .text                                    0x08003360   Section        0  __dczerorl2.o(.text)
    i.__scatterload_copy                     0x080033b6   Section       14  handlers.o(i.__scatterload_copy)
    i.__scatterload_null                     0x080033c4   Section        2  handlers.o(i.__scatterload_null)
    i.__scatterload_zeroinit                 0x080033c6   Section       14  handlers.o(i.__scatterload_zeroinit)
    .constdata                               0x080033d4   Section     3003  oled.o(.constdata)
    .data                                    0x20000000   Section       20  system_stm32f10x.o(.data)
    .data                                    0x20000014   Section       20  stm32f10x_rcc.o(.data)
    APBAHBPrescTable                         0x20000014   Data          16  stm32f10x_rcc.o(.data)
    ADCPrescTable                            0x20000024   Data           4  stm32f10x_rcc.o(.data)
    .data                                    0x20000028   Section        4  delay.o(.data)
    fac_us                                   0x20000028   Data           1  delay.o(.data)
    fac_ms                                   0x2000002a   Data           2  delay.o(.data)
    .data                                    0x2000002c   Section      768  oled.o(.data)
    .data                                    0x2000032c   Section       12  encoder.o(.data)
    hPrevious_angle                          0x2000032c   Data           2  encoder.o(.data)
    hRot_Speed                               0x2000032e   Data           2  encoder.o(.data)
    bSpeed_Buffer_Index                      0x20000330   Data           1  encoder.o(.data)
    bIs_First_Measurement                    0x20000334   Data           4  encoder.o(.data)
    .bss                                     0x20000338   Section       16  encoder.o(.bss)
    hSpeed_Buffer                            0x20000338   Data          16  encoder.o(.bss)
    STACK                                    0x20000348   Section     1024  startup_stm32f10x_hd.o(STACK)

    Global Symbols

    Symbol Name                              Value     Ov Type        Size  Object(Section)

    BuildAttributes$$THM_ISAv4$P$D$K$B$S$PE$A:L22UL41UL21$X:L11$S22US41US21$IEEE1$IW$USESV6$~STKCKD$USESV7$~SHL$OSPACE$ROPI$EBA8$MICROLIB$REQ8$PRES8$EABIv2 0x00000000   Number         0  anon$$obj.o ABSOLUTE
    __ARM_use_no_argv                        0x00000000   Number         0  main.o ABSOLUTE
    __cpp_initialize__aeabi_                  - Undefined Weak Reference
    __cxa_finalize                            - Undefined Weak Reference
    _clock_init                               - Undefined Weak Reference
    _microlib_exit                            - Undefined Weak Reference
    __Vectors_Size                           0x00000130   Number         0  startup_stm32f10x_hd.o ABSOLUTE
    __Vectors                                0x08000000   Data           4  startup_stm32f10x_hd.o(RESET)
    __Vectors_End                            0x08000130   Data           0  startup_stm32f10x_hd.o(RESET)
    __main                                   0x08000131   Thumb Code     0  entry.o(.ARM.Collect$$$$00000000)
    _main_stk                                0x08000131   Thumb Code     0  entry2.o(.ARM.Collect$$$$00000001)
    _main_scatterload                        0x08000135   Thumb Code     0  entry5.o(.ARM.Collect$$$$00000004)
    __main_after_scatterload                 0x08000139   Thumb Code     0  entry5.o(.ARM.Collect$$$$00000004)
    _main_clock                              0x08000139   Thumb Code     0  entry7b.o(.ARM.Collect$$$$00000008)
    _main_cpp_init                           0x08000139   Thumb Code     0  entry8b.o(.ARM.Collect$$$$0000000A)
    _main_init                               0x08000139   Thumb Code     0  entry9a.o(.ARM.Collect$$$$0000000B)
    __rt_final_cpp                           0x08000141   Thumb Code     0  entry10a.o(.ARM.Collect$$$$0000000D)
    __rt_final_exit                          0x08000141   Thumb Code     0  entry11a.o(.ARM.Collect$$$$0000000F)
    Reset_Handler                            0x08000145   Thumb Code     8  startup_stm32f10x_hd.o(.text)
    NMI_Handler                              0x0800014d   Thumb Code     2  startup_stm32f10x_hd.o(.text)
    HardFault_Handler                        0x0800014f   Thumb Code     2  startup_stm32f10x_hd.o(.text)
    MemManage_Handler                        0x08000151   Thumb Code     2  startup_stm32f10x_hd.o(.text)
    BusFault_Handler                         0x08000153   Thumb Code     2  startup_stm32f10x_hd.o(.text)
    UsageFault_Handler                       0x08000155   Thumb Code     2  startup_stm32f10x_hd.o(.text)
    SVC_Handler                              0x08000157   Thumb Code     2  startup_stm32f10x_hd.o(.text)
    DebugMon_Handler                         0x08000159   Thumb Code     2  startup_stm32f10x_hd.o(.text)
    PendSV_Handler                           0x0800015b   Thumb Code     2  startup_stm32f10x_hd.o(.text)
    SysTick_Handler                          0x0800015d   Thumb Code     2  startup_stm32f10x_hd.o(.text)
    CAN1_RX1_IRQHandler                      0x0800015f   Thumb Code     0  startup_stm32f10x_hd.o(.text)
    CAN1_SCE_IRQHandler                      0x0800015f   Thumb Code     0  startup_stm32f10x_hd.o(.text)
    USB_HP_CAN1_TX_IRQHandler                0x0800015f   Thumb Code     0  startup_stm32f10x_hd.o(.text)
    USB_LP_CAN1_RX0_IRQHandler               0x0800015f   Thumb Code     0  startup_stm32f10x_hd.o(.text)
    SystemInit                               0x08000247   Thumb Code    78  system_stm32f10x.o(.text)
    SystemCoreClockUpdate                    0x08000295   Thumb Code   142  system_stm32f10x.o(.text)
    NVIC_PriorityGroupConfig                 0x08000349   Thumb Code    10  misc.o(.text)
    NVIC_Init                                0x08000353   Thumb Code   100  misc.o(.text)
    NVIC_SetVectorTable                      0x080003b7   Thumb Code    14  misc.o(.text)
    NVIC_SystemLPConfig                      0x080003c5   Thumb Code    34  misc.o(.text)
    SysTick_CLKSourceConfig                  0x080003e7   Thumb Code    40  misc.o(.text)
    GPIO_DeInit                              0x08000425   Thumb Code   172  stm32f10x_gpio.o(.text)
    GPIO_AFIODeInit                          0x080004d1   Thumb Code    20  stm32f10x_gpio.o(.text)
    GPIO_Init                                0x080004e5   Thumb Code   278  stm32f10x_gpio.o(.text)
    GPIO_StructInit                          0x080005fb   Thumb Code    16  stm32f10x_gpio.o(.text)
    GPIO_ReadInputDataBit                    0x0800060b   Thumb Code    18  stm32f10x_gpio.o(.text)
    GPIO_ReadInputData                       0x0800061d   Thumb Code     8  stm32f10x_gpio.o(.text)
    GPIO_ReadOutputDataBit                   0x08000625   Thumb Code    18  stm32f10x_gpio.o(.text)
    GPIO_ReadOutputData                      0x08000637   Thumb Code     8  stm32f10x_gpio.o(.text)
    GPIO_SetBits                             0x0800063f   Thumb Code     4  stm32f10x_gpio.o(.text)
    GPIO_ResetBits                           0x08000643   Thumb Code     4  stm32f10x_gpio.o(.text)
    GPIO_WriteBit                            0x08000647   Thumb Code    10  stm32f10x_gpio.o(.text)
    GPIO_Write                               0x08000651   Thumb Code     4  stm32f10x_gpio.o(.text)
    GPIO_PinLockConfig                       0x08000655   Thumb Code    18  stm32f10x_gpio.o(.text)
    GPIO_EventOutputConfig                   0x08000667   Thumb Code    26  stm32f10x_gpio.o(.text)
    GPIO_EventOutputCmd                      0x08000681   Thumb Code     6  stm32f10x_gpio.o(.text)
    GPIO_PinRemapConfig                      0x08000687   Thumb Code   138  stm32f10x_gpio.o(.text)
    GPIO_EXTILineConfig                      0x08000711   Thumb Code    66  stm32f10x_gpio.o(.text)
    GPIO_ETH_MediaInterfaceConfig            0x08000753   Thumb Code     8  stm32f10x_gpio.o(.text)
    RCC_DeInit                               0x08000781   Thumb Code    64  stm32f10x_rcc.o(.text)
    RCC_HSEConfig                            0x080007c1   Thumb Code    70  stm32f10x_rcc.o(.text)
    RCC_GetFlagStatus                        0x08000807   Thumb Code    56  stm32f10x_rcc.o(.text)
    RCC_WaitForHSEStartUp                    0x0800083f   Thumb Code    56  stm32f10x_rcc.o(.text)
    RCC_AdjustHSICalibrationValue            0x08000877   Thumb Code    20  stm32f10x_rcc.o(.text)
    RCC_HSICmd                               0x0800088b   Thumb Code     6  stm32f10x_rcc.o(.text)
    RCC_PLLConfig                            0x08000891   Thumb Code    24  stm32f10x_rcc.o(.text)
    RCC_PLLCmd                               0x080008a9   Thumb Code     6  stm32f10x_rcc.o(.text)
    RCC_SYSCLKConfig                         0x080008af   Thumb Code    18  stm32f10x_rcc.o(.text)
    RCC_GetSYSCLKSource                      0x080008c1   Thumb Code    10  stm32f10x_rcc.o(.text)
    RCC_HCLKConfig                           0x080008cb   Thumb Code    18  stm32f10x_rcc.o(.text)
    RCC_PCLK1Config                          0x080008dd   Thumb Code    18  stm32f10x_rcc.o(.text)
    RCC_PCLK2Config                          0x080008ef   Thumb Code    20  stm32f10x_rcc.o(.text)
    RCC_ITConfig                             0x08000903   Thumb Code    26  stm32f10x_rcc.o(.text)
    RCC_USBCLKConfig                         0x0800091d   Thumb Code     8  stm32f10x_rcc.o(.text)
    RCC_ADCCLKConfig                         0x08000925   Thumb Code    18  stm32f10x_rcc.o(.text)
    RCC_LSEConfig                            0x08000937   Thumb Code    50  stm32f10x_rcc.o(.text)
    RCC_LSICmd                               0x08000969   Thumb Code     6  stm32f10x_rcc.o(.text)
    RCC_RTCCLKConfig                         0x0800096f   Thumb Code    12  stm32f10x_rcc.o(.text)
    RCC_RTCCLKCmd                            0x0800097b   Thumb Code     8  stm32f10x_rcc.o(.text)
    RCC_GetClocksFreq                        0x08000983   Thumb Code   192  stm32f10x_rcc.o(.text)
    RCC_AHBPeriphClockCmd                    0x08000a43   Thumb Code    26  stm32f10x_rcc.o(.text)
    RCC_APB2PeriphClockCmd                   0x08000a5d   Thumb Code    26  stm32f10x_rcc.o(.text)
    RCC_APB1PeriphClockCmd                   0x08000a77   Thumb Code    26  stm32f10x_rcc.o(.text)
    RCC_APB2PeriphResetCmd                   0x08000a91   Thumb Code    26  stm32f10x_rcc.o(.text)
    RCC_APB1PeriphResetCmd                   0x08000aab   Thumb Code    26  stm32f10x_rcc.o(.text)
    RCC_BackupResetCmd                       0x08000ac5   Thumb Code     8  stm32f10x_rcc.o(.text)
    RCC_ClockSecuritySystemCmd               0x08000acd   Thumb Code     6  stm32f10x_rcc.o(.text)
    RCC_MCOConfig                            0x08000ad3   Thumb Code     6  stm32f10x_rcc.o(.text)
    RCC_ClearFlag                            0x08000ad9   Thumb Code    14  stm32f10x_rcc.o(.text)
    RCC_GetITStatus                          0x08000ae7   Thumb Code    20  stm32f10x_rcc.o(.text)
    RCC_ClearITPendingBit                    0x08000afb   Thumb Code     6  stm32f10x_rcc.o(.text)
    TIM_DeInit                               0x08000b25   Thumb Code   424  stm32f10x_tim.o(.text)
    TIM_TimeBaseInit                         0x08000ccd   Thumb Code   122  stm32f10x_tim.o(.text)
    TIM_OC1Init                              0x08000d47   Thumb Code   132  stm32f10x_tim.o(.text)
    TIM_OC2Init                              0x08000dcb   Thumb Code   154  stm32f10x_tim.o(.text)
    TIM_OC3Init                              0x08000e65   Thumb Code   150  stm32f10x_tim.o(.text)
    TIM_OC4Init                              0x08000efb   Thumb Code   182  stm32f10x_tim.o(.text)
    TIM_SetIC4Prescaler                      0x08000fb1   Thumb Code    26  stm32f10x_tim.o(.text)
    TIM_SetIC3Prescaler                      0x0800104d   Thumb Code    18  stm32f10x_tim.o(.text)
    TIM_SetIC2Prescaler                      0x080010d9   Thumb Code    26  stm32f10x_tim.o(.text)
    TIM_SetIC1Prescaler                      0x08001175   Thumb Code    18  stm32f10x_tim.o(.text)
    TIM_ICInit                               0x080011f3   Thumb Code   150  stm32f10x_tim.o(.text)
    TIM_PWMIConfig                           0x08001289   Thumb Code   124  stm32f10x_tim.o(.text)
    TIM_BDTRConfig                           0x08001305   Thumb Code    32  stm32f10x_tim.o(.text)
    TIM_TimeBaseStructInit                   0x08001325   Thumb Code    18  stm32f10x_tim.o(.text)
    TIM_OCStructInit                         0x08001337   Thumb Code    20  stm32f10x_tim.o(.text)
    TIM_ICStructInit                         0x0800134b   Thumb Code    18  stm32f10x_tim.o(.text)
    TIM_BDTRStructInit                       0x0800135d   Thumb Code    40  stm32f10x_tim.o(.text)
    TIM_Cmd                                  0x08001385   Thumb Code    24  stm32f10x_tim.o(.text)
    TIM_CtrlPWMOutputs                       0x0800139d   Thumb Code    30  stm32f10x_tim.o(.text)
    TIM_ITConfig                             0x080013bb   Thumb Code    18  stm32f10x_tim.o(.text)
    TIM_GenerateEvent                        0x080013cd   Thumb Code     4  stm32f10x_tim.o(.text)
    TIM_DMAConfig                            0x080013d1   Thumb Code    10  stm32f10x_tim.o(.text)
    TIM_DMACmd                               0x080013db   Thumb Code    18  stm32f10x_tim.o(.text)
    TIM_InternalClockConfig                  0x080013ed   Thumb Code    12  stm32f10x_tim.o(.text)
    TIM_SelectInputTrigger                   0x080013f9   Thumb Code    18  stm32f10x_tim.o(.text)
    TIM_ITRxExternalClockConfig              0x0800140b   Thumb Code    24  stm32f10x_tim.o(.text)
    TIM_TIxExternalClockConfig               0x08001423   Thumb Code    62  stm32f10x_tim.o(.text)
    TIM_ETRConfig                            0x08001461   Thumb Code    28  stm32f10x_tim.o(.text)
    TIM_ETRClockMode1Config                  0x0800147d   Thumb Code    54  stm32f10x_tim.o(.text)
    TIM_ETRClockMode2Config                  0x080014b3   Thumb Code    32  stm32f10x_tim.o(.text)
    TIM_PrescalerConfig                      0x080014d3   Thumb Code     6  stm32f10x_tim.o(.text)
    TIM_CounterModeConfig                    0x080014d9   Thumb Code    18  stm32f10x_tim.o(.text)
    TIM_EncoderInterfaceConfig               0x080014eb   Thumb Code    66  stm32f10x_tim.o(.text)
    TIM_ForcedOC1Config                      0x0800152d   Thumb Code    18  stm32f10x_tim.o(.text)
    TIM_ForcedOC2Config                      0x0800153f   Thumb Code    26  stm32f10x_tim.o(.text)
    TIM_ForcedOC3Config                      0x08001559   Thumb Code    18  stm32f10x_tim.o(.text)
    TIM_ForcedOC4Config                      0x0800156b   Thumb Code    26  stm32f10x_tim.o(.text)
    TIM_ARRPreloadConfig                     0x08001585   Thumb Code    24  stm32f10x_tim.o(.text)
    TIM_SelectCOM                            0x0800159d   Thumb Code    24  stm32f10x_tim.o(.text)
    TIM_SelectCCDMA                          0x080015b5   Thumb Code    24  stm32f10x_tim.o(.text)
    TIM_CCPreloadControl                     0x080015cd   Thumb Code    24  stm32f10x_tim.o(.text)
    TIM_OC1PreloadConfig                     0x080015e5   Thumb Code    18  stm32f10x_tim.o(.text)
    TIM_OC2PreloadConfig                     0x080015f7   Thumb Code    26  stm32f10x_tim.o(.text)
    TIM_OC3PreloadConfig                     0x08001611   Thumb Code    18  stm32f10x_tim.o(.text)
    TIM_OC4PreloadConfig                     0x08001623   Thumb Code    26  stm32f10x_tim.o(.text)
    TIM_OC1FastConfig                        0x0800163d   Thumb Code    18  stm32f10x_tim.o(.text)
    TIM_OC2FastConfig                        0x0800164f   Thumb Code    26  stm32f10x_tim.o(.text)
    TIM_OC3FastConfig                        0x08001669   Thumb Code    18  stm32f10x_tim.o(.text)
    TIM_OC4FastConfig                        0x0800167b   Thumb Code    26  stm32f10x_tim.o(.text)
    TIM_ClearOC1Ref                          0x08001695   Thumb Code    18  stm32f10x_tim.o(.text)
    TIM_ClearOC2Ref                          0x080016a7   Thumb Code    24  stm32f10x_tim.o(.text)
    TIM_ClearOC3Ref                          0x080016bf   Thumb Code    18  stm32f10x_tim.o(.text)
    TIM_ClearOC4Ref                          0x080016d1   Thumb Code    24  stm32f10x_tim.o(.text)
    TIM_OC1PolarityConfig                    0x080016e9   Thumb Code    18  stm32f10x_tim.o(.text)
    TIM_OC1NPolarityConfig                   0x080016fb   Thumb Code    18  stm32f10x_tim.o(.text)
    TIM_OC2PolarityConfig                    0x0800170d   Thumb Code    26  stm32f10x_tim.o(.text)
    TIM_OC2NPolarityConfig                   0x08001727   Thumb Code    26  stm32f10x_tim.o(.text)
    TIM_OC3PolarityConfig                    0x08001741   Thumb Code    26  stm32f10x_tim.o(.text)
    TIM_OC3NPolarityConfig                   0x0800175b   Thumb Code    26  stm32f10x_tim.o(.text)
    TIM_OC4PolarityConfig                    0x08001775   Thumb Code    26  stm32f10x_tim.o(.text)
    TIM_CCxCmd                               0x0800178f   Thumb Code    30  stm32f10x_tim.o(.text)
    TIM_CCxNCmd                              0x080017ad   Thumb Code    30  stm32f10x_tim.o(.text)
    TIM_SelectOCxM                           0x080017cb   Thumb Code    82  stm32f10x_tim.o(.text)
    TIM_UpdateDisableConfig                  0x0800181d   Thumb Code    24  stm32f10x_tim.o(.text)
    TIM_UpdateRequestConfig                  0x08001835   Thumb Code    24  stm32f10x_tim.o(.text)
    TIM_SelectHallSensor                     0x0800184d   Thumb Code    24  stm32f10x_tim.o(.text)
    TIM_SelectOnePulseMode                   0x08001865   Thumb Code    18  stm32f10x_tim.o(.text)
    TIM_SelectOutputTrigger                  0x08001877   Thumb Code    18  stm32f10x_tim.o(.text)
    TIM_SelectSlaveMode                      0x08001889   Thumb Code    18  stm32f10x_tim.o(.text)
    TIM_SelectMasterSlaveMode                0x0800189b   Thumb Code    18  stm32f10x_tim.o(.text)
    TIM_SetCounter                           0x080018ad   Thumb Code     4  stm32f10x_tim.o(.text)
    TIM_SetAutoreload                        0x080018b1   Thumb Code     4  stm32f10x_tim.o(.text)
    TIM_SetCompare1                          0x080018b5   Thumb Code     4  stm32f10x_tim.o(.text)
    TIM_SetCompare2                          0x080018b9   Thumb Code     4  stm32f10x_tim.o(.text)
    TIM_SetCompare3                          0x080018bd   Thumb Code     4  stm32f10x_tim.o(.text)
    TIM_SetCompare4                          0x080018c1   Thumb Code     6  stm32f10x_tim.o(.text)
    TIM_SetClockDivision                     0x080018c7   Thumb Code    18  stm32f10x_tim.o(.text)
    TIM_GetCapture1                          0x080018d9   Thumb Code     6  stm32f10x_tim.o(.text)
    TIM_GetCapture2                          0x080018df   Thumb Code     6  stm32f10x_tim.o(.text)
    TIM_GetCapture3                          0x080018e5   Thumb Code     6  stm32f10x_tim.o(.text)
    TIM_GetCapture4                          0x080018eb   Thumb Code     8  stm32f10x_tim.o(.text)
    TIM_GetCounter                           0x080018f3   Thumb Code     6  stm32f10x_tim.o(.text)
    TIM_GetPrescaler                         0x080018f9   Thumb Code     6  stm32f10x_tim.o(.text)
    TIM_GetFlagStatus                        0x080018ff   Thumb Code    18  stm32f10x_tim.o(.text)
    TIM_ClearFlag                            0x08001911   Thumb Code     6  stm32f10x_tim.o(.text)
    TIM_GetITStatus                          0x08001917   Thumb Code    34  stm32f10x_tim.o(.text)
    TIM_ClearITPendingBit                    0x08001939   Thumb Code     6  stm32f10x_tim.o(.text)
    main                                     0x08001941   Thumb Code   106  main.o(.text)
    NMIException                             0x080019b1   Thumb Code     2  stm32f10x_it.o(.text)
    HardFaultException                       0x080019b3   Thumb Code     4  stm32f10x_it.o(.text)
    MemManageException                       0x080019b7   Thumb Code     4  stm32f10x_it.o(.text)
    BusFaultException                        0x080019bb   Thumb Code     4  stm32f10x_it.o(.text)
    UsageFaultException                      0x080019bf   Thumb Code     4  stm32f10x_it.o(.text)
    DebugMonitor                             0x080019c3   Thumb Code     2  stm32f10x_it.o(.text)
    SVCHandler                               0x080019c5   Thumb Code     2  stm32f10x_it.o(.text)
    PendSVC                                  0x080019c7   Thumb Code     2  stm32f10x_it.o(.text)
    SysTickHandler                           0x080019c9   Thumb Code     2  stm32f10x_it.o(.text)
    WWDG_IRQHandler                          0x080019cb   Thumb Code     2  stm32f10x_it.o(.text)
    PVD_IRQHandler                           0x080019cd   Thumb Code     2  stm32f10x_it.o(.text)
    TAMPER_IRQHandler                        0x080019cf   Thumb Code     2  stm32f10x_it.o(.text)
    RTC_IRQHandler                           0x080019d1   Thumb Code     2  stm32f10x_it.o(.text)
    FLASH_IRQHandler                         0x080019d3   Thumb Code     2  stm32f10x_it.o(.text)
    RCC_IRQHandler                           0x080019d5   Thumb Code     2  stm32f10x_it.o(.text)
    EXTI0_IRQHandler                         0x080019d7   Thumb Code     2  stm32f10x_it.o(.text)
    EXTI1_IRQHandler                         0x080019d9   Thumb Code     2  stm32f10x_it.o(.text)
    EXTI2_IRQHandler                         0x080019db   Thumb Code     2  stm32f10x_it.o(.text)
    EXTI3_IRQHandler                         0x080019dd   Thumb Code     2  stm32f10x_it.o(.text)
    EXTI4_IRQHandler                         0x080019df   Thumb Code     2  stm32f10x_it.o(.text)
    DMA1_Channel1_IRQHandler                 0x080019e1   Thumb Code     2  stm32f10x_it.o(.text)
    DMA1_Channel2_IRQHandler                 0x080019e3   Thumb Code     2  stm32f10x_it.o(.text)
    DMA1_Channel3_IRQHandler                 0x080019e5   Thumb Code     2  stm32f10x_it.o(.text)
    DMA1_Channel4_IRQHandler                 0x080019e7   Thumb Code     2  stm32f10x_it.o(.text)
    DMA1_Channel5_IRQHandler                 0x080019e9   Thumb Code     2  stm32f10x_it.o(.text)
    DMA1_Channel6_IRQHandler                 0x080019eb   Thumb Code     2  stm32f10x_it.o(.text)
    DMA1_Channel7_IRQHandler                 0x080019ed   Thumb Code     2  stm32f10x_it.o(.text)
    ADC1_2_IRQHandler                        0x080019ef   Thumb Code     2  stm32f10x_it.o(.text)
    USB_HP_CAN_TX_IRQHandler                 0x080019f1   Thumb Code     2  stm32f10x_it.o(.text)
    USB_LP_CAN_RX0_IRQHandler                0x080019f3   Thumb Code     2  stm32f10x_it.o(.text)
    CAN_RX1_IRQHandler                       0x080019f5   Thumb Code     2  stm32f10x_it.o(.text)
    CAN_SCE_IRQHandler                       0x080019f7   Thumb Code     2  stm32f10x_it.o(.text)
    EXTI9_5_IRQHandler                       0x080019f9   Thumb Code     2  stm32f10x_it.o(.text)
    TIM1_BRK_IRQHandler                      0x080019fb   Thumb Code     2  stm32f10x_it.o(.text)
    TIM1_UP_IRQHandler                       0x080019fd   Thumb Code     2  stm32f10x_it.o(.text)
    TIM1_TRG_COM_IRQHandler                  0x080019ff   Thumb Code     2  stm32f10x_it.o(.text)
    TIM1_CC_IRQHandler                       0x08001a01   Thumb Code     2  stm32f10x_it.o(.text)
    TIM2_IRQHandler                          0x08001a03   Thumb Code     2  stm32f10x_it.o(.text)
    TIM3_IRQHandler                          0x08001a05   Thumb Code     2  stm32f10x_it.o(.text)
    TIM4_IRQHandler                          0x08001a07   Thumb Code    32  stm32f10x_it.o(.text)
    I2C1_EV_IRQHandler                       0x08001a27   Thumb Code     2  stm32f10x_it.o(.text)
    I2C1_ER_IRQHandler                       0x08001a29   Thumb Code     2  stm32f10x_it.o(.text)
    I2C2_EV_IRQHandler                       0x08001a2b   Thumb Code     2  stm32f10x_it.o(.text)
    I2C2_ER_IRQHandler                       0x08001a2d   Thumb Code     2  stm32f10x_it.o(.text)
    SPI1_IRQHandler                          0x08001a2f   Thumb Code     2  stm32f10x_it.o(.text)
    SPI2_IRQHandler                          0x08001a31   Thumb Code     2  stm32f10x_it.o(.text)
    USART1_IRQHandler                        0x08001a33   Thumb Code     2  stm32f10x_it.o(.text)
    USART2_IRQHandler                        0x08001a35   Thumb Code     2  stm32f10x_it.o(.text)
    USART3_IRQHandler                        0x08001a37   Thumb Code     2  stm32f10x_it.o(.text)
    EXTI15_10_IRQHandler                     0x08001a39   Thumb Code     2  stm32f10x_it.o(.text)
    RTCAlarm_IRQHandler                      0x08001a3b   Thumb Code     2  stm32f10x_it.o(.text)
    USBWakeUp_IRQHandler                     0x08001a3d   Thumb Code     2  stm32f10x_it.o(.text)
    TIM8_BRK_IRQHandler                      0x08001a3f   Thumb Code     2  stm32f10x_it.o(.text)
    TIM8_UP_IRQHandler                       0x08001a41   Thumb Code     2  stm32f10x_it.o(.text)
    TIM8_TRG_COM_IRQHandler                  0x08001a43   Thumb Code     2  stm32f10x_it.o(.text)
    TIM8_CC_IRQHandler                       0x08001a45   Thumb Code     2  stm32f10x_it.o(.text)
    ADC3_IRQHandler                          0x08001a47   Thumb Code     2  stm32f10x_it.o(.text)
    FSMC_IRQHandler                          0x08001a49   Thumb Code     2  stm32f10x_it.o(.text)
    SDIO_IRQHandler                          0x08001a4b   Thumb Code     2  stm32f10x_it.o(.text)
    TIM5_IRQHandler                          0x08001a4d   Thumb Code     2  stm32f10x_it.o(.text)
    SPI3_IRQHandler                          0x08001a4f   Thumb Code     2  stm32f10x_it.o(.text)
    UART4_IRQHandler                         0x08001a51   Thumb Code     2  stm32f10x_it.o(.text)
    UART5_IRQHandler                         0x08001a53   Thumb Code     2  stm32f10x_it.o(.text)
    TIM6_IRQHandler                          0x08001a55   Thumb Code     2  stm32f10x_it.o(.text)
    TIM7_IRQHandler                          0x08001a57   Thumb Code     2  stm32f10x_it.o(.text)
    DMA2_Channel1_IRQHandler                 0x08001a59   Thumb Code     2  stm32f10x_it.o(.text)
    DMA2_Channel2_IRQHandler                 0x08001a5b   Thumb Code     2  stm32f10x_it.o(.text)
    DMA2_Channel3_IRQHandler                 0x08001a5d   Thumb Code     2  stm32f10x_it.o(.text)
    DMA2_Channel4_5_IRQHandler               0x08001a5f   Thumb Code     2  stm32f10x_it.o(.text)
    delay_init                               0x08001a6d   Thumb Code    56  delay.o(.text)
    delay_ms                                 0x08001aa5   Thumb Code    56  delay.o(.text)
    delay_us                                 0x08001add   Thumb Code    56  delay.o(.text)
    delay                                    0x08001b15   Thumb Code    24  delay.o(.text)
    OLED_WrDat                               0x08001b35   Thumb Code    86  oled.o(.text)
    OLED_WrCmd                               0x08001b8b   Thumb Code    84  oled.o(.text)
    OLED_Set_Pos                             0x08001bdf   Thumb Code    36  oled.o(.text)
    OLED_Fill                                0x08001c03   Thumb Code    58  oled.o(.text)
    OLED_CLS                                 0x08001c3d   Thumb Code    56  oled.o(.text)
    OLED_DLY_ms                              0x08001c75   Thumb Code    24  oled.o(.text)
    adjust                                   0x08001c8d   Thumb Code    12  oled.o(.text)
    SetStartColumn                           0x08001c99   Thumb Code    44  oled.o(.text)
    SetAddressingMode                        0x08001cc5   Thumb Code    18  oled.o(.text)
    SetColumnAddress                         0x08001cd7   Thumb Code    26  oled.o(.text)
    SetPageAddress                           0x08001cf1   Thumb Code    26  oled.o(.text)
    SetStartLine                             0x08001d0b   Thumb Code    14  oled.o(.text)
    SetContrastControl                       0x08001d19   Thumb Code    18  oled.o(.text)
    Set_Charge_Pump                          0x08001d2b   Thumb Code    20  oled.o(.text)
    Set_Segment_Remap                        0x08001d3f   Thumb Code    14  oled.o(.text)
    Set_Entire_Display                       0x08001d4d   Thumb Code    14  oled.o(.text)
    Set_Inverse_Display                      0x08001d5b   Thumb Code    14  oled.o(.text)
    Set_Multiplex_Ratio                      0x08001d69   Thumb Code    18  oled.o(.text)
    Set_Display_On_Off                       0x08001d7b   Thumb Code    14  oled.o(.text)
    SetStartPage                             0x08001d89   Thumb Code    14  oled.o(.text)
    Set_Common_Remap                         0x08001d97   Thumb Code    14  oled.o(.text)
    Set_Display_Offset                       0x08001da5   Thumb Code    18  oled.o(.text)
    Set_Display_Clock                        0x08001db7   Thumb Code    18  oled.o(.text)
    Set_Precharge_Period                     0x08001dc9   Thumb Code    18  oled.o(.text)
    Set_Common_Config                        0x08001ddb   Thumb Code    20  oled.o(.text)
    Set_VCOMH                                0x08001def   Thumb Code    18  oled.o(.text)
    Set_NOP                                  0x08001e01   Thumb Code    10  oled.o(.text)
    OLED_Init                                0x08001e0b   Thumb Code   278  oled.o(.text)
    OLED_PutPixel                            0x08001f21   Thumb Code    72  oled.o(.text)
    OLED_Rectangle                           0x08001f69   Thumb Code   484  oled.o(.text)
    OLED_P6x8Str                             0x0800214d   Thumb Code    96  oled.o(.text)
    OLED_P8x16Str                            0x080021ad   Thumb Code   130  oled.o(.text)
    OLED_P14x16Str                           0x0800222f   Thumb Code   246  oled.o(.text)
    OLED_Print                               0x08002325   Thumb Code   100  oled.o(.text)
    OLED_P6x8Char                            0x08002389   Thumb Code    34  oled.o(.text)
    Dis_String                               0x080023ab   Thumb Code   104  oled.o(.text)
    OLED_P8x16Num                            0x08002413   Thumb Code   160  oled.o(.text)
    OLED_P6x8Float                           0x080024b3   Thumb Code   462  oled.o(.text)
    Dis_Float2                               0x08002681   Thumb Code   350  oled.o(.text)
    Draw_BMP                                 0x080027df   Thumb Code   116  oled.o(.text)
    Draw_LQLogo                              0x08002853   Thumb Code    50  oled.o(.text)
    Draw_LibLogo                             0x08002885   Thumb Code    50  oled.o(.text)
    OLED_P8x16Num_8bit                       0x080028b7   Thumb Code    60  oled.o(.text)
    OLED_P6x8Num_8bit                        0x080028f3   Thumb Code    60  oled.o(.text)
    OLED_Num                                 0x0800292f   Thumb Code    54  oled.o(.text)
    OLED_3num                                0x08002965   Thumb Code    90  oled.o(.text)
    OLED_4num                                0x080029bf   Thumb Code   142  oled.o(.text)
    OLED_Num5                                0x08002a4d   Thumb Code   176  oled.o(.text)
    ENC_Clear_Speed_Buffer                   0x08002afd   Thumb Code    26  encoder.o(.text)
    ENC_Init                                 0x08002b17   Thumb Code   190  encoder.o(.text)
    ENC_Get_Electrical_Angle                 0x08002bd5   Thumb Code    58  encoder.o(.text)
    ENC_Calc_Rot_Speed                       0x08002c0f   Thumb Code   244  encoder.o(.text)
    ENC_Calc_Average_Speed                   0x08002d03   Thumb Code    84  encoder.o(.text)
    __aeabi_ldivmod                          0x08002d81   Thumb Code    90  ldiv.o(.text)
    __aeabi_dadd                             0x08002ddb   Thumb Code   322  dadd.o(.text)
    __aeabi_dsub                             0x08002f1d   Thumb Code     6  dadd.o(.text)
    __aeabi_drsub                            0x08002f23   Thumb Code     6  dadd.o(.text)
    __aeabi_dmul                             0x08002f29   Thumb Code   228  dmul.o(.text)
    __aeabi_ddiv                             0x0800300d   Thumb Code   222  ddiv.o(.text)
    __aeabi_i2d                              0x080030eb   Thumb Code    34  dflti.o(.text)
    __aeabi_ui2d                             0x0800310d   Thumb Code    26  dfltui.o(.text)
    __aeabi_d2iz                             0x08003127   Thumb Code    62  dfixi.o(.text)
    __aeabi_d2uiz                            0x08003165   Thumb Code    50  dfixui.o(.text)
    __aeabi_cdcmpeq                          0x08003199   Thumb Code     0  cdcmple.o(.text)
    __aeabi_cdcmple                          0x08003199   Thumb Code    38  cdcmple.o(.text)
    __aeabi_uldivmod                         0x080031c1   Thumb Code    98  uldiv.o(.text)
    __aeabi_llsl                             0x08003223   Thumb Code    30  llshl.o(.text)
    _ll_shift_l                              0x08003223   Thumb Code     0  llshl.o(.text)
    __aeabi_llsr                             0x08003241   Thumb Code    32  llushr.o(.text)
    _ll_ushift_r                             0x08003241   Thumb Code     0  llushr.o(.text)
    __aeabi_lasr                             0x08003261   Thumb Code    36  llsshr.o(.text)
    _ll_sshift_r                             0x08003261   Thumb Code     0  llsshr.o(.text)
    __I$use$fp                               0x08003285   Thumb Code     0  iusefp.o(.text)
    _double_round                            0x08003285   Thumb Code    26  depilogue.o(.text)
    _double_epilogue                         0x0800329f   Thumb Code   156  depilogue.o(.text)
    __scatterload                            0x0800333d   Thumb Code    28  init.o(.text)
    __scatterload_rt2                        0x0800333d   Thumb Code     0  init.o(.text)
    __decompress                             0x08003361   Thumb Code     0  __dczerorl2.o(.text)
    __decompress1                            0x08003361   Thumb Code    86  __dczerorl2.o(.text)
    __scatterload_copy                       0x080033b7   Thumb Code    14  handlers.o(i.__scatterload_copy)
    __scatterload_null                       0x080033c5   Thumb Code     2  handlers.o(i.__scatterload_null)
    __scatterload_zeroinit                   0x080033c7   Thumb Code    14  handlers.o(i.__scatterload_zeroinit)
    F6x8                                     0x080033d4   Data         552  oled.o(.constdata)
    F14x16_Idx                               0x080035fc   Data          31  oled.o(.constdata)
    F14x16                                   0x0800361b   Data         420  oled.o(.constdata)
    F8X16                                    0x080037bf   Data        1520  oled.o(.constdata)
    LIBLOGO60x58                             0x08003daf   Data         480  oled.o(.constdata)
    Region$$Table$$Base                      0x08003f90   Number         0  anon$$obj.o(Region$$Table)
    Region$$Table$$Limit                     0x08003fb0   Number         0  anon$$obj.o(Region$$Table)
    SystemCoreClock                          0x20000000   Data           4  system_stm32f10x.o(.data)
    AHBPrescTable                            0x20000004   Data          16  system_stm32f10x.o(.data)
    longqiu96x64                             0x2000002c   Data         768  oled.o(.data)
    hEncoder_Timer_Overflow                  0x20000332   Data           2  encoder.o(.data)
    __initial_sp                             0x20000748   Data           0  startup_stm32f10x_hd.o(STACK)



==============================================================================

Memory Map of the image

  Image Entry point : 0x08000131

  Load Region LR_IROM1 (Base: 0x08000000, Size: 0x000042e8, Max: 0x00080000, ABSOLUTE, COMPRESSED[0x00004194])

    Execution Region ER_IROM1 (Base: 0x08000000, Size: 0x00003fb0, Max: 0x00080000, ABSOLUTE)

    Base Addr    Size         Type   Attr      Idx    E Section Name        Object

    0x08000000   0x00000130   Data   RO            3    RESET               startup_stm32f10x_hd.o
    0x08000130   0x00000000   Code   RO          544  * .ARM.Collect$$$$00000000  mc_w.l(entry.o)
    0x08000130   0x00000004   Code   RO          565    .ARM.Collect$$$$00000001  mc_w.l(entry2.o)
    0x08000134   0x00000004   Code   RO          568    .ARM.Collect$$$$00000004  mc_w.l(entry5.o)
    0x08000138   0x00000000   Code   RO          570    .ARM.Collect$$$$00000008  mc_w.l(entry7b.o)
    0x08000138   0x00000000   Code   RO          572    .ARM.Collect$$$$0000000A  mc_w.l(entry8b.o)
    0x08000138   0x00000008   Code   RO          573    .ARM.Collect$$$$0000000B  mc_w.l(entry9a.o)
    0x08000140   0x00000000   Code   RO          575    .ARM.Collect$$$$0000000D  mc_w.l(entry10a.o)
    0x08000140   0x00000000   Code   RO          577    .ARM.Collect$$$$0000000F  mc_w.l(entry11a.o)
    0x08000140   0x00000004   Code   RO          566    .ARM.Collect$$$$00002712  mc_w.l(entry2.o)
    0x08000144   0x00000024   Code   RO            4    .text               startup_stm32f10x_hd.o
    0x08000168   0x000001e0   Code   RO           24    .text               system_stm32f10x.o
    0x08000348   0x000000dc   Code   RO           77    .text               misc.o
    0x08000424   0x0000035c   Code   RO          242    .text               stm32f10x_gpio.o
    0x08000780   0x000003a4   Code   RO          302    .text               stm32f10x_rcc.o
    0x08000b24   0x00000e1a   Code   RO          361    .text               stm32f10x_tim.o
    0x0800193e   0x00000002   PAD
    0x08001940   0x00000070   Code   RO          406    .text               main.o
    0x080019b0   0x000000bc   Code   RO          432    .text               stm32f10x_it.o
    0x08001a6c   0x000000c8   Code   RO          444    .text               delay.o
    0x08001b34   0x00000fc8   Code   RO          473    .text               oled.o
    0x08002afc   0x00000284   Code   RO          525    .text               encoder.o
    0x08002d80   0x0000005a   Code   RO          547    .text               mc_w.l(ldiv.o)
    0x08002dda   0x0000014e   Code   RO          549    .text               mf_w.l(dadd.o)
    0x08002f28   0x000000e4   Code   RO          551    .text               mf_w.l(dmul.o)
    0x0800300c   0x000000de   Code   RO          553    .text               mf_w.l(ddiv.o)
    0x080030ea   0x00000022   Code   RO          555    .text               mf_w.l(dflti.o)
    0x0800310c   0x0000001a   Code   RO          557    .text               mf_w.l(dfltui.o)
    0x08003126   0x0000003e   Code   RO          559    .text               mf_w.l(dfixi.o)
    0x08003164   0x00000032   Code   RO          561    .text               mf_w.l(dfixui.o)
    0x08003196   0x00000002   PAD
    0x08003198   0x00000028   Code   RO          563    .text               mf_w.l(cdcmple.o)
    0x080031c0   0x00000062   Code   RO          579    .text               mc_w.l(uldiv.o)
    0x08003222   0x0000001e   Code   RO          581    .text               mc_w.l(llshl.o)
    0x08003240   0x00000020   Code   RO          583    .text               mc_w.l(llushr.o)
    0x08003260   0x00000024   Code   RO          585    .text               mc_w.l(llsshr.o)
    0x08003284   0x00000000   Code   RO          587    .text               mc_w.l(iusefp.o)
    0x08003284   0x000000b6   Code   RO          588    .text               mf_w.l(depilogue.o)
    0x0800333a   0x00000002   PAD
    0x0800333c   0x00000024   Code   RO          590    .text               mc_w.l(init.o)
    0x08003360   0x00000056   Code   RO          600    .text               mc_w.l(__dczerorl2.o)
    0x080033b6   0x0000000e   Code   RO          594    i.__scatterload_copy  mc_w.l(handlers.o)
    0x080033c4   0x00000002   Code   RO          595    i.__scatterload_null  mc_w.l(handlers.o)
    0x080033c6   0x0000000e   Code   RO          596    i.__scatterload_zeroinit  mc_w.l(handlers.o)
    0x080033d4   0x00000bbb   Data   RO          474    .constdata          oled.o
    0x08003f8f   0x00000001   PAD
    0x08003f90   0x00000020   Data   RO          592    Region$$Table       anon$$obj.o


    Execution Region RW_IRAM1 (Base: 0x20000000, Size: 0x00000748, Max: 0x00010000, ABSOLUTE, COMPRESSED[0x000001e4])

    Base Addr    Size         Type   Attr      Idx    E Section Name        Object

    0x20000000   0x00000014   Data   RW           25    .data               system_stm32f10x.o
    0x20000014   0x00000014   Data   RW          303    .data               stm32f10x_rcc.o
    0x20000028   0x00000004   Data   RW          445    .data               delay.o
    0x2000002c   0x00000300   Data   RW          475    .data               oled.o
    0x2000032c   0x0000000c   Data   RW          527    .data               encoder.o
    0x20000338   0x00000010   Zero   RW          526    .bss                encoder.o
    0x20000348   0x00000400   Zero   RW            1    STACK               startup_stm32f10x_hd.o


==============================================================================

Image component sizes


      Code (inc. data)   RO Data    RW Data    ZI Data      Debug   Object Name

         0          0          0          0          0       4272   core_cm3.o
       200          8          0          4          0       1173   delay.o
       644         42          0         12         16       2931   encoder.o
       112          6          0          0          0        479   main.o
       220         22          0          0          0       3465   misc.o
      4040         44       3003        768          0      13492   oled.o
        36          8        304          0       1024        828   startup_stm32f10x_hd.o
         0          0          0          0          0       8744   stm32f10x_adc.o
       860         38          0          0          0      13993   stm32f10x_gpio.o
       188         12          0          0          0       7460   stm32f10x_it.o
       932         36          0         20          0       8796   stm32f10x_rcc.o
      3610         88          0          0          0      42552   stm32f10x_tim.o
       480         38          0         20          0     204931   system_stm32f10x.o

    ----------------------------------------------------------------------
     11324        342       3340        824       1040     313116   Object Totals
         0          0         32          0          0          0   (incl. Generated)
         2          0          1          0          0          0   (incl. Padding)

    ----------------------------------------------------------------------

      Code (inc. data)   RO Data    RW Data    ZI Data      Debug   Library Member Name

        86          0          0          0          0          0   __dczerorl2.o
         0          0          0          0          0          0   entry.o
         0          0          0          0          0          0   entry10a.o
         0          0          0          0          0          0   entry11a.o
         8          4          0          0          0          0   entry2.o
         4          0          0          0          0          0   entry5.o
         0          0          0          0          0          0   entry7b.o
         0          0          0          0          0          0   entry8b.o
         8          4          0          0          0          0   entry9a.o
        30          0          0          0          0          0   handlers.o
        36          8          0          0          0         68   init.o
         0          0          0          0          0          0   iusefp.o
        90          0          0          0          0         84   ldiv.o
        30          0          0          0          0         68   llshl.o
        36          0          0          0          0         68   llsshr.o
        32          0          0          0          0         68   llushr.o
        98          0          0          0          0         92   uldiv.o
        40          2          0          0          0         68   cdcmple.o
       334          0          0          0          0        148   dadd.o
       222          0          0          0          0        100   ddiv.o
       182          0          0          0          0        176   depilogue.o
        62          0          0          0          0         80   dfixi.o
        50          0          0          0          0         76   dfixui.o
        34          0          0          0          0         76   dflti.o
        26          0          0          0          0         76   dfltui.o
       228          0          0          0          0         96   dmul.o

    ----------------------------------------------------------------------
      1640         18          0          0          0       1344   Library Totals
         4          0          0          0          0          0   (incl. Padding)

    ----------------------------------------------------------------------

      Code (inc. data)   RO Data    RW Data    ZI Data      Debug   Library Name

       458         16          0          0          0        448   mc_w.l
      1178          2          0          0          0        896   mf_w.l

    ----------------------------------------------------------------------
      1640         18          0          0          0       1344   Library Totals

    ----------------------------------------------------------------------

==============================================================================


      Code (inc. data)   RO Data    RW Data    ZI Data      Debug   

     12964        360       3340        824       1040     313184   Grand Totals
     12964        360       3340        484       1040     313184   ELF Image Totals (compressed)
     12964        360       3340        484          0          0   ROM Totals

==============================================================================

    Total RO  Size (Code + RO Data)                16304 (  15.92kB)
    Total RW  Size (RW Data + ZI Data)              1864 (   1.82kB)
    Total ROM Size (Code + RO Data + RW Data)      16788 (  16.39kB)

==============================================================================

