<html>
<body>
<pre>
<h1>µVision Build Log</h1>
<h2>Project:</h2>
F:\GitHub\STM32_study\STM32_study\new\Project\c8.uvproj
Project File Date:  07/28/2017

<h2>Output:</h2>
Rebuild target 'Target 1'
assembling startup_stm32f10x_hd.s...
compiling core_cm3.c...
compiling system_stm32f10x.c...
compiling stm32f10x_adc.c...
compiling misc.c...
compiling stm32f10x_bkp.c...
compiling stm32f10x_can.c...
compiling stm32f10x_cec.c...
compiling stm32f10x_crc.c...
compiling stm32f10x_dac.c...
compiling stm32f10x_dbgmcu.c...
compiling stm32f10x_dma.c...
compiling stm32f10x_exti.c...
compiling stm32f10x_flash.c...
compiling stm32f10x_fsmc.c...
compiling stm32f10x_gpio.c...
compiling stm32f10x_i2c.c...
compiling stm32f10x_iwdg.c...
compiling stm32f10x_pwr.c...
compiling stm32f10x_rcc.c...
compiling stm32f10x_rtc.c...
compiling stm32f10x_sdio.c...
compiling stm32f10x_spi.c...
compiling stm32f10x_tim.c...
compiling stm32f10x_usart.c...
compiling stm32f10x_wwdg.c...
compiling main.c...
linking...
Program Size: Code=2516 RO-data=336 RW-data=40 ZI-data=1024  
FromELF: creating hex file...
"..\Output\c8.axf" - 0 Error(s), 0 Warning(s).
</pre>
</body>
</html>
ation, 0 warning and 1 error messages.
"..\Output\c8.axf" - 1 Error(s), 0 Warning(s).
Target not created

..\Lib\cmsis\stm32f10x.h(298): error:  #67: expected a "}"
    ADC1_2_IRQn                 = 18,     /*!< ADC1 and ADC2 global Interrupt                       */
..\Lib\cmsis\stm32f10x.h(472): warning:  #12-D: parsing restarts here after previous syntax error
  } IRQn_Type;
..\Lib\fwlib\src\stm32f10x_bkp.c: 1 warning, 1 error
compiling stm32f10x_can.c...
..\Lib\cmsis\stm32f10x.h(298): error:  #67: expected a "}"
    ADC1_2_IRQn                 = 18,     /*!< ADC1 and ADC2 global Interrupt                       */
..\Lib\cmsis\stm32f10x.h(472): warning:  #12-D: parsing restarts here after previous syntax error
  } IRQn_Type;
..\Lib\fwlib\src\stm32f10x_can.c: 1 warning, 1 error
compiling stm32f10x_cec.c...
..\Lib\cmsis\stm32f10x.h(298): error:  #67: expected a "}"
    ADC1_2_IRQn                 = 18,     /*!< ADC1 and ADC2 global Interrupt                       */
..\Lib\cmsis\stm32f10x.h(472): warning:  #12-D: parsing restarts here after previous syntax error
  } IRQn_Type;
..\Lib\fwlib\src\stm32f10x_cec.c: 1 warning, 1 error
compiling stm32f10x_crc.c...
..\Lib\cmsis\stm32f10x.h(298): error:  #67: expected a "}"
    ADC1_2_IRQn                 = 18,     /*!< ADC1 and ADC2 global Interrupt                       */
..\Lib\cmsis\stm32f10x.h(472): warning:  #12-D: parsing restarts here after previous syntax error
  } IRQn_Type;
..\Lib\fwlib\src\stm32f10x_crc.c: 1 warning, 1 error
compiling stm32f10x_dac.c...
..\Lib\cmsis\stm32f10x.h(298): error:  #67: expected a "}"
    ADC1_2_IRQn                 = 18,     /*!< ADC1 and ADC2 global Interrupt                       */
..\Lib\cmsis\stm32f10x.h(472): warning:  #12-D: parsing restarts here after previous syntax error
  } IRQn_Type;
..\Lib\fwlib\src\stm32f10x_dac.c: 1 warning, 1 error
compiling stm32f10x_dbgmcu.c...
..\Lib\cmsis\stm32f10x.h(298): error:  #67: expected a "}"
    ADC1_2_IRQn                 = 18,     /*!< ADC1 and ADC2 global Interrupt                       */
..\Lib\cmsis\stm32f10x.h(472): warning:  #12-D: parsing restarts here after previous syntax error
  } IRQn_Type;
..\Lib\fwlib\src\stm32f10x_dbgmcu.c: 1 warning, 1 error
compiling stm32f10x_dma.c...
..\Lib\cmsis\stm32f10x.h(298): error:  #67: expected a "}"
    ADC1_2_IRQn                 = 18,     /*!< ADC1 and ADC2 global Interrupt                       */
..\Lib\cmsis\stm32f10x.h(472): warning:  #12-D: parsing restarts here after previous syntax error
  } IRQn_Type;
..\Lib\fwlib\src\stm32f10x_dma.c: 1 warning, 1 error
compiling stm32f10x_exti.c...
..\Lib\cmsis\stm32f10x.h(298): error:  #67: expected a "}"
    ADC1_2_IRQn                 = 18,     /*!< ADC1 and ADC2 global Interrupt                       */
..\Lib\cmsis\stm32f10x.h(472): warning:  #12-D: parsing restarts here after previous syntax error
  } IRQn_Type;
..\Lib\fwlib\src\stm32f10x_exti.c: 1 warning, 1 error
compiling stm32f10x_flash.c...
..\Lib\cmsis\stm32f10x.h(298): error:  #67: expected a "}"
    ADC1_2_IRQn                 = 18,     /*!< ADC1 and ADC2 global Interrupt                       */
..\Lib\cmsis\stm32f10x.h(472): warning:  #12-D: parsing restarts here after previous syntax error
  } IRQn_Type;
..\Lib\fwlib\src\stm32f10x_flash.c: 1 warning, 1 error
compiling stm32f10x_fsmc.c...
..\Lib\cmsis\stm32f10x.h(298): error:  #67: expected a "}"
    ADC1_2_IRQn                 = 18,     /*!< ADC1 and ADC2 global Interrupt                       */
..\Lib\cmsis\stm32f10x.h(472): warning:  #12-D: parsing restarts here after previous syntax error
  } IRQn_Type;
..\Lib\fwlib\src\stm32f10x_fsmc.c: 1 warning, 1 error
compiling stm32f10x_gpio.c...
..\Lib\cmsis\stm32f10x.h(298): error:  #67: expected a "}"
    ADC1_2_IRQn                 = 18,     /*!< ADC1 and ADC2 global Interrupt                       */
..\Lib\cmsis\stm32f10x.h(472): warning:  #12-D: parsing restarts here after previous syntax error
  } IRQn_Type;
..\Lib\fwlib\src\stm32f10x_gpio.c: 1 warning, 1 error
compiling stm32f10x_i2c.c...
..\Lib\cmsis\stm32f10x.h(298): error:  #67: expected a "}"
    ADC1_2_IRQn                 = 18,     /*!< ADC1 and ADC2 global Interrupt                       */
..\Lib\cmsis\stm32f10x.h(472): warning:  #12-D: parsing restarts here after previous syntax error
  } IRQn_Type;
..\Lib\fwlib\src\stm32f10x_i2c.c: 1 warning, 1 error
compiling stm32f10x_iwdg.c...
..\Lib\cmsis\stm32f10x.h(298): error:  #67: expected a "}"
    ADC1_2_IRQn                 = 18,     /*!< ADC1 and ADC2 global Interrupt                       */
..\Lib\cmsis\stm32f10x.h(472): warning:  #12-D: parsing restarts here after previous syntax error
  } IRQn_Type;
..\Lib\fwlib\src\stm32f10x_iwdg.c: 1 warning, 1 error
compiling stm32f10x_pwr.c...
..\Lib\cmsis\stm32f10x.h(298): error:  #67: expected a "}"
    ADC1_2_IRQn                 = 18,     /*!< ADC1 and ADC2 global Interrupt                       */
..\Lib\cmsis\stm32f10x.h(472): warning:  #12-D: parsing restarts here after previous syntax error
  } IRQn_Type;
..\Lib\fwlib\src\stm32f10x_pwr.c: 1 warning, 1 error
compiling stm32f10x_rcc.c...
..\Lib\cmsis\stm32f10x.h(298): error:  #67: expected a "}"
    ADC1_2_IRQn                 = 18,     /*!< ADC1 and ADC2 global Interrupt                       */
..\Lib\cmsis\stm32f10x.h(472): warning:  #12-D: parsing restarts here after previous syntax error
  } IRQn_Type;
..\Lib\fwlib\src\stm32f10x_rcc.c: 1 warning, 1 error
compiling stm32f10x_rtc.c...
..\Lib\cmsis\stm32f10x.h(298): error:  #67: expected a "}"
    ADC1_2_IRQn                 = 18,     /*!< ADC1 and ADC2 global Interrupt                       */
..\Lib\cmsis\stm32f10x.h(472): warning:  #12-D: parsing restarts here after previous syntax error
  } IRQn_Type;
..\Lib\fwlib\src\stm32f10x_rtc.c: 1 warning, 1 error
compiling stm32f10x_sdio.c...
..\Lib\cmsis\stm32f10x.h(298): error:  #67: expected a "}"
    ADC1_2_IRQn                 = 18,     /*!< ADC1 and ADC2 global Interrupt                       */
..\Lib\cmsis\stm32f10x.h(472): warning:  #12-D: parsing restarts here after previous syntax error
  } IRQn_Type;
..\Lib\fwlib\src\stm32f10x_sdio.c: 1 warning, 1 error
compiling stm32f10x_spi.c...
..\Lib\cmsis\stm32f10x.h(298): error:  #67: expected a "}"
    ADC1_2_IRQn                 = 18,     /*!< ADC1 and ADC2 global Interrupt                       */
..\Lib\cmsis\stm32f10x.h(472): warning:  #12-D: parsing restarts here after previous syntax error
  } IRQn_Type;
..\Lib\fwlib\src\stm32f10x_spi.c: 1 warning, 1 error
compiling stm32f10x_tim.c...
..\Lib\cmsis\stm32f10x.h(298): error:  #67: expected a "}"
    ADC1_2_IRQn                 = 18,     /*!< ADC1 and ADC2 global Interrupt                       */
..\Lib\cmsis\stm32f10x.h(472): warning:  #12-D: parsing restarts here after previous syntax error
  } IRQn_Type;
..\Lib\fwlib\src\stm32f10x_tim.c: 1 warning, 1 error
compiling stm32f10x_usart.c...
..\Lib\cmsis\stm32f10x.h(298): error:  #67: expected a "}"
    ADC1_2_IRQn                 = 18,     /*!< ADC1 and ADC2 global Interrupt                       */
..\Lib\cmsis\stm32f10x.h(472): warning:  #12-D: parsing restarts here after previous syntax error
  } IRQn_Type;
..\Lib\fwlib\src\stm32f10x_usart.c: 1 warning, 1 error
compiling stm32f10x_wwdg.c...
..\Lib\cmsis\stm32f10x.h(298): error:  #67: expected a "}"
    ADC1_2_IRQn                 = 18,     /*!< ADC1 and ADC2 global Interrupt                       */
..\Lib\cmsis\stm32f10x.h(472): warning:  #12-D: parsing restarts here after previous syntax error
  } IRQn_Type;
..\Lib\fwlib\src\stm32f10x_wwdg.c: 1 warning, 1 error
compiling main.c...
..\Lib\cmsis\stm32f10x.h(298): error:  #67: expected a "}"
    ADC1_2_IRQn                 = 18,     /*!< ADC1 and ADC2 global Interrupt                       */
..\Lib\cmsis\stm32f10x.h(472): warning:  #12-D: parsing restarts here after previous syntax error
  } IRQn_Type;
..\User\main.c(10): warning:  #223-D: function "RCC_APB2PeriphClockCmd" declared implicitly
        RCC_APB2PeriphClockCmd(RCC_APB2Periph_GPIOB     , ENABLE);
..\User\main.c(10): error:  #20: identifier "RCC_APB2Periph_GPIOB" is undefined
        RCC_APB2PeriphClockCmd(RCC_APB2Periph_GPIOB     , ENABLE);
..\User\main.c: 2 warnings, 2 errors
"..\Output\c8.axf" - 26 Error(s), 26 Warning(s).
Target not created
compiling main.c...
..\Lib\cmsis\stm32f10x.h(298): error:  #67: expected a "}"
    ADC1_2_IRQn                 = 18,     /*!< ADC1 and ADC2 global Interrupt                       */
..\Lib\cmsis\stm32f10x.h(472): warning:  #12-D: parsing restarts here after previous syntax error
  } IRQn_Type;
..\User\main.c(10): warning:  #223-D: function "RCC_APB2PeriphClockCmd" declared implicitly
        RCC_APB2PeriphClockCmd(RCC_APB2Periph_GPIOB     , ENABLE);
..\User\main.c(10): error:  #20: identifier "RCC_APB2Periph_GPIOB" is undefined
        RCC_APB2PeriphClockCmd(RCC_APB2Periph_GPIOB     , ENABLE);
..\User\main.c: 2 warnings, 2 errors
"..\User\main.c" - 2 Error(s), 2 Warning(s).
compiling main.c...
..\User\main.c(10): warning:  #223-D: function "RCC_APB2PeriphClockCmd" declared implicitly
        RCC_APB2PeriphClockCmd(RCC_APB2Periph_GPIOB     , ENABLE);
..\User\main.c(10): error:  #20: identifier "RCC_APB2Periph_GPIOB" is undefined
        RCC_APB2PeriphClockCmd(RCC_APB2Periph_GPIOB     , ENABLE);
..\User\main.c: 1 warning, 1 error
"..\User\main.c" - 1 Error(s), 1 Warning(s).
compiling main.c...
"..\User\main.c" - 0 Error(s), 0 Warning(s).
