Product: MDK-ARM Standard 5.10
Component: ARM Compiler 5.04 update 1 (build 49)
Tool: armlink [5040049]

==============================================================================

Section Cross References

    startup_stm32f10x_hd.o(RESET) refers to startup_stm32f10x_hd.o(STACK) for __initial_sp
    startup_stm32f10x_hd.o(RESET) refers to startup_stm32f10x_hd.o(.text) for Reset_Handler
    startup_stm32f10x_hd.o(RESET) refers to stm32f10x_it.o(.text) for WWDG_IRQHandler
    startup_stm32f10x_hd.o(.text) refers to system_stm32f10x.o(.text) for SystemInit
    startup_stm32f10x_hd.o(.text) refers to entry.o(.ARM.Collect$$$$00000000) for __main
    system_stm32f10x.o(.text) refers to system_stm32f10x.o(.data) for SystemCoreClock
    stm32f10x_adc.o(.text) refers to stm32f10x_rcc.o(.text) for RCC_APB2PeriphResetCmd
    stm32f10x_bkp.o(.text) refers to stm32f10x_rcc.o(.text) for RCC_BackupResetCmd
    stm32f10x_can.o(.text) refers to stm32f10x_rcc.o(.text) for RCC_APB1PeriphResetCmd
    stm32f10x_cec.o(.text) refers to stm32f10x_rcc.o(.text) for RCC_APB1PeriphResetCmd
    stm32f10x_dac.o(.text) refers to stm32f10x_rcc.o(.text) for RCC_APB1PeriphResetCmd
    stm32f10x_gpio.o(.text) refers to stm32f10x_rcc.o(.text) for RCC_APB2PeriphResetCmd
    stm32f10x_i2c.o(.text) refers to stm32f10x_rcc.o(.text) for RCC_APB1PeriphResetCmd
    stm32f10x_pwr.o(.text) refers to stm32f10x_rcc.o(.text) for RCC_APB1PeriphResetCmd
    stm32f10x_rcc.o(.text) refers to stm32f10x_rcc.o(.data) for APBAHBPrescTable
    stm32f10x_spi.o(.text) refers to stm32f10x_rcc.o(.text) for RCC_APB2PeriphResetCmd
    stm32f10x_tim.o(.text) refers to stm32f10x_rcc.o(.text) for RCC_APB2PeriphResetCmd
    stm32f10x_usart.o(.text) refers to stm32f10x_rcc.o(.text) for RCC_APB2PeriphResetCmd
    stm32f10x_wwdg.o(.text) refers to stm32f10x_rcc.o(.text) for RCC_APB1PeriphResetCmd
    main.o(.text) refers to oled.o(.text) for OLED_Init
    main.o(.text) refers to delay.o(.text) for delay_init
    main.o(.text) refers to i2c.o(.text) for I2C_INIT
    main.o(.text) refers to mpu6050.o(.text) for InitMPU6050
    main.o(.text) refers to imu.o(.text) for Get_Attitude
    main.o(.text) refers to f2d.o(.text) for __aeabi_f2d
    main.o(.text) refers to imu.o(.bss) for angle
    delay.o(.text) refers to delay.o(.data) for fac_us
    moto.o(.text) refers to stm32f10x_rcc.o(.text) for RCC_APB1PeriphClockCmd
    moto.o(.text) refers to stm32f10x_tim.o(.text) for TIM_TimeBaseInit
    moto.o(.text) refers to stm32f10x_gpio.o(.text) for GPIO_PinRemapConfig
    oled.o(.text) refers to stm32f10x_gpio.o(.text) for GPIO_SetBits
    oled.o(.text) refers to stm32f10x_rcc.o(.text) for RCC_APB2PeriphClockCmd
    oled.o(.text) refers to cdcmple.o(.text) for __aeabi_cdcmple
    oled.o(.text) refers to dfixi.o(.text) for __aeabi_d2iz
    oled.o(.text) refers to dflti.o(.text) for __aeabi_i2d
    oled.o(.text) refers to dadd.o(.text) for __aeabi_drsub
    oled.o(.text) refers to dmul.o(.text) for __aeabi_dmul
    oled.o(.text) refers to dfixui.o(.text) for __aeabi_d2uiz
    oled.o(.text) refers to oled.o(.constdata) for F6x8
    oled.o(.text) refers to dfltui.o(.text) for __aeabi_ui2d
    oled.o(.text) refers to oled.o(.data) for longqiu96x64
    tim_pwm_in.o(.text) refers to stm32f10x_rcc.o(.text) for RCC_APB1PeriphClockCmd
    tim_pwm_in.o(.text) refers to stm32f10x_gpio.o(.text) for GPIO_PinRemapConfig
    tim_pwm_in.o(.text) refers to stm32f10x_tim.o(.text) for TIM_TimeBaseInit
    time.o(.text) refers to stm32f10x_rcc.o(.text) for RCC_APB1PeriphClockCmd
    time.o(.text) refers to stm32f10x_tim.o(.text) for TIM_DeInit
    time.o(.text) refers to misc.o(.text) for NVIC_PriorityGroupConfig
    encoder.o(.text) refers to stm32f10x_rcc.o(.text) for RCC_APB1PeriphClockCmd
    encoder.o(.text) refers to stm32f10x_gpio.o(.text) for GPIO_StructInit
    encoder.o(.text) refers to misc.o(.text) for NVIC_Init
    encoder.o(.text) refers to stm32f10x_tim.o(.text) for TIM_DeInit
    encoder.o(.text) refers to dflti.o(.text) for __aeabi_i2d
    encoder.o(.text) refers to dmul.o(.text) for __aeabi_dmul
    encoder.o(.text) refers to ddiv.o(.text) for __aeabi_ddiv
    encoder.o(.text) refers to dfixi.o(.text) for __aeabi_d2iz
    encoder.o(.text) refers to ldiv.o(.text) for __aeabi_ldivmod
    encoder.o(.text) refers to encoder.o(.bss) for hSpeed_Buffer
    encoder.o(.text) refers to encoder.o(.data) for bIs_First_Measurement
    i2c.o(.text) refers to stm32f10x_rcc.o(.text) for RCC_APB2PeriphClockCmd
    i2c.o(.text) refers to stm32f10x_gpio.o(.text) for GPIO_Init
    imu.o(.text) refers to dadd.o(.text) for __aeabi_dadd
    imu.o(.text) refers to ddiv.o(.text) for __aeabi_ddiv
    imu.o(.text) refers to dmul.o(.text) for __aeabi_dmul
    imu.o(.text) refers to fmul.o(.text) for __aeabi_fmul
    imu.o(.text) refers to fadd.o(.text) for __aeabi_frsub
    imu.o(.text) refers to cfcmple.o(.text) for __aeabi_cfcmple
    imu.o(.text) refers to fdiv.o(.text) for __aeabi_fdiv
    imu.o(.text) refers to cfrcmple.o(.text) for __aeabi_cfrcmple
    imu.o(.text) refers to f2d.o(.text) for __aeabi_f2d
    imu.o(.text) refers to d2f.o(.text) for __aeabi_d2f
    imu.o(.text) refers to mpu6050.o(.text) for MPU6050_Dataanl
    imu.o(.text) refers to dflti.o(.text) for __aeabi_i2d
    imu.o(.text) refers to dfixi.o(.text) for __aeabi_d2iz
    imu.o(.text) refers to imu.o(.data) for x_last
    imu.o(.text) refers to mpu6050.o(.bss) for sensor
    imu.o(.text) refers to atan2.o(i.atan2) for atan2
    imu.o(.text) refers to asin.o(i.asin) for asin
    imu.o(.text) refers to cdrcmple.o(.text) for __aeabi_cdrcmple
    imu.o(.text) refers to cdcmple.o(.text) for __aeabi_cdcmple
    imu.o(.text) refers to imu.o(.bss) for angle
    imu.o(.text) refers to fflti.o(.text) for __aeabi_i2f
    mpu6050.o(.text) refers to i2c.o(.text) for Single_Write
    mpu6050.o(.text) refers to dflti.o(.text) for __aeabi_i2d
    mpu6050.o(.text) refers to dmul.o(.text) for __aeabi_dmul
    mpu6050.o(.text) refers to dadd.o(.text) for __aeabi_dsub
    mpu6050.o(.text) refers to d2f.o(.text) for __aeabi_d2f
    mpu6050.o(.text) refers to delay.o(.text) for delay_ms
    mpu6050.o(.text) refers to mpu6050.o(.bss) for mpu6050_buffer
    asin.o(i.__softfp_asin) refers (Special) to iusefp.o(.text) for __I$use$fp
    asin.o(i.__softfp_asin) refers to asin.o(i.asin) for asin
    asin.o(i.asin) refers (Special) to iusefp.o(.text) for __I$use$fp
    asin.o(i.asin) refers to dscalb.o(.text) for __ARM_scalbn
    asin.o(i.asin) refers to dmul.o(.text) for __aeabi_dmul
    asin.o(i.asin) refers to dadd.o(.text) for __aeabi_dadd
    asin.o(i.asin) refers to errno.o(i.__set_errno) for __set_errno
    asin.o(i.asin) refers to ddiv.o(.text) for __aeabi_ddiv
    asin.o(i.asin) refers to fpclassify.o(i.__ARM_fpclassify) for __ARM_fpclassify
    asin.o(i.asin) refers to dunder.o(i.__mathlib_dbl_underflow) for __mathlib_dbl_underflow
    asin.o(i.asin) refers to poly.o(i.__kernel_poly) for __kernel_poly
    asin.o(i.asin) refers to sqrt.o(i.sqrt) for sqrt
    asin.o(i.asin) refers to asin.o(.constdata) for .constdata
    asin.o(.constdata) refers (Special) to iusefp.o(.text) for __I$use$fp
    asin_x.o(i.____softfp_asin$lsc) refers (Special) to iusefp.o(.text) for __I$use$fp
    asin_x.o(i.____softfp_asin$lsc) refers to asin_x.o(i.__asin$lsc) for __asin$lsc
    asin_x.o(i.__asin$lsc) refers (Special) to iusefp.o(.text) for __I$use$fp
    asin_x.o(i.__asin$lsc) refers to dscalb.o(.text) for __ARM_scalbn
    asin_x.o(i.__asin$lsc) refers to dmul.o(.text) for __aeabi_dmul
    asin_x.o(i.__asin$lsc) refers to dadd.o(.text) for __aeabi_dadd
    asin_x.o(i.__asin$lsc) refers to errno.o(i.__set_errno) for __set_errno
    asin_x.o(i.__asin$lsc) refers to poly.o(i.__kernel_poly) for __kernel_poly
    asin_x.o(i.__asin$lsc) refers to ddiv.o(.text) for __aeabi_ddiv
    asin_x.o(i.__asin$lsc) refers to sqrt.o(i.sqrt) for sqrt
    asin_x.o(i.__asin$lsc) refers to asin_x.o(.constdata) for .constdata
    asin_x.o(.constdata) refers (Special) to iusefp.o(.text) for __I$use$fp
    atan2.o(i.__softfp_atan2) refers (Special) to iusefp.o(.text) for __I$use$fp
    atan2.o(i.__softfp_atan2) refers to atan2.o(i.atan2) for atan2
    atan2.o(i.atan2) refers (Special) to iusefp.o(.text) for __I$use$fp
    atan2.o(i.atan2) refers to dadd.o(.text) for __aeabi_dadd
    atan2.o(i.atan2) refers to atan.o(i.atan) for atan
    atan2.o(i.atan2) refers to ddiv.o(.text) for __aeabi_ddiv
    atan2.o(i.atan2) refers to qnan.o(.constdata) for __mathlib_zero
    atan2_x.o(i.____softfp_atan2$lsc) refers (Special) to iusefp.o(.text) for __I$use$fp
    atan2_x.o(i.____softfp_atan2$lsc) refers to atan2_x.o(i.__atan2$lsc) for __atan2$lsc
    atan2_x.o(i.__atan2$lsc) refers (Special) to iusefp.o(.text) for __I$use$fp
    atan2_x.o(i.__atan2$lsc) refers to dadd.o(.text) for __aeabi_dadd
    atan2_x.o(i.__atan2$lsc) refers to atan.o(i.atan) for atan
    atan2_x.o(i.__atan2$lsc) refers to errno.o(i.__set_errno) for __set_errno
    atan2_x.o(i.__atan2$lsc) refers to ddiv.o(.text) for __aeabi_ddiv
    atan2_x.o(i.__atan2$lsc) refers to qnan.o(.constdata) for __mathlib_zero
    entry.o(.ARM.Collect$$$$00000000) refers (Special) to entry10a.o(.ARM.Collect$$$$0000000D) for __rt_final_cpp
    entry.o(.ARM.Collect$$$$00000000) refers (Special) to entry11a.o(.ARM.Collect$$$$0000000F) for __rt_final_exit
    entry.o(.ARM.Collect$$$$00000000) refers (Special) to entry7b.o(.ARM.Collect$$$$00000008) for _main_clock
    entry.o(.ARM.Collect$$$$00000000) refers (Special) to entry8b.o(.ARM.Collect$$$$0000000A) for _main_cpp_init
    entry.o(.ARM.Collect$$$$00000000) refers (Special) to entry9a.o(.ARM.Collect$$$$0000000B) for _main_init
    entry.o(.ARM.Collect$$$$00000000) refers (Special) to entry5.o(.ARM.Collect$$$$00000004) for _main_scatterload
    entry.o(.ARM.Collect$$$$00000000) refers (Special) to entry2.o(.ARM.Collect$$$$00000001) for _main_stk
    ldiv.o(.text) refers to uldiv.o(.text) for __aeabi_uldivmod
    fadd.o(.text) refers (Special) to iusefp.o(.text) for __I$use$fp
    fadd.o(.text) refers to fepilogue.o(.text) for _float_epilogue
    fmul.o(.text) refers (Special) to iusefp.o(.text) for __I$use$fp
    fdiv.o(.text) refers (Special) to iusefp.o(.text) for __I$use$fp
    fdiv.o(.text) refers to fepilogue.o(.text) for _float_round
    dadd.o(.text) refers (Special) to iusefp.o(.text) for __I$use$fp
    dadd.o(.text) refers to llshl.o(.text) for __aeabi_llsl
    dadd.o(.text) refers to llsshr.o(.text) for __aeabi_lasr
    dadd.o(.text) refers to depilogue.o(.text) for _double_epilogue
    dmul.o(.text) refers (Special) to iusefp.o(.text) for __I$use$fp
    dmul.o(.text) refers to depilogue.o(.text) for _double_epilogue
    ddiv.o(.text) refers (Special) to iusefp.o(.text) for __I$use$fp
    ddiv.o(.text) refers to depilogue.o(.text) for _double_round
    fflti.o(.text) refers (Special) to iusefp.o(.text) for __I$use$fp
    fflti.o(.text) refers to fepilogue.o(.text) for _float_epilogue
    dflti.o(.text) refers (Special) to iusefp.o(.text) for __I$use$fp
    dflti.o(.text) refers to depilogue.o(.text) for _double_epilogue
    dfltui.o(.text) refers (Special) to iusefp.o(.text) for __I$use$fp
    dfltui.o(.text) refers to depilogue.o(.text) for _double_epilogue
    dfixi.o(.text) refers (Special) to iusefp.o(.text) for __I$use$fp
    dfixi.o(.text) refers to llushr.o(.text) for __aeabi_llsr
    dfixui.o(.text) refers (Special) to iusefp.o(.text) for __I$use$fp
    dfixui.o(.text) refers to llushr.o(.text) for __aeabi_llsr
    f2d.o(.text) refers (Special) to iusefp.o(.text) for __I$use$fp
    cdcmple.o(.text) refers (Special) to iusefp.o(.text) for __I$use$fp
    cdrcmple.o(.text) refers (Special) to iusefp.o(.text) for __I$use$fp
    d2f.o(.text) refers (Special) to iusefp.o(.text) for __I$use$fp
    d2f.o(.text) refers to fepilogue.o(.text) for _float_round
    cfcmple.o(.text) refers (Special) to iusefp.o(.text) for __I$use$fp
    cfrcmple.o(.text) refers (Special) to iusefp.o(.text) for __I$use$fp
    atan.o(i.__softfp_atan) refers (Special) to iusefp.o(.text) for __I$use$fp
    atan.o(i.__softfp_atan) refers to atan.o(i.atan) for atan
    atan.o(i.atan) refers (Special) to iusefp.o(.text) for __I$use$fp
    atan.o(i.atan) refers to dscalb.o(.text) for __ARM_scalbn
    atan.o(i.atan) refers to fpclassify.o(i.__ARM_fpclassify) for __ARM_fpclassify
    atan.o(i.atan) refers to dunder.o(i.__mathlib_dbl_underflow) for __mathlib_dbl_underflow
    atan.o(i.atan) refers to dadd.o(.text) for __aeabi_dadd
    atan.o(i.atan) refers to ddiv.o(.text) for __aeabi_ddiv
    atan.o(i.atan) refers to dmul.o(.text) for __aeabi_dmul
    atan.o(i.atan) refers to poly.o(i.__kernel_poly) for __kernel_poly
    atan.o(i.atan) refers to atan.o(.constdata) for .constdata
    atan.o(.constdata) refers (Special) to iusefp.o(.text) for __I$use$fp
    atan_x.o(i.____softfp_atan$lsc) refers (Special) to iusefp.o(.text) for __I$use$fp
    atan_x.o(i.____softfp_atan$lsc) refers to atan_x.o(i.__atan$lsc) for __atan$lsc
    atan_x.o(i.__atan$lsc) refers (Special) to iusefp.o(.text) for __I$use$fp
    atan_x.o(i.__atan$lsc) refers to dscalb.o(.text) for __ARM_scalbn
    atan_x.o(i.__atan$lsc) refers to dadd.o(.text) for __aeabi_dadd
    atan_x.o(i.__atan$lsc) refers to ddiv.o(.text) for __aeabi_ddiv
    atan_x.o(i.__atan$lsc) refers to dmul.o(.text) for __aeabi_dmul
    atan_x.o(i.__atan$lsc) refers to poly.o(i.__kernel_poly) for __kernel_poly
    atan_x.o(i.__atan$lsc) refers to atan_x.o(.constdata) for .constdata
    atan_x.o(.constdata) refers (Special) to iusefp.o(.text) for __I$use$fp
    dunder.o(i.__mathlib_dbl_underflow) refers to dscalb.o(.text) for __ARM_scalbn
    fpclassify.o(i.__ARM_fpclassify) refers (Special) to iusefp.o(.text) for __I$use$fp
    poly.o(i.__kernel_poly) refers (Special) to iusefp.o(.text) for __I$use$fp
    poly.o(i.__kernel_poly) refers to dmul.o(.text) for __aeabi_dmul
    poly.o(i.__kernel_poly) refers to dadd.o(.text) for __aeabi_dadd
    qnan.o(.constdata) refers (Special) to iusefp.o(.text) for __I$use$fp
    sqrt.o(i.__softfp_sqrt) refers (Special) to iusefp.o(.text) for __I$use$fp
    sqrt.o(i.__softfp_sqrt) refers to dsqrt.o(.text) for _dsqrt
    sqrt.o(i.__softfp_sqrt) refers to errno.o(i.__set_errno) for __set_errno
    sqrt.o(i.sqrt) refers (Special) to iusefp.o(.text) for __I$use$fp
    sqrt.o(i.sqrt) refers to dsqrt.o(.text) for _dsqrt
    sqrt.o(i.sqrt) refers to errno.o(i.__set_errno) for __set_errno
    sqrt_x.o(i.____softfp_sqrt$lsc) refers (Special) to iusefp.o(.text) for __I$use$fp
    sqrt_x.o(i.____softfp_sqrt$lsc) refers to cdcmple.o(.text) for __aeabi_cdcmple
    sqrt_x.o(i.____softfp_sqrt$lsc) refers to errno.o(i.__set_errno) for __set_errno
    sqrt_x.o(i.____softfp_sqrt$lsc) refers to dsqrt.o(.text) for _dsqrt
    sqrt_x.o(i.__sqrt$lsc) refers (Special) to iusefp.o(.text) for __I$use$fp
    sqrt_x.o(i.__sqrt$lsc) refers to cdcmple.o(.text) for __aeabi_cdcmple
    sqrt_x.o(i.__sqrt$lsc) refers to errno.o(i.__set_errno) for __set_errno
    sqrt_x.o(i.__sqrt$lsc) refers to dsqrt.o(.text) for _dsqrt
    entry2.o(.ARM.Collect$$$$00000001) refers to entry2.o(.ARM.Collect$$$$00002712) for __lit__00000000
    entry2.o(.ARM.Collect$$$$00002712) refers to startup_stm32f10x_hd.o(STACK) for __initial_sp
    entry2.o(__vectab_stack_and_reset_area) refers to startup_stm32f10x_hd.o(STACK) for __initial_sp
    entry2.o(__vectab_stack_and_reset_area) refers to entry.o(.ARM.Collect$$$$00000000) for __main
    entry5.o(.ARM.Collect$$$$00000004) refers to init.o(.text) for __scatterload
    entry9a.o(.ARM.Collect$$$$0000000B) refers to main.o(.text) for main
    entry9b.o(.ARM.Collect$$$$0000000C) refers to main.o(.text) for main
    uldiv.o(.text) refers to llushr.o(.text) for __aeabi_llsr
    uldiv.o(.text) refers to llshl.o(.text) for __aeabi_llsl
    errno.o(i.__aeabi_errno_addr) refers to errno.o(.data) for .data
    errno.o(i.__read_errno) refers to errno.o(.data) for .data
    errno.o(i.__set_errno) refers to errno.o(.data) for .data
    depilogue.o(.text) refers to llshl.o(.text) for __aeabi_llsl
    depilogue.o(.text) refers to llushr.o(.text) for __aeabi_llsr
    init.o(.text) refers to entry5.o(.ARM.Collect$$$$00000004) for __main_after_scatterload
    dsqrt.o(.text) refers to llushr.o(.text) for __aeabi_llsr
    dsqrt.o(.text) refers to depilogue.o(.text) for _double_round


==============================================================================

Removing Unused input sections from the image.

    Removing startup_stm32f10x_hd.o(HEAP), (512 bytes).
    Removing core_cm3.o(.emb_text), (32 bytes).
    Removing stm32f10x_adc.o(.text), (1102 bytes).
    Removing misc.o(.text), (220 bytes).
    Removing stm32f10x_bkp.o(.text), (196 bytes).
    Removing stm32f10x_can.o(.text), (2544 bytes).
    Removing stm32f10x_cec.o(.text), (288 bytes).
    Removing stm32f10x_crc.o(.text), (72 bytes).
    Removing stm32f10x_dac.o(.text), (396 bytes).
    Removing stm32f10x_dbgmcu.o(.text), (48 bytes).
    Removing stm32f10x_dma.o(.text), (596 bytes).
    Removing stm32f10x_exti.o(.text), (284 bytes).
    Removing stm32f10x_flash.o(.text), (1468 bytes).
    Removing stm32f10x_fsmc.o(.text), (1548 bytes).
    Removing stm32f10x_i2c.o(.text), (1028 bytes).
    Removing stm32f10x_iwdg.o(.text), (64 bytes).
    Removing stm32f10x_pwr.o(.text), (204 bytes).
    Removing stm32f10x_rtc.o(.text), (328 bytes).
    Removing stm32f10x_sdio.o(.text), (468 bytes).
    Removing stm32f10x_spi.o(.text), (780 bytes).
    Removing stm32f10x_tim.o(.text), (3610 bytes).
    Removing stm32f10x_usart.o(.text), (1032 bytes).
    Removing stm32f10x_wwdg.o(.text), (136 bytes).
    Removing moto.o(.text), (644 bytes).
    Removing tim_pwm_in.o(.text), (212 bytes).
    Removing tim_pwm_in.o(.data), (4 bytes).
    Removing time.o(.text), (292 bytes).
    Removing encoder.o(.text), (644 bytes).
    Removing encoder.o(.bss), (16 bytes).
    Removing encoder.o(.data), (12 bytes).
    Removing mpu6050.o(.data), (1 bytes).

31 unused section(s) (total 18781 bytes) removed from the image.

==============================================================================

Image Symbol Table

    Local Symbols

    Symbol Name                              Value     Ov Type        Size  Object(Section)

    ../clib/../cmprslib/zerorunl2.c          0x00000000   Number         0  __dczerorl2.o ABSOLUTE
    ../clib/microlib/division.c              0x00000000   Number         0  uldiv.o ABSOLUTE
    ../clib/microlib/division.c              0x00000000   Number         0  ldiv.o ABSOLUTE
    ../clib/microlib/errno.c                 0x00000000   Number         0  errno.o ABSOLUTE
    ../clib/microlib/init/entry.s            0x00000000   Number         0  entry10b.o ABSOLUTE
    ../clib/microlib/init/entry.s            0x00000000   Number         0  entry7b.o ABSOLUTE
    ../clib/microlib/init/entry.s            0x00000000   Number         0  entry7a.o ABSOLUTE
    ../clib/microlib/init/entry.s            0x00000000   Number         0  entry11b.o ABSOLUTE
    ../clib/microlib/init/entry.s            0x00000000   Number         0  entry2.o ABSOLUTE
    ../clib/microlib/init/entry.s            0x00000000   Number         0  entry11a.o ABSOLUTE
    ../clib/microlib/init/entry.s            0x00000000   Number         0  entry5.o ABSOLUTE
    ../clib/microlib/init/entry.s            0x00000000   Number         0  entry8a.o ABSOLUTE
    ../clib/microlib/init/entry.s            0x00000000   Number         0  entry9a.o ABSOLUTE
    ../clib/microlib/init/entry.s            0x00000000   Number         0  entry.o ABSOLUTE
    ../clib/microlib/init/entry.s            0x00000000   Number         0  entry9b.o ABSOLUTE
    ../clib/microlib/init/entry.s            0x00000000   Number         0  entry10a.o ABSOLUTE
    ../clib/microlib/init/entry.s            0x00000000   Number         0  entry8b.o ABSOLUTE
    ../clib/microlib/longlong.c              0x00000000   Number         0  llshl.o ABSOLUTE
    ../clib/microlib/longlong.c              0x00000000   Number         0  llsshr.o ABSOLUTE
    ../clib/microlib/longlong.c              0x00000000   Number         0  llushr.o ABSOLUTE
    ../clib/microlib/stubs.s                 0x00000000   Number         0  iusefp.o ABSOLUTE
    ../fplib/microlib/d2f.c                  0x00000000   Number         0  d2f.o ABSOLUTE
    ../fplib/microlib/f2d.c                  0x00000000   Number         0  f2d.o ABSOLUTE
    ../fplib/microlib/fpadd.c                0x00000000   Number         0  dadd.o ABSOLUTE
    ../fplib/microlib/fpadd.c                0x00000000   Number         0  fadd.o ABSOLUTE
    ../fplib/microlib/fpdiv.c                0x00000000   Number         0  ddiv.o ABSOLUTE
    ../fplib/microlib/fpdiv.c                0x00000000   Number         0  fdiv.o ABSOLUTE
    ../fplib/microlib/fpepilogue.c           0x00000000   Number         0  fepilogue.o ABSOLUTE
    ../fplib/microlib/fpepilogue.c           0x00000000   Number         0  depilogue.o ABSOLUTE
    ../fplib/microlib/fpfix.c                0x00000000   Number         0  dfixui.o ABSOLUTE
    ../fplib/microlib/fpfix.c                0x00000000   Number         0  dfixi.o ABSOLUTE
    ../fplib/microlib/fpflt.c                0x00000000   Number         0  dfltui.o ABSOLUTE
    ../fplib/microlib/fpflt.c                0x00000000   Number         0  fflti.o ABSOLUTE
    ../fplib/microlib/fpflt.c                0x00000000   Number         0  dflti.o ABSOLUTE
    ../fplib/microlib/fpmul.c                0x00000000   Number         0  fmul.o ABSOLUTE
    ../fplib/microlib/fpmul.c                0x00000000   Number         0  dmul.o ABSOLUTE
    ../fplib/microlib/fpscalb.c              0x00000000   Number         0  dscalb.o ABSOLUTE
    ../fplib/microlib/fpsqrt.c               0x00000000   Number         0  dsqrt.o ABSOLUTE
    ../mathlib/asin.c                        0x00000000   Number         0  asin_x.o ABSOLUTE
    ../mathlib/asin.c                        0x00000000   Number         0  asin.o ABSOLUTE
    ../mathlib/atan.c                        0x00000000   Number         0  atan_x.o ABSOLUTE
    ../mathlib/atan.c                        0x00000000   Number         0  atan.o ABSOLUTE
    ../mathlib/atan2.c                       0x00000000   Number         0  atan2_x.o ABSOLUTE
    ../mathlib/atan2.c                       0x00000000   Number         0  atan2.o ABSOLUTE
    ../mathlib/dunder.c                      0x00000000   Number         0  dunder.o ABSOLUTE
    ../mathlib/fpclassify.c                  0x00000000   Number         0  fpclassify.o ABSOLUTE
    ../mathlib/poly.c                        0x00000000   Number         0  poly.o ABSOLUTE
    ../mathlib/qnan.c                        0x00000000   Number         0  qnan.o ABSOLUTE
    ../mathlib/sqrt.c                        0x00000000   Number         0  sqrt_x.o ABSOLUTE
    ../mathlib/sqrt.c                        0x00000000   Number         0  sqrt.o ABSOLUTE
    ..\BSP\src\Encoder.c                     0x00000000   Number         0  encoder.o ABSOLUTE
    ..\BSP\src\I2C.c                         0x00000000   Number         0  i2c.o ABSOLUTE
    ..\BSP\src\IMU.c                         0x00000000   Number         0  imu.o ABSOLUTE
    ..\BSP\src\Tim_PWM_IN.c                  0x00000000   Number         0  tim_pwm_in.o ABSOLUTE
    ..\BSP\src\delay.c                       0x00000000   Number         0  delay.o ABSOLUTE
    ..\BSP\src\moto.c                        0x00000000   Number         0  moto.o ABSOLUTE
    ..\BSP\src\mpu6050.c                     0x00000000   Number         0  mpu6050.o ABSOLUTE
    ..\BSP\src\oled.c                        0x00000000   Number         0  oled.o ABSOLUTE
    ..\BSP\src\time.c                        0x00000000   Number         0  time.o ABSOLUTE
    ..\Lib\cmsis\core_cm3.c                  0x00000000   Number         0  core_cm3.o ABSOLUTE
    ..\Lib\cmsis\system_stm32f10x.c          0x00000000   Number         0  system_stm32f10x.o ABSOLUTE
    ..\Lib\fwlib\src\misc.c                  0x00000000   Number         0  misc.o ABSOLUTE
    ..\Lib\fwlib\src\stm32f10x_adc.c         0x00000000   Number         0  stm32f10x_adc.o ABSOLUTE
    ..\Lib\fwlib\src\stm32f10x_bkp.c         0x00000000   Number         0  stm32f10x_bkp.o ABSOLUTE
    ..\Lib\fwlib\src\stm32f10x_can.c         0x00000000   Number         0  stm32f10x_can.o ABSOLUTE
    ..\Lib\fwlib\src\stm32f10x_cec.c         0x00000000   Number         0  stm32f10x_cec.o ABSOLUTE
    ..\Lib\fwlib\src\stm32f10x_crc.c         0x00000000   Number         0  stm32f10x_crc.o ABSOLUTE
    ..\Lib\fwlib\src\stm32f10x_dac.c         0x00000000   Number         0  stm32f10x_dac.o ABSOLUTE
    ..\Lib\fwlib\src\stm32f10x_dbgmcu.c      0x00000000   Number         0  stm32f10x_dbgmcu.o ABSOLUTE
    ..\Lib\fwlib\src\stm32f10x_dma.c         0x00000000   Number         0  stm32f10x_dma.o ABSOLUTE
    ..\Lib\fwlib\src\stm32f10x_exti.c        0x00000000   Number         0  stm32f10x_exti.o ABSOLUTE
    ..\Lib\fwlib\src\stm32f10x_flash.c       0x00000000   Number         0  stm32f10x_flash.o ABSOLUTE
    ..\Lib\fwlib\src\stm32f10x_fsmc.c        0x00000000   Number         0  stm32f10x_fsmc.o ABSOLUTE
    ..\Lib\fwlib\src\stm32f10x_gpio.c        0x00000000   Number         0  stm32f10x_gpio.o ABSOLUTE
    ..\Lib\fwlib\src\stm32f10x_i2c.c         0x00000000   Number         0  stm32f10x_i2c.o ABSOLUTE
    ..\Lib\fwlib\src\stm32f10x_iwdg.c        0x00000000   Number         0  stm32f10x_iwdg.o ABSOLUTE
    ..\Lib\fwlib\src\stm32f10x_pwr.c         0x00000000   Number         0  stm32f10x_pwr.o ABSOLUTE
    ..\Lib\fwlib\src\stm32f10x_rcc.c         0x00000000   Number         0  stm32f10x_rcc.o ABSOLUTE
    ..\Lib\fwlib\src\stm32f10x_rtc.c         0x00000000   Number         0  stm32f10x_rtc.o ABSOLUTE
    ..\Lib\fwlib\src\stm32f10x_sdio.c        0x00000000   Number         0  stm32f10x_sdio.o ABSOLUTE
    ..\Lib\fwlib\src\stm32f10x_spi.c         0x00000000   Number         0  stm32f10x_spi.o ABSOLUTE
    ..\Lib\fwlib\src\stm32f10x_usart.c       0x00000000   Number         0  stm32f10x_usart.o ABSOLUTE
    ..\Lib\fwlib\src\stm32f10x_wwdg.c        0x00000000   Number         0  stm32f10x_wwdg.o ABSOLUTE
    ..\Startup\startup_stm32f10x_hd.s        0x00000000   Number         0  startup_stm32f10x_hd.o ABSOLUTE
    ..\User\main.c                           0x00000000   Number         0  main.o ABSOLUTE
    ..\User\stm32f10x_it.c                   0x00000000   Number         0  stm32f10x_it.o ABSOLUTE
    ..\\Lib\\cmsis\\core_cm3.c               0x00000000   Number         0  core_cm3.o ABSOLUTE
    E:\Keil_v5\ARM\PACK\Keil\STM32F1xx_DFP\2.1.0\Device\StdPeriph_Driver\src\stm32f10x_tim.c 0x00000000   Number         0  stm32f10x_tim.o ABSOLUTE
    cdcmple.s                                0x00000000   Number         0  cdcmple.o ABSOLUTE
    cdrcmple.s                               0x00000000   Number         0  cdrcmple.o ABSOLUTE
    cfcmple.s                                0x00000000   Number         0  cfcmple.o ABSOLUTE
    cfrcmple.s                               0x00000000   Number         0  cfrcmple.o ABSOLUTE
    dc.s                                     0x00000000   Number         0  dc.o ABSOLUTE
    handlers.s                               0x00000000   Number         0  handlers.o ABSOLUTE
    init.s                                   0x00000000   Number         0  init.o ABSOLUTE
    RESET                                    0x08000000   Section      304  startup_stm32f10x_hd.o(RESET)
    .ARM.Collect$$$$00000000                 0x08000130   Section        0  entry.o(.ARM.Collect$$$$00000000)
    .ARM.Collect$$$$00000001                 0x08000130   Section        4  entry2.o(.ARM.Collect$$$$00000001)
    .ARM.Collect$$$$00000004                 0x08000134   Section        4  entry5.o(.ARM.Collect$$$$00000004)
    .ARM.Collect$$$$00000008                 0x08000138   Section        0  entry7b.o(.ARM.Collect$$$$00000008)
    .ARM.Collect$$$$0000000A                 0x08000138   Section        0  entry8b.o(.ARM.Collect$$$$0000000A)
    .ARM.Collect$$$$0000000B                 0x08000138   Section        8  entry9a.o(.ARM.Collect$$$$0000000B)
    .ARM.Collect$$$$0000000D                 0x08000140   Section        0  entry10a.o(.ARM.Collect$$$$0000000D)
    .ARM.Collect$$$$0000000F                 0x08000140   Section        0  entry11a.o(.ARM.Collect$$$$0000000F)
    .ARM.Collect$$$$00002712                 0x08000140   Section        4  entry2.o(.ARM.Collect$$$$00002712)
    __lit__00000000                          0x08000140   Data           4  entry2.o(.ARM.Collect$$$$00002712)
    .text                                    0x08000144   Section       36  startup_stm32f10x_hd.o(.text)
    .text                                    0x08000168   Section        0  system_stm32f10x.o(.text)
    SetSysClockTo72                          0x08000169   Thumb Code   214  system_stm32f10x.o(.text)
    SetSysClock                              0x0800023f   Thumb Code     8  system_stm32f10x.o(.text)
    .text                                    0x08000348   Section        0  stm32f10x_gpio.o(.text)
    .text                                    0x080006a4   Section        0  stm32f10x_rcc.o(.text)
    .text                                    0x08000a48   Section        0  main.o(.text)
    .text                                    0x08000afc   Section        0  stm32f10x_it.o(.text)
    .text                                    0x08000b90   Section        0  delay.o(.text)
    .text                                    0x08000c58   Section        0  oled.o(.text)
    .text                                    0x08001c20   Section        0  i2c.o(.text)
    .text                                    0x08001f3c   Section        0  imu.o(.text)
    KalmanFilter_x                           0x08001f3d   Thumb Code   170  imu.o(.text)
    KalmanFilter_y                           0x08001fe7   Thumb Code   170  imu.o(.text)
    KalmanFilter_z                           0x08002091   Thumb Code   170  imu.o(.text)
    .text                                    0x08002938   Section        0  mpu6050.o(.text)
    .text                                    0x08002c08   Section        0  fadd.o(.text)
    .text                                    0x08002cb8   Section        0  fmul.o(.text)
    .text                                    0x08002d1c   Section        0  fdiv.o(.text)
    .text                                    0x08002d98   Section        0  dadd.o(.text)
    .text                                    0x08002ee6   Section        0  dmul.o(.text)
    .text                                    0x08002fca   Section        0  ddiv.o(.text)
    .text                                    0x080030a8   Section        0  fflti.o(.text)
    .text                                    0x080030ba   Section        0  dflti.o(.text)
    .text                                    0x080030dc   Section        0  dfltui.o(.text)
    .text                                    0x080030f6   Section        0  dfixi.o(.text)
    .text                                    0x08003134   Section        0  dfixui.o(.text)
    .text                                    0x08003166   Section        0  f2d.o(.text)
    .text                                    0x0800318c   Section       40  cdcmple.o(.text)
    .text                                    0x080031b4   Section       40  cdrcmple.o(.text)
    .text                                    0x080031dc   Section        0  d2f.o(.text)
    .text                                    0x08003214   Section       20  cfcmple.o(.text)
    .text                                    0x08003228   Section       20  cfrcmple.o(.text)
    .text                                    0x0800323c   Section        0  llshl.o(.text)
    .text                                    0x0800325a   Section        0  llushr.o(.text)
    .text                                    0x0800327a   Section        0  llsshr.o(.text)
    .text                                    0x0800329e   Section        0  fepilogue.o(.text)
    .text                                    0x0800329e   Section        0  iusefp.o(.text)
    .text                                    0x0800330c   Section        0  depilogue.o(.text)
    .text                                    0x080033c2   Section        0  dscalb.o(.text)
    .text                                    0x080033f0   Section       36  init.o(.text)
    .text                                    0x08003414   Section        0  dsqrt.o(.text)
    .text                                    0x080034b6   Section        0  __dczerorl2.o(.text)
    i.__ARM_fpclassify                       0x0800350c   Section        0  fpclassify.o(i.__ARM_fpclassify)
    i.__kernel_poly                          0x08003534   Section        0  poly.o(i.__kernel_poly)
    i.__mathlib_dbl_underflow                0x080035e0   Section        0  dunder.o(i.__mathlib_dbl_underflow)
    i.__scatterload_copy                     0x080035f0   Section       14  handlers.o(i.__scatterload_copy)
    i.__scatterload_null                     0x080035fe   Section        2  handlers.o(i.__scatterload_null)
    i.__scatterload_zeroinit                 0x08003600   Section       14  handlers.o(i.__scatterload_zeroinit)
    i.__set_errno                            0x08003610   Section        0  errno.o(i.__set_errno)
    i.asin                                   0x0800361c   Section        0  asin.o(i.asin)
    i.atan                                   0x08003898   Section        0  atan.o(i.atan)
    i.atan2                                  0x08003abc   Section        0  atan2.o(i.atan2)
    i.sqrt                                   0x08003c3c   Section        0  sqrt.o(i.sqrt)
    .constdata                               0x08003c88   Section     3003  oled.o(.constdata)
    .constdata                               0x08004848   Section       80  asin.o(.constdata)
    pS                                       0x08004848   Data          48  asin.o(.constdata)
    qS                                       0x08004878   Data          32  asin.o(.constdata)
    .constdata                               0x08004898   Section      152  atan.o(.constdata)
    atanhi                                   0x08004898   Data          32  atan.o(.constdata)
    atanlo                                   0x080048b8   Data          32  atan.o(.constdata)
    aTodd                                    0x080048d8   Data          40  atan.o(.constdata)
    aTeven                                   0x08004900   Data          48  atan.o(.constdata)
    .constdata                               0x08004930   Section        8  qnan.o(.constdata)
    .data                                    0x20000000   Section       20  system_stm32f10x.o(.data)
    .data                                    0x20000014   Section       20  stm32f10x_rcc.o(.data)
    APBAHBPrescTable                         0x20000014   Data          16  stm32f10x_rcc.o(.data)
    ADCPrescTable                            0x20000024   Data           4  stm32f10x_rcc.o(.data)
    .data                                    0x20000028   Section        4  delay.o(.data)
    fac_us                                   0x20000028   Data           1  delay.o(.data)
    fac_ms                                   0x2000002a   Data           2  delay.o(.data)
    .data                                    0x2000002c   Section      768  oled.o(.data)
    .data                                    0x20000330   Section       80  imu.o(.data)
    x_last                                   0x20000350   Data           8  imu.o(.data)
    p_last                                   0x20000358   Data           8  imu.o(.data)
    x_last                                   0x20000360   Data           8  imu.o(.data)
    p_last                                   0x20000368   Data           8  imu.o(.data)
    x_last                                   0x20000370   Data           8  imu.o(.data)
    p_last                                   0x20000378   Data           8  imu.o(.data)
    .data                                    0x20000380   Section        4  errno.o(.data)
    _errno                                   0x20000380   Data           4  errno.o(.data)
    .bss                                     0x20000384   Section       12  imu.o(.bss)
    .bss                                     0x20000390   Section       86  mpu6050.o(.bss)
    STACK                                    0x200003e8   Section     1024  startup_stm32f10x_hd.o(STACK)

    Global Symbols

    Symbol Name                              Value     Ov Type        Size  Object(Section)

    BuildAttributes$$THM_ISAv4$P$D$K$B$S$PE$A:L22UL41UL21$X:L11$S22US41US21$IEEE1$IW$USESV6$~STKCKD$USESV7$~SHL$OTIME$ROPI$IEEEX$EBA8$MICROLIB$REQ8$PRES8$EABIv2 0x00000000   Number         0  anon$$obj.o ABSOLUTE
    __ARM_use_no_argv                        0x00000000   Number         0  main.o ABSOLUTE
    __cpp_initialize__aeabi_                  - Undefined Weak Reference
    __cxa_finalize                            - Undefined Weak Reference
    _clock_init                               - Undefined Weak Reference
    _microlib_exit                            - Undefined Weak Reference
    __Vectors_Size                           0x00000130   Number         0  startup_stm32f10x_hd.o ABSOLUTE
    __Vectors                                0x08000000   Data           4  startup_stm32f10x_hd.o(RESET)
    __Vectors_End                            0x08000130   Data           0  startup_stm32f10x_hd.o(RESET)
    __main                                   0x08000131   Thumb Code     0  entry.o(.ARM.Collect$$$$00000000)
    _main_stk                                0x08000131   Thumb Code     0  entry2.o(.ARM.Collect$$$$00000001)
    _main_scatterload                        0x08000135   Thumb Code     0  entry5.o(.ARM.Collect$$$$00000004)
    __main_after_scatterload                 0x08000139   Thumb Code     0  entry5.o(.ARM.Collect$$$$00000004)
    _main_clock                              0x08000139   Thumb Code     0  entry7b.o(.ARM.Collect$$$$00000008)
    _main_cpp_init                           0x08000139   Thumb Code     0  entry8b.o(.ARM.Collect$$$$0000000A)
    _main_init                               0x08000139   Thumb Code     0  entry9a.o(.ARM.Collect$$$$0000000B)
    __rt_final_cpp                           0x08000141   Thumb Code     0  entry10a.o(.ARM.Collect$$$$0000000D)
    __rt_final_exit                          0x08000141   Thumb Code     0  entry11a.o(.ARM.Collect$$$$0000000F)
    Reset_Handler                            0x08000145   Thumb Code     8  startup_stm32f10x_hd.o(.text)
    NMI_Handler                              0x0800014d   Thumb Code     2  startup_stm32f10x_hd.o(.text)
    HardFault_Handler                        0x0800014f   Thumb Code     2  startup_stm32f10x_hd.o(.text)
    MemManage_Handler                        0x08000151   Thumb Code     2  startup_stm32f10x_hd.o(.text)
    BusFault_Handler                         0x08000153   Thumb Code     2  startup_stm32f10x_hd.o(.text)
    UsageFault_Handler                       0x08000155   Thumb Code     2  startup_stm32f10x_hd.o(.text)
    SVC_Handler                              0x08000157   Thumb Code     2  startup_stm32f10x_hd.o(.text)
    DebugMon_Handler                         0x08000159   Thumb Code     2  startup_stm32f10x_hd.o(.text)
    PendSV_Handler                           0x0800015b   Thumb Code     2  startup_stm32f10x_hd.o(.text)
    SysTick_Handler                          0x0800015d   Thumb Code     2  startup_stm32f10x_hd.o(.text)
    CAN1_RX1_IRQHandler                      0x0800015f   Thumb Code     0  startup_stm32f10x_hd.o(.text)
    CAN1_SCE_IRQHandler                      0x0800015f   Thumb Code     0  startup_stm32f10x_hd.o(.text)
    USB_HP_CAN1_TX_IRQHandler                0x0800015f   Thumb Code     0  startup_stm32f10x_hd.o(.text)
    USB_LP_CAN1_RX0_IRQHandler               0x0800015f   Thumb Code     0  startup_stm32f10x_hd.o(.text)
    SystemInit                               0x08000247   Thumb Code    78  system_stm32f10x.o(.text)
    SystemCoreClockUpdate                    0x08000295   Thumb Code   142  system_stm32f10x.o(.text)
    GPIO_DeInit                              0x08000349   Thumb Code   172  stm32f10x_gpio.o(.text)
    GPIO_AFIODeInit                          0x080003f5   Thumb Code    20  stm32f10x_gpio.o(.text)
    GPIO_Init                                0x08000409   Thumb Code   278  stm32f10x_gpio.o(.text)
    GPIO_StructInit                          0x0800051f   Thumb Code    16  stm32f10x_gpio.o(.text)
    GPIO_ReadInputDataBit                    0x0800052f   Thumb Code    18  stm32f10x_gpio.o(.text)
    GPIO_ReadInputData                       0x08000541   Thumb Code     8  stm32f10x_gpio.o(.text)
    GPIO_ReadOutputDataBit                   0x08000549   Thumb Code    18  stm32f10x_gpio.o(.text)
    GPIO_ReadOutputData                      0x0800055b   Thumb Code     8  stm32f10x_gpio.o(.text)
    GPIO_SetBits                             0x08000563   Thumb Code     4  stm32f10x_gpio.o(.text)
    GPIO_ResetBits                           0x08000567   Thumb Code     4  stm32f10x_gpio.o(.text)
    GPIO_WriteBit                            0x0800056b   Thumb Code    10  stm32f10x_gpio.o(.text)
    GPIO_Write                               0x08000575   Thumb Code     4  stm32f10x_gpio.o(.text)
    GPIO_PinLockConfig                       0x08000579   Thumb Code    18  stm32f10x_gpio.o(.text)
    GPIO_EventOutputConfig                   0x0800058b   Thumb Code    26  stm32f10x_gpio.o(.text)
    GPIO_EventOutputCmd                      0x080005a5   Thumb Code     6  stm32f10x_gpio.o(.text)
    GPIO_PinRemapConfig                      0x080005ab   Thumb Code   138  stm32f10x_gpio.o(.text)
    GPIO_EXTILineConfig                      0x08000635   Thumb Code    66  stm32f10x_gpio.o(.text)
    GPIO_ETH_MediaInterfaceConfig            0x08000677   Thumb Code     8  stm32f10x_gpio.o(.text)
    RCC_DeInit                               0x080006a5   Thumb Code    64  stm32f10x_rcc.o(.text)
    RCC_HSEConfig                            0x080006e5   Thumb Code    70  stm32f10x_rcc.o(.text)
    RCC_GetFlagStatus                        0x0800072b   Thumb Code    56  stm32f10x_rcc.o(.text)
    RCC_WaitForHSEStartUp                    0x08000763   Thumb Code    56  stm32f10x_rcc.o(.text)
    RCC_AdjustHSICalibrationValue            0x0800079b   Thumb Code    20  stm32f10x_rcc.o(.text)
    RCC_HSICmd                               0x080007af   Thumb Code     6  stm32f10x_rcc.o(.text)
    RCC_PLLConfig                            0x080007b5   Thumb Code    24  stm32f10x_rcc.o(.text)
    RCC_PLLCmd                               0x080007cd   Thumb Code     6  stm32f10x_rcc.o(.text)
    RCC_SYSCLKConfig                         0x080007d3   Thumb Code    18  stm32f10x_rcc.o(.text)
    RCC_GetSYSCLKSource                      0x080007e5   Thumb Code    10  stm32f10x_rcc.o(.text)
    RCC_HCLKConfig                           0x080007ef   Thumb Code    18  stm32f10x_rcc.o(.text)
    RCC_PCLK1Config                          0x08000801   Thumb Code    18  stm32f10x_rcc.o(.text)
    RCC_PCLK2Config                          0x08000813   Thumb Code    20  stm32f10x_rcc.o(.text)
    RCC_ITConfig                             0x08000827   Thumb Code    26  stm32f10x_rcc.o(.text)
    RCC_USBCLKConfig                         0x08000841   Thumb Code     8  stm32f10x_rcc.o(.text)
    RCC_ADCCLKConfig                         0x08000849   Thumb Code    18  stm32f10x_rcc.o(.text)
    RCC_LSEConfig                            0x0800085b   Thumb Code    50  stm32f10x_rcc.o(.text)
    RCC_LSICmd                               0x0800088d   Thumb Code     6  stm32f10x_rcc.o(.text)
    RCC_RTCCLKConfig                         0x08000893   Thumb Code    12  stm32f10x_rcc.o(.text)
    RCC_RTCCLKCmd                            0x0800089f   Thumb Code     8  stm32f10x_rcc.o(.text)
    RCC_GetClocksFreq                        0x080008a7   Thumb Code   192  stm32f10x_rcc.o(.text)
    RCC_AHBPeriphClockCmd                    0x08000967   Thumb Code    26  stm32f10x_rcc.o(.text)
    RCC_APB2PeriphClockCmd                   0x08000981   Thumb Code    26  stm32f10x_rcc.o(.text)
    RCC_APB1PeriphClockCmd                   0x0800099b   Thumb Code    26  stm32f10x_rcc.o(.text)
    RCC_APB2PeriphResetCmd                   0x080009b5   Thumb Code    26  stm32f10x_rcc.o(.text)
    RCC_APB1PeriphResetCmd                   0x080009cf   Thumb Code    26  stm32f10x_rcc.o(.text)
    RCC_BackupResetCmd                       0x080009e9   Thumb Code     8  stm32f10x_rcc.o(.text)
    RCC_ClockSecuritySystemCmd               0x080009f1   Thumb Code     6  stm32f10x_rcc.o(.text)
    RCC_MCOConfig                            0x080009f7   Thumb Code     6  stm32f10x_rcc.o(.text)
    RCC_ClearFlag                            0x080009fd   Thumb Code    14  stm32f10x_rcc.o(.text)
    RCC_GetITStatus                          0x08000a0b   Thumb Code    20  stm32f10x_rcc.o(.text)
    RCC_ClearITPendingBit                    0x08000a1f   Thumb Code     6  stm32f10x_rcc.o(.text)
    main                                     0x08000a49   Thumb Code   140  main.o(.text)
    NMIException                             0x08000afd   Thumb Code     2  stm32f10x_it.o(.text)
    HardFaultException                       0x08000aff   Thumb Code     4  stm32f10x_it.o(.text)
    MemManageException                       0x08000b03   Thumb Code     4  stm32f10x_it.o(.text)
    BusFaultException                        0x08000b07   Thumb Code     4  stm32f10x_it.o(.text)
    UsageFaultException                      0x08000b0b   Thumb Code     4  stm32f10x_it.o(.text)
    DebugMonitor                             0x08000b0f   Thumb Code     2  stm32f10x_it.o(.text)
    SVCHandler                               0x08000b11   Thumb Code     2  stm32f10x_it.o(.text)
    PendSVC                                  0x08000b13   Thumb Code     2  stm32f10x_it.o(.text)
    SysTickHandler                           0x08000b15   Thumb Code     2  stm32f10x_it.o(.text)
    WWDG_IRQHandler                          0x08000b17   Thumb Code     2  stm32f10x_it.o(.text)
    PVD_IRQHandler                           0x08000b19   Thumb Code     2  stm32f10x_it.o(.text)
    TAMPER_IRQHandler                        0x08000b1b   Thumb Code     2  stm32f10x_it.o(.text)
    RTC_IRQHandler                           0x08000b1d   Thumb Code     2  stm32f10x_it.o(.text)
    FLASH_IRQHandler                         0x08000b1f   Thumb Code     2  stm32f10x_it.o(.text)
    RCC_IRQHandler                           0x08000b21   Thumb Code     2  stm32f10x_it.o(.text)
    EXTI0_IRQHandler                         0x08000b23   Thumb Code     2  stm32f10x_it.o(.text)
    EXTI1_IRQHandler                         0x08000b25   Thumb Code     2  stm32f10x_it.o(.text)
    EXTI2_IRQHandler                         0x08000b27   Thumb Code     2  stm32f10x_it.o(.text)
    EXTI3_IRQHandler                         0x08000b29   Thumb Code     2  stm32f10x_it.o(.text)
    EXTI4_IRQHandler                         0x08000b2b   Thumb Code     2  stm32f10x_it.o(.text)
    DMA1_Channel1_IRQHandler                 0x08000b2d   Thumb Code     2  stm32f10x_it.o(.text)
    DMA1_Channel2_IRQHandler                 0x08000b2f   Thumb Code     2  stm32f10x_it.o(.text)
    DMA1_Channel3_IRQHandler                 0x08000b31   Thumb Code     2  stm32f10x_it.o(.text)
    DMA1_Channel4_IRQHandler                 0x08000b33   Thumb Code     2  stm32f10x_it.o(.text)
    DMA1_Channel5_IRQHandler                 0x08000b35   Thumb Code     2  stm32f10x_it.o(.text)
    DMA1_Channel6_IRQHandler                 0x08000b37   Thumb Code     2  stm32f10x_it.o(.text)
    DMA1_Channel7_IRQHandler                 0x08000b39   Thumb Code     2  stm32f10x_it.o(.text)
    ADC1_2_IRQHandler                        0x08000b3b   Thumb Code     2  stm32f10x_it.o(.text)
    USB_HP_CAN_TX_IRQHandler                 0x08000b3d   Thumb Code     2  stm32f10x_it.o(.text)
    USB_LP_CAN_RX0_IRQHandler                0x08000b3f   Thumb Code     2  stm32f10x_it.o(.text)
    CAN_RX1_IRQHandler                       0x08000b41   Thumb Code     2  stm32f10x_it.o(.text)
    CAN_SCE_IRQHandler                       0x08000b43   Thumb Code     2  stm32f10x_it.o(.text)
    EXTI9_5_IRQHandler                       0x08000b45   Thumb Code     2  stm32f10x_it.o(.text)
    TIM1_BRK_IRQHandler                      0x08000b47   Thumb Code     2  stm32f10x_it.o(.text)
    TIM1_UP_IRQHandler                       0x08000b49   Thumb Code     2  stm32f10x_it.o(.text)
    TIM1_TRG_COM_IRQHandler                  0x08000b4b   Thumb Code     2  stm32f10x_it.o(.text)
    TIM1_CC_IRQHandler                       0x08000b4d   Thumb Code     2  stm32f10x_it.o(.text)
    TIM2_IRQHandler                          0x08000b4f   Thumb Code     2  stm32f10x_it.o(.text)
    TIM3_IRQHandler                          0x08000b51   Thumb Code     2  stm32f10x_it.o(.text)
    TIM4_IRQHandler                          0x08000b53   Thumb Code     2  stm32f10x_it.o(.text)
    I2C1_EV_IRQHandler                       0x08000b55   Thumb Code     2  stm32f10x_it.o(.text)
    I2C1_ER_IRQHandler                       0x08000b57   Thumb Code     2  stm32f10x_it.o(.text)
    I2C2_EV_IRQHandler                       0x08000b59   Thumb Code     2  stm32f10x_it.o(.text)
    I2C2_ER_IRQHandler                       0x08000b5b   Thumb Code     2  stm32f10x_it.o(.text)
    SPI1_IRQHandler                          0x08000b5d   Thumb Code     2  stm32f10x_it.o(.text)
    SPI2_IRQHandler                          0x08000b5f   Thumb Code     2  stm32f10x_it.o(.text)
    USART1_IRQHandler                        0x08000b61   Thumb Code     2  stm32f10x_it.o(.text)
    USART2_IRQHandler                        0x08000b63   Thumb Code     2  stm32f10x_it.o(.text)
    USART3_IRQHandler                        0x08000b65   Thumb Code     2  stm32f10x_it.o(.text)
    EXTI15_10_IRQHandler                     0x08000b67   Thumb Code     2  stm32f10x_it.o(.text)
    RTCAlarm_IRQHandler                      0x08000b69   Thumb Code     2  stm32f10x_it.o(.text)
    USBWakeUp_IRQHandler                     0x08000b6b   Thumb Code     2  stm32f10x_it.o(.text)
    TIM8_BRK_IRQHandler                      0x08000b6d   Thumb Code     2  stm32f10x_it.o(.text)
    TIM8_UP_IRQHandler                       0x08000b6f   Thumb Code     2  stm32f10x_it.o(.text)
    TIM8_TRG_COM_IRQHandler                  0x08000b71   Thumb Code     2  stm32f10x_it.o(.text)
    TIM8_CC_IRQHandler                       0x08000b73   Thumb Code     2  stm32f10x_it.o(.text)
    ADC3_IRQHandler                          0x08000b75   Thumb Code     2  stm32f10x_it.o(.text)
    FSMC_IRQHandler                          0x08000b77   Thumb Code     2  stm32f10x_it.o(.text)
    SDIO_IRQHandler                          0x08000b79   Thumb Code     2  stm32f10x_it.o(.text)
    TIM5_IRQHandler                          0x08000b7b   Thumb Code     2  stm32f10x_it.o(.text)
    SPI3_IRQHandler                          0x08000b7d   Thumb Code     2  stm32f10x_it.o(.text)
    UART4_IRQHandler                         0x08000b7f   Thumb Code     2  stm32f10x_it.o(.text)
    UART5_IRQHandler                         0x08000b81   Thumb Code     2  stm32f10x_it.o(.text)
    TIM6_IRQHandler                          0x08000b83   Thumb Code     2  stm32f10x_it.o(.text)
    TIM7_IRQHandler                          0x08000b85   Thumb Code     2  stm32f10x_it.o(.text)
    DMA2_Channel1_IRQHandler                 0x08000b87   Thumb Code     2  stm32f10x_it.o(.text)
    DMA2_Channel2_IRQHandler                 0x08000b89   Thumb Code     2  stm32f10x_it.o(.text)
    DMA2_Channel3_IRQHandler                 0x08000b8b   Thumb Code     2  stm32f10x_it.o(.text)
    DMA2_Channel4_5_IRQHandler               0x08000b8d   Thumb Code     2  stm32f10x_it.o(.text)
    delay_init                               0x08000b91   Thumb Code    56  delay.o(.text)
    delay_ms                                 0x08000bc9   Thumb Code    56  delay.o(.text)
    delay_us                                 0x08000c01   Thumb Code    56  delay.o(.text)
    delay                                    0x08000c39   Thumb Code    24  delay.o(.text)
    OLED_WrDat                               0x08000c59   Thumb Code    86  oled.o(.text)
    OLED_WrCmd                               0x08000caf   Thumb Code    84  oled.o(.text)
    OLED_Set_Pos                             0x08000d03   Thumb Code    36  oled.o(.text)
    OLED_Fill                                0x08000d27   Thumb Code    58  oled.o(.text)
    OLED_CLS                                 0x08000d61   Thumb Code    56  oled.o(.text)
    OLED_DLY_ms                              0x08000d99   Thumb Code    24  oled.o(.text)
    adjust                                   0x08000db1   Thumb Code    12  oled.o(.text)
    SetStartColumn                           0x08000dbd   Thumb Code    44  oled.o(.text)
    SetAddressingMode                        0x08000de9   Thumb Code    18  oled.o(.text)
    SetColumnAddress                         0x08000dfb   Thumb Code    26  oled.o(.text)
    SetPageAddress                           0x08000e15   Thumb Code    26  oled.o(.text)
    SetStartLine                             0x08000e2f   Thumb Code    14  oled.o(.text)
    SetContrastControl                       0x08000e3d   Thumb Code    18  oled.o(.text)
    Set_Charge_Pump                          0x08000e4f   Thumb Code    20  oled.o(.text)
    Set_Segment_Remap                        0x08000e63   Thumb Code    14  oled.o(.text)
    Set_Entire_Display                       0x08000e71   Thumb Code    14  oled.o(.text)
    Set_Inverse_Display                      0x08000e7f   Thumb Code    14  oled.o(.text)
    Set_Multiplex_Ratio                      0x08000e8d   Thumb Code    18  oled.o(.text)
    Set_Display_On_Off                       0x08000e9f   Thumb Code    14  oled.o(.text)
    SetStartPage                             0x08000ead   Thumb Code    14  oled.o(.text)
    Set_Common_Remap                         0x08000ebb   Thumb Code    14  oled.o(.text)
    Set_Display_Offset                       0x08000ec9   Thumb Code    18  oled.o(.text)
    Set_Display_Clock                        0x08000edb   Thumb Code    18  oled.o(.text)
    Set_Precharge_Period                     0x08000eed   Thumb Code    18  oled.o(.text)
    Set_Common_Config                        0x08000eff   Thumb Code    20  oled.o(.text)
    Set_VCOMH                                0x08000f13   Thumb Code    18  oled.o(.text)
    Set_NOP                                  0x08000f25   Thumb Code    10  oled.o(.text)
    OLED_Init                                0x08000f2f   Thumb Code   278  oled.o(.text)
    OLED_PutPixel                            0x08001045   Thumb Code    72  oled.o(.text)
    OLED_Rectangle                           0x0800108d   Thumb Code   484  oled.o(.text)
    OLED_P6x8Str                             0x08001271   Thumb Code    96  oled.o(.text)
    OLED_P8x16Str                            0x080012d1   Thumb Code   130  oled.o(.text)
    OLED_P14x16Str                           0x08001353   Thumb Code   246  oled.o(.text)
    OLED_Print                               0x08001449   Thumb Code   100  oled.o(.text)
    OLED_P6x8Char                            0x080014ad   Thumb Code    34  oled.o(.text)
    Dis_String                               0x080014cf   Thumb Code   104  oled.o(.text)
    OLED_P8x16Num                            0x08001537   Thumb Code   160  oled.o(.text)
    OLED_P6x8Float                           0x080015d7   Thumb Code   462  oled.o(.text)
    Dis_Float2                               0x080017a5   Thumb Code   350  oled.o(.text)
    Draw_BMP                                 0x08001903   Thumb Code   116  oled.o(.text)
    Draw_LQLogo                              0x08001977   Thumb Code    50  oled.o(.text)
    Draw_LibLogo                             0x080019a9   Thumb Code    50  oled.o(.text)
    OLED_P8x16Num_8bit                       0x080019db   Thumb Code    60  oled.o(.text)
    OLED_P6x8Num_8bit                        0x08001a17   Thumb Code    60  oled.o(.text)
    OLED_Num                                 0x08001a53   Thumb Code    54  oled.o(.text)
    OLED_3num                                0x08001a89   Thumb Code    90  oled.o(.text)
    OLED_4num                                0x08001ae3   Thumb Code   142  oled.o(.text)
    OLED_Num5                                0x08001b71   Thumb Code   176  oled.o(.text)
    I2C_INIT                                 0x08001c21   Thumb Code    64  i2c.o(.text)
    I2C_delay                                0x08001c61   Thumb Code     4  i2c.o(.text)
    delay5us                                 0x08001c65   Thumb Code    14  i2c.o(.text)
    delay5ms                                 0x08001c73   Thumb Code    14  i2c.o(.text)
    I2C_Start                                0x08001c81   Thumb Code    86  i2c.o(.text)
    I2C_Stop                                 0x08001cd7   Thumb Code    52  i2c.o(.text)
    I2C_Ack                                  0x08001d0b   Thumb Code    52  i2c.o(.text)
    I2C_NoAck                                0x08001d3f   Thumb Code    52  i2c.o(.text)
    I2C_WaitAck                              0x08001d73   Thumb Code    82  i2c.o(.text)
    I2C_SendByte                             0x08001dc5   Thumb Code    82  i2c.o(.text)
    I2C_RadeByte                             0x08001e17   Thumb Code    80  i2c.o(.text)
    Single_Write                             0x08001e67   Thumb Code    70  i2c.o(.text)
    Single_Write_MS5611                      0x08001ead   Thumb Code    58  i2c.o(.text)
    Single_Read                              0x08001ee7   Thumb Code    80  i2c.o(.text)
    Q_rsqrt                                  0x0800213b   Thumb Code    74  imu.o(.text)
    FL_ABS                                   0x08002185   Thumb Code    24  imu.o(.text)
    COS                                      0x0800219d   Thumb Code    42  imu.o(.text)
    SIN                                      0x080021c7   Thumb Code    46  imu.o(.text)
    VariableParameter                        0x080021f5   Thumb Code    92  imu.o(.text)
    Prepare_Data                             0x08002251   Thumb Code   148  imu.o(.text)
    IMUupdate                                0x080022e5   Thumb Code  1552  imu.o(.text)
    Get_Attitude                             0x080028f5   Thumb Code    62  imu.o(.text)
    InitMPU6050                              0x08002939   Thumb Code    76  mpu6050.o(.text)
    MPU6050_Read                             0x08002985   Thumb Code   148  mpu6050.o(.text)
    MPU6050_Dataanl                          0x08002a19   Thumb Code   314  mpu6050.o(.text)
    Gyro_OFFEST                              0x08002b53   Thumb Code   166  mpu6050.o(.text)
    __aeabi_fadd                             0x08002c09   Thumb Code   164  fadd.o(.text)
    __aeabi_fsub                             0x08002cad   Thumb Code     6  fadd.o(.text)
    __aeabi_frsub                            0x08002cb3   Thumb Code     6  fadd.o(.text)
    __aeabi_fmul                             0x08002cb9   Thumb Code   100  fmul.o(.text)
    __aeabi_fdiv                             0x08002d1d   Thumb Code   124  fdiv.o(.text)
    __aeabi_dadd                             0x08002d99   Thumb Code   322  dadd.o(.text)
    __aeabi_dsub                             0x08002edb   Thumb Code     6  dadd.o(.text)
    __aeabi_drsub                            0x08002ee1   Thumb Code     6  dadd.o(.text)
    __aeabi_dmul                             0x08002ee7   Thumb Code   228  dmul.o(.text)
    __aeabi_ddiv                             0x08002fcb   Thumb Code   222  ddiv.o(.text)
    __aeabi_i2f                              0x080030a9   Thumb Code    18  fflti.o(.text)
    __aeabi_i2d                              0x080030bb   Thumb Code    34  dflti.o(.text)
    __aeabi_ui2d                             0x080030dd   Thumb Code    26  dfltui.o(.text)
    __aeabi_d2iz                             0x080030f7   Thumb Code    62  dfixi.o(.text)
    __aeabi_d2uiz                            0x08003135   Thumb Code    50  dfixui.o(.text)
    __aeabi_f2d                              0x08003167   Thumb Code    38  f2d.o(.text)
    __aeabi_cdcmpeq                          0x0800318d   Thumb Code     0  cdcmple.o(.text)
    __aeabi_cdcmple                          0x0800318d   Thumb Code    38  cdcmple.o(.text)
    __aeabi_cdrcmple                         0x080031b5   Thumb Code    38  cdrcmple.o(.text)
    __aeabi_d2f                              0x080031dd   Thumb Code    56  d2f.o(.text)
    __aeabi_cfcmpeq                          0x08003215   Thumb Code     0  cfcmple.o(.text)
    __aeabi_cfcmple                          0x08003215   Thumb Code    20  cfcmple.o(.text)
    __aeabi_cfrcmple                         0x08003229   Thumb Code    20  cfrcmple.o(.text)
    __aeabi_llsl                             0x0800323d   Thumb Code    30  llshl.o(.text)
    _ll_shift_l                              0x0800323d   Thumb Code     0  llshl.o(.text)
    __aeabi_llsr                             0x0800325b   Thumb Code    32  llushr.o(.text)
    _ll_ushift_r                             0x0800325b   Thumb Code     0  llushr.o(.text)
    __aeabi_lasr                             0x0800327b   Thumb Code    36  llsshr.o(.text)
    _ll_sshift_r                             0x0800327b   Thumb Code     0  llsshr.o(.text)
    __I$use$fp                               0x0800329f   Thumb Code     0  iusefp.o(.text)
    _float_round                             0x0800329f   Thumb Code    18  fepilogue.o(.text)
    _float_epilogue                          0x080032b1   Thumb Code    92  fepilogue.o(.text)
    _double_round                            0x0800330d   Thumb Code    26  depilogue.o(.text)
    _double_epilogue                         0x08003327   Thumb Code   156  depilogue.o(.text)
    __ARM_scalbn                             0x080033c3   Thumb Code    46  dscalb.o(.text)
    scalbn                                   0x080033c3   Thumb Code     0  dscalb.o(.text)
    __scatterload                            0x080033f1   Thumb Code    28  init.o(.text)
    __scatterload_rt2                        0x080033f1   Thumb Code     0  init.o(.text)
    _dsqrt                                   0x08003415   Thumb Code   162  dsqrt.o(.text)
    __decompress                             0x080034b7   Thumb Code     0  __dczerorl2.o(.text)
    __decompress1                            0x080034b7   Thumb Code    86  __dczerorl2.o(.text)
    __ARM_fpclassify                         0x0800350d   Thumb Code    40  fpclassify.o(i.__ARM_fpclassify)
    __kernel_poly                            0x08003535   Thumb Code   170  poly.o(i.__kernel_poly)
    __mathlib_dbl_underflow                  0x080035e1   Thumb Code    10  dunder.o(i.__mathlib_dbl_underflow)
    __scatterload_copy                       0x080035f1   Thumb Code    14  handlers.o(i.__scatterload_copy)
    __scatterload_null                       0x080035ff   Thumb Code     2  handlers.o(i.__scatterload_null)
    __scatterload_zeroinit                   0x08003601   Thumb Code    14  handlers.o(i.__scatterload_zeroinit)
    __set_errno                              0x08003611   Thumb Code     6  errno.o(i.__set_errno)
    asin                                     0x0800361d   Thumb Code   584  asin.o(i.asin)
    atan                                     0x08003899   Thumb Code   478  atan.o(i.atan)
    atan2                                    0x08003abd   Thumb Code   346  atan2.o(i.atan2)
    sqrt                                     0x08003c3d   Thumb Code    76  sqrt.o(i.sqrt)
    F6x8                                     0x08003c88   Data         552  oled.o(.constdata)
    F14x16_Idx                               0x08003eb0   Data          31  oled.o(.constdata)
    F14x16                                   0x08003ecf   Data         420  oled.o(.constdata)
    F8X16                                    0x08004073   Data        1520  oled.o(.constdata)
    LIBLOGO60x58                             0x08004663   Data         480  oled.o(.constdata)
    __mathlib_zero                           0x08004930   Data           8  qnan.o(.constdata)
    Region$$Table$$Base                      0x08004938   Number         0  anon$$obj.o(Region$$Table)
    Region$$Table$$Limit                     0x08004958   Number         0  anon$$obj.o(Region$$Table)
    SystemCoreClock                          0x20000000   Data           4  system_stm32f10x.o(.data)
    AHBPrescTable                            0x20000004   Data          16  system_stm32f10x.o(.data)
    longqiu96x64                             0x2000002c   Data         768  oled.o(.data)
    q0                                       0x20000330   Data           4  imu.o(.data)
    q1                                       0x20000334   Data           4  imu.o(.data)
    q2                                       0x20000338   Data           4  imu.o(.data)
    q3                                       0x2000033c   Data           4  imu.o(.data)
    exInt                                    0x20000340   Data           4  imu.o(.data)
    eyInt                                    0x20000344   Data           4  imu.o(.data)
    ezInt                                    0x20000348   Data           4  imu.o(.data)
    angle                                    0x20000384   Data          12  imu.o(.bss)
    sensor                                   0x20000390   Data          72  mpu6050.o(.bss)
    mpu6050_buffer                           0x200003d8   Data          14  mpu6050.o(.bss)
    __initial_sp                             0x200007e8   Data           0  startup_stm32f10x_hd.o(STACK)



==============================================================================

Memory Map of the image

  Image Entry point : 0x08000131

  Load Region LR_IROM1 (Base: 0x08000000, Size: 0x00004cdc, Max: 0x00080000, ABSOLUTE, COMPRESSED[0x00004b3c])

    Execution Region ER_IROM1 (Base: 0x08000000, Size: 0x00004958, Max: 0x00080000, ABSOLUTE)

    Base Addr    Size         Type   Attr      Idx    E Section Name        Object

    0x08000000   0x00000130   Data   RO            3    RESET               startup_stm32f10x_hd.o
    0x08000130   0x00000000   Code   RO          628  * .ARM.Collect$$$$00000000  mc_w.l(entry.o)
    0x08000130   0x00000004   Code   RO          692    .ARM.Collect$$$$00000001  mc_w.l(entry2.o)
    0x08000134   0x00000004   Code   RO          695    .ARM.Collect$$$$00000004  mc_w.l(entry5.o)
    0x08000138   0x00000000   Code   RO          697    .ARM.Collect$$$$00000008  mc_w.l(entry7b.o)
    0x08000138   0x00000000   Code   RO          699    .ARM.Collect$$$$0000000A  mc_w.l(entry8b.o)
    0x08000138   0x00000008   Code   RO          700    .ARM.Collect$$$$0000000B  mc_w.l(entry9a.o)
    0x08000140   0x00000000   Code   RO          702    .ARM.Collect$$$$0000000D  mc_w.l(entry10a.o)
    0x08000140   0x00000000   Code   RO          704    .ARM.Collect$$$$0000000F  mc_w.l(entry11a.o)
    0x08000140   0x00000004   Code   RO          693    .ARM.Collect$$$$00002712  mc_w.l(entry2.o)
    0x08000144   0x00000024   Code   RO            4    .text               startup_stm32f10x_hd.o
    0x08000168   0x000001e0   Code   RO           24    .text               system_stm32f10x.o
    0x08000348   0x0000035c   Code   RO          242    .text               stm32f10x_gpio.o
    0x080006a4   0x000003a4   Code   RO          302    .text               stm32f10x_rcc.o
    0x08000a48   0x000000b4   Code   RO          406    .text               main.o
    0x08000afc   0x00000092   Code   RO          443    .text               stm32f10x_it.o
    0x08000b8e   0x00000002   PAD
    0x08000b90   0x000000c8   Code   RO          455    .text               delay.o
    0x08000c58   0x00000fc8   Code   RO          484    .text               oled.o
    0x08001c20   0x0000031c   Code   RO          555    .text               i2c.o
    0x08001f3c   0x000009fc   Code   RO          567    .text               imu.o
    0x08002938   0x000002d0   Code   RO          590    .text               mpu6050.o
    0x08002c08   0x000000b0   Code   RO          633    .text               mf_w.l(fadd.o)
    0x08002cb8   0x00000064   Code   RO          635    .text               mf_w.l(fmul.o)
    0x08002d1c   0x0000007c   Code   RO          637    .text               mf_w.l(fdiv.o)
    0x08002d98   0x0000014e   Code   RO          639    .text               mf_w.l(dadd.o)
    0x08002ee6   0x000000e4   Code   RO          641    .text               mf_w.l(dmul.o)
    0x08002fca   0x000000de   Code   RO          643    .text               mf_w.l(ddiv.o)
    0x080030a8   0x00000012   Code   RO          645    .text               mf_w.l(fflti.o)
    0x080030ba   0x00000022   Code   RO          647    .text               mf_w.l(dflti.o)
    0x080030dc   0x0000001a   Code   RO          649    .text               mf_w.l(dfltui.o)
    0x080030f6   0x0000003e   Code   RO          651    .text               mf_w.l(dfixi.o)
    0x08003134   0x00000032   Code   RO          653    .text               mf_w.l(dfixui.o)
    0x08003166   0x00000026   Code   RO          655    .text               mf_w.l(f2d.o)
    0x0800318c   0x00000028   Code   RO          657    .text               mf_w.l(cdcmple.o)
    0x080031b4   0x00000028   Code   RO          659    .text               mf_w.l(cdrcmple.o)
    0x080031dc   0x00000038   Code   RO          661    .text               mf_w.l(d2f.o)
    0x08003214   0x00000014   Code   RO          663    .text               mf_w.l(cfcmple.o)
    0x08003228   0x00000014   Code   RO          665    .text               mf_w.l(cfrcmple.o)
    0x0800323c   0x0000001e   Code   RO          708    .text               mc_w.l(llshl.o)
    0x0800325a   0x00000020   Code   RO          710    .text               mc_w.l(llushr.o)
    0x0800327a   0x00000024   Code   RO          712    .text               mc_w.l(llsshr.o)
    0x0800329e   0x00000000   Code   RO          721    .text               mc_w.l(iusefp.o)
    0x0800329e   0x0000006e   Code   RO          722    .text               mf_w.l(fepilogue.o)
    0x0800330c   0x000000b6   Code   RO          724    .text               mf_w.l(depilogue.o)
    0x080033c2   0x0000002e   Code   RO          726    .text               mf_w.l(dscalb.o)
    0x080033f0   0x00000024   Code   RO          728    .text               mc_w.l(init.o)
    0x08003414   0x000000a2   Code   RO          730    .text               mf_w.l(dsqrt.o)
    0x080034b6   0x00000056   Code   RO          740    .text               mc_w.l(__dczerorl2.o)
    0x0800350c   0x00000028   Code   RO          679    i.__ARM_fpclassify  m_ws.l(fpclassify.o)
    0x08003534   0x000000aa   Code   RO          681    i.__kernel_poly     m_ws.l(poly.o)
    0x080035de   0x00000002   PAD
    0x080035e0   0x00000010   Code   RO          677    i.__mathlib_dbl_underflow  m_ws.l(dunder.o)
    0x080035f0   0x0000000e   Code   RO          734    i.__scatterload_copy  mc_w.l(handlers.o)
    0x080035fe   0x00000002   Code   RO          735    i.__scatterload_null  mc_w.l(handlers.o)
    0x08003600   0x0000000e   Code   RO          736    i.__scatterload_zeroinit  mc_w.l(handlers.o)
    0x0800360e   0x00000002   PAD
    0x08003610   0x0000000c   Code   RO          716    i.__set_errno       mc_w.l(errno.o)
    0x0800361c   0x0000027c   Code   RO          611    i.asin              m_ws.l(asin.o)
    0x08003898   0x00000224   Code   RO          668    i.atan              m_ws.l(atan.o)
    0x08003abc   0x00000180   Code   RO          621    i.atan2             m_ws.l(atan2.o)
    0x08003c3c   0x0000004c   Code   RO          685    i.sqrt              m_ws.l(sqrt.o)
    0x08003c88   0x00000bbb   Data   RO          485    .constdata          oled.o
    0x08004843   0x00000005   PAD
    0x08004848   0x00000050   Data   RO          612    .constdata          m_ws.l(asin.o)
    0x08004898   0x00000098   Data   RO          669    .constdata          m_ws.l(atan.o)
    0x08004930   0x00000008   Data   RO          683    .constdata          m_ws.l(qnan.o)
    0x08004938   0x00000020   Data   RO          732    Region$$Table       anon$$obj.o


    Execution Region RW_IRAM1 (Base: 0x20000000, Size: 0x000007e8, Max: 0x00010000, ABSOLUTE, COMPRESSED[0x000001e4])

    Base Addr    Size         Type   Attr      Idx    E Section Name        Object

    0x20000000   0x00000014   Data   RW           25    .data               system_stm32f10x.o
    0x20000014   0x00000014   Data   RW          303    .data               stm32f10x_rcc.o
    0x20000028   0x00000004   Data   RW          456    .data               delay.o
    0x2000002c   0x00000300   Data   RW          486    .data               oled.o
    0x2000032c   0x00000004   PAD
    0x20000330   0x00000050   Data   RW          569    .data               imu.o
    0x20000380   0x00000004   Data   RW          717    .data               mc_w.l(errno.o)
    0x20000384   0x0000000c   Zero   RW          568    .bss                imu.o
    0x20000390   0x00000056   Zero   RW          591    .bss                mpu6050.o
    0x200003e6   0x00000002   PAD
    0x200003e8   0x00000400   Zero   RW            1    STACK               startup_stm32f10x_hd.o


==============================================================================

Image component sizes


      Code (inc. data)   RO Data    RW Data    ZI Data      Debug   Object Name

         0          0          0          0          0       4272   core_cm3.o
       200          8          0          4          0       1141   delay.o
       796          6          0          0          0       3227   i2c.o
      2556        158          0         80         12       5041   imu.o
       180         40          0          0          0        483   main.o
       720         16          0          0         86       2845   mpu6050.o
      4040         44       3003        768          0      13440   oled.o
        36          8        304          0       1024        820   startup_stm32f10x_hd.o
         0          0          0          0          0       8728   stm32f10x_adc.o
       860         38          0          0          0      13937   stm32f10x_gpio.o
       146          0          0          0          0       7348   stm32f10x_it.o
       932         36          0         20          0       8748   stm32f10x_rcc.o
       480         38          0         20          0     204863   system_stm32f10x.o

    ----------------------------------------------------------------------
     10948        392       3344        896       1124     274893   Object Totals
         0          0         32          0          0          0   (incl. Generated)
         2          0          5          4          2          0   (incl. Padding)

    ----------------------------------------------------------------------

      Code (inc. data)   RO Data    RW Data    ZI Data      Debug   Library Member Name

       636         52         80          0          0        168   asin.o
       548         70        152          0          0        124   atan.o
       384         38          0          0          0        144   atan2.o
        16          6          0          0          0         68   dunder.o
        40          0          0          0          0         68   fpclassify.o
       170          0          0          0          0         96   poly.o
         0          0          8          0          0          0   qnan.o
        76          0          0          0          0         84   sqrt.o
        86          0          0          0          0          0   __dczerorl2.o
         0          0          0          0          0          0   entry.o
         0          0          0          0          0          0   entry10a.o
         0          0          0          0          0          0   entry11a.o
         8          4          0          0          0          0   entry2.o
         4          0          0          0          0          0   entry5.o
         0          0          0          0          0          0   entry7b.o
         0          0          0          0          0          0   entry8b.o
         8          4          0          0          0          0   entry9a.o
        12          6          0          4          0         68   errno.o
        30          0          0          0          0          0   handlers.o
        36          8          0          0          0         68   init.o
         0          0          0          0          0          0   iusefp.o
        30          0          0          0          0         68   llshl.o
        36          0          0          0          0         68   llsshr.o
        32          0          0          0          0         68   llushr.o
        40          2          0          0          0         68   cdcmple.o
        40          2          0          0          0         68   cdrcmple.o
        20          0          0          0          0         68   cfcmple.o
        20          0          0          0          0         68   cfrcmple.o
        56          0          0          0          0         88   d2f.o
       334          0          0          0          0        148   dadd.o
       222          0          0          0          0        100   ddiv.o
       182          0          0          0          0        176   depilogue.o
        62          0          0          0          0         80   dfixi.o
        50          0          0          0          0         76   dfixui.o
        34          0          0          0          0         76   dflti.o
        26          0          0          0          0         76   dfltui.o
       228          0          0          0          0         96   dmul.o
        46          0          0          0          0         80   dscalb.o
       162          0          0          0          0        100   dsqrt.o
        38          0          0          0          0         68   f2d.o
       176          0          0          0          0        140   fadd.o
       124          0          0          0          0         88   fdiv.o
       110          0          0          0          0        168   fepilogue.o
        18          0          0          0          0         68   fflti.o
       100          0          0          0          0         76   fmul.o

    ----------------------------------------------------------------------
      4244        192        240          4          0       3068   Library Totals
         4          0          0          0          0          0   (incl. Padding)

    ----------------------------------------------------------------------

      Code (inc. data)   RO Data    RW Data    ZI Data      Debug   Library Name

      1870        166        240          0          0        752   m_ws.l
       282         22          0          4          0        340   mc_w.l
      2088          4          0          0          0       1976   mf_w.l

    ----------------------------------------------------------------------
      4244        192        240          4          0       3068   Library Totals

    ----------------------------------------------------------------------

==============================================================================


      Code (inc. data)   RO Data    RW Data    ZI Data      Debug   

     15192        584       3584        900       1124     275957   Grand Totals
     15192        584       3584        484       1124     275957   ELF Image Totals (compressed)
     15192        584       3584        484          0          0   ROM Totals

==============================================================================

    Total RO  Size (Code + RO Data)                18776 (  18.34kB)
    Total RW  Size (RW Data + ZI Data)              2024 (   1.98kB)
    Total ROM Size (Code + RO Data + RW Data)      19260 (  18.81kB)

==============================================================================

